Component: ARM Compiler 5.05 update 1 (build 106) Tool: armlink [4d0efa]

==============================================================================

Section Cross References

    main.o(.text) refers to _printf_pad.o(.text) for _printf_pre_padding
    main.o(.text) refers to _printf_percent.o(.ARM.Collect$$_printf_percent$$00000000) for _printf_percent
    main.o(.text) refers to _printf_d.o(.ARM.Collect$$_printf_percent$$00000009) for _printf_d
    main.o(.text) refers to _printf_dec.o(.text) for _printf_int_dec
    main.o(.text) refers to _printf_f.o(.ARM.Collect$$_printf_percent$$00000003) for _printf_f
    main.o(.text) refers to printf1.o(x$fpl$printf1) for _printf_fp_dec
    main.o(.text) refers to delay.o(.text) for delay_init
    main.o(.text) refers to motor.o(.text) for GPIO_Configuration
    main.o(.text) refers to usart.o(.text) for uart_init
    main.o(.text) refers to adc.o(.text) for Adc_Init
    main.o(.text) refers to oled_i2c.o(.text) for I2C_Configuration
    main.o(.text) refers to hmc5883l.o(.text) for I2C_GPIO_Config
    main.o(.text) refers to __2sprintf.o(.text) for __2sprintf
    main.o(.text) refers to hc05.o(.text) for HC05_Init
    main.o(.text) refers to timer.o(.text) for TIM2_Int_Init
    main.o(.text) refers to fflt_clz.o(x$fpl$ffltu) for __aeabi_ui2f
    main.o(.text) refers to f2d.o(x$fpl$f2d) for __aeabi_f2d
    main.o(.text) refers to dmul.o(x$fpl$dmul) for __aeabi_dmul
    main.o(.text) refers to d2f.o(x$fpl$d2f) for __aeabi_d2f
    main.o(.text) refers to ffixu.o(x$fpl$ffixu) for __aeabi_f2uiz
    main.o(.text) refers to faddsub_clz.o(x$fpl$frsb) for __aeabi_frsub
    main.o(.text) refers to fmul.o(x$fpl$fmul) for __aeabi_fmul
    main.o(.text) refers to ffix.o(x$fpl$ffix) for __aeabi_f2iz
    main.o(.text) refers to inf.o(.text) for dev
    main.o(.text) refers to pid.o(.text) for PID_calculate
    main.o(.text) refers to fflt_clz.o(x$fpl$fflt) for __aeabi_i2f
    main.o(.text) refers to timer.o(.data) for times
    main.o(.text) refers to main.o(.data) for times1
    main.o(.text) refers to usart2.o(.data) for USART2_RX_STA
    main.o(.text) refers to usart2.o(.bss) for USART2_RX_BUF
    main.o(.text) refers to hmc5883l.o(.data) for angle
    delay.o(.text) refers to misc.o(.text) for SysTick_CLKSourceConfig
    delay.o(.text) refers to system_stm32f10x.o(.data) for SystemCoreClock
    delay.o(.text) refers to delay.o(.data) for fac_us
    motor.o(.text) refers to stm32f10x_rcc.o(.text) for RCC_APB2PeriphClockCmd
    motor.o(.text) refers to stm32f10x_gpio.o(.text) for GPIO_Init
    motor.o(.text) refers to stm32f10x_tim.o(.text) for TIM_TimeBaseInit
    motor.o(.text) refers to motor.o(.data) for t1
    usart.o(.text) refers (Special) to use_no_semi_2.o(.text) for __use_no_semihosting
    usart.o(.text) refers to stm32f10x_rcc.o(.text) for RCC_APB2PeriphClockCmd
    usart.o(.text) refers to stm32f10x_gpio.o(.text) for GPIO_Init
    usart.o(.text) refers to misc.o(.text) for NVIC_Init
    usart.o(.text) refers to stm32f10x_usart.o(.text) for USART_Init
    usart.o(.text) refers to dflt_clz.o(x$fpl$dflt) for __aeabi_i2d
    usart.o(.text) refers to dmul.o(x$fpl$dmul) for __aeabi_dmul
    usart.o(.text) refers to daddsub_clz.o(x$fpl$dadd) for __aeabi_dadd
    usart.o(.text) refers to usart.o(.data) for oycq_fifo
    usart.o(.bss) refers (Special) to use_no_semi_2.o(.text) for __use_no_semihosting
    usart.o(.data) refers (Special) to use_no_semi_2.o(.text) for __use_no_semihosting
    system_stm32f10x.o(.text) refers to system_stm32f10x.o(.data) for SystemCoreClock
    stm32f10x_rcc.o(.text) refers to stm32f10x_rcc.o(.data) for APBAHBPrescTable
    stm32f10x_gpio.o(.text) refers to stm32f10x_rcc.o(.text) for RCC_APB2PeriphResetCmd
    stm32f10x_i2c.o(.text) refers to stm32f10x_rcc.o(.text) for RCC_APB1PeriphResetCmd
    stm32f10x_tim.o(.text) refers to stm32f10x_rcc.o(.text) for RCC_APB2PeriphResetCmd
    stm32f10x_usart.o(.text) refers to stm32f10x_rcc.o(.text) for RCC_APB2PeriphResetCmd
    stm32f10x_adc.o(.text) refers to stm32f10x_rcc.o(.text) for RCC_APB2PeriphResetCmd
    startup_stm32f10x_hd.o(STACK) refers (Special) to heapauxi.o(.text) for __use_two_region_memory
    startup_stm32f10x_hd.o(HEAP) refers (Special) to heapauxi.o(.text) for __use_two_region_memory
    startup_stm32f10x_hd.o(RESET) refers (Special) to heapauxi.o(.text) for __use_two_region_memory
    startup_stm32f10x_hd.o(RESET) refers to startup_stm32f10x_hd.o(STACK) for __initial_sp
    startup_stm32f10x_hd.o(RESET) refers to startup_stm32f10x_hd.o(.text) for Reset_Handler
    startup_stm32f10x_hd.o(RESET) refers to stm32f10x_it.o(.text) for NMI_Handler
    startup_stm32f10x_hd.o(RESET) refers to timer.o(.text) for TIM2_IRQHandler
    startup_stm32f10x_hd.o(RESET) refers to usart2.o(.text) for TIM4_IRQHandler
    startup_stm32f10x_hd.o(RESET) refers to usart.o(.text) for USART1_IRQHandler
    startup_stm32f10x_hd.o(.text) refers (Special) to heapauxi.o(.text) for __use_two_region_memory
[...]
    __rt_lib_init_lc_common                  0x08000277   Thumb Code     0  libinit2.o(.ARM.Collect$$libinit$$0000000F)
    __rt_lib_init_preinit_1                  0x08000277   Thumb Code     0  libinit2.o(.ARM.Collect$$libinit$$00000004)
    __rt_lib_init_rand_1                     0x08000277   Thumb Code     0  libinit2.o(.ARM.Collect$$libinit$$0000000E)
    __rt_lib_init_user_alloc_1               0x08000277   Thumb Code     0  libinit2.o(.ARM.Collect$$libinit$$0000000C)
    __rt_lib_init_lc_collate_1               0x0800027d   Thumb Code     0  libinit2.o(.ARM.Collect$$libinit$$00000011)
    __rt_lib_init_lc_ctype_2                 0x0800027d   Thumb Code     0  libinit2.o(.ARM.Collect$$libinit$$00000012)
    __rt_lib_init_lc_ctype_1                 0x08000289   Thumb Code     0  libinit2.o(.ARM.Collect$$libinit$$00000013)
    __rt_lib_init_lc_monetary_1              0x08000289   Thumb Code     0  libinit2.o(.ARM.Collect$$libinit$$00000015)
    __rt_lib_init_lc_numeric_2               0x08000289   Thumb Code     0  libinit2.o(.ARM.Collect$$libinit$$00000016)
    __rt_lib_init_alloca_1                   0x08000293   Thumb Code     0  libinit2.o(.ARM.Collect$$libinit$$0000002E)
    __rt_lib_init_argv_1                     0x08000293   Thumb Code     0  libinit2.o(.ARM.Collect$$libinit$$0000002C)
    __rt_lib_init_atexit_1                   0x08000293   Thumb Code     0  libinit2.o(.ARM.Collect$$libinit$$0000001B)
    __rt_lib_init_clock_1                    0x08000293   Thumb Code     0  libinit2.o(.ARM.Collect$$libinit$$00000021)
    __rt_lib_init_cpp_1                      0x08000293   Thumb Code     0  libinit2.o(.ARM.Collect$$libinit$$00000032)
    __rt_lib_init_exceptions_1               0x08000293   Thumb Code     0  libinit2.o(.ARM.Collect$$libinit$$00000030)
    __rt_lib_init_fp_trap_1                  0x08000293   Thumb Code     0  libinit2.o(.ARM.Collect$$libinit$$0000001F)
    __rt_lib_init_getenv_1                   0x08000293   Thumb Code     0  libinit2.o(.ARM.Collect$$libinit$$00000023)
    __rt_lib_init_lc_numeric_1               0x08000293   Thumb Code     0  libinit2.o(.ARM.Collect$$libinit$$00000017)
    __rt_lib_init_lc_time_1                  0x08000293   Thumb Code     0  libinit2.o(.ARM.Collect$$libinit$$00000019)
    __rt_lib_init_return                     0x08000293   Thumb Code     0  libinit2.o(.ARM.Collect$$libinit$$00000033)
    __rt_lib_init_signal_1                   0x08000293   Thumb Code     0  libinit2.o(.ARM.Collect$$libinit$$0000001D)
    __rt_lib_init_stdio_1                    0x08000293   Thumb Code     0  libinit2.o(.ARM.Collect$$libinit$$00000025)
    __rt_lib_shutdown                        0x08000295   Thumb Code     0  libshutdown.o(.ARM.Collect$$libshutdown$$00000000)
    __rt_lib_shutdown_fp_trap_1              0x08000297   Thumb Code     0  libshutdown2.o(.ARM.Collect$$libshutdown$$00000006)
    __rt_lib_shutdown_heap_1                 0x08000297   Thumb Code     0  libshutdown2.o(.ARM.Collect$$libshutdown$$0000000E)
    __rt_lib_shutdown_return                 0x08000297   Thumb Code     0  libshutdown2.o(.ARM.Collect$$libshutdown$$0000000F)
    __rt_lib_shutdown_signal_1               0x08000297   Thumb Code     0  libshutdown2.o(.ARM.Collect$$libshutdown$$00000009)
    __rt_lib_shutdown_stdio_1                0x08000297   Thumb Code     0  libshutdown2.o(.ARM.Collect$$libshutdown$$00000003)
    __rt_lib_shutdown_user_alloc_1           0x08000297   Thumb Code     0  libshutdown2.o(.ARM.Collect$$libshutdown$$0000000B)
    __rt_entry                               0x08000299   Thumb Code     0  __rtentry.o(.ARM.Collect$$rtentry$$00000000)
    __rt_entry_presh_1                       0x08000299   Thumb Code     0  __rtentry2.o(.ARM.Collect$$rtentry$$00000002)
    __rt_entry_sh                            0x08000299   Thumb Code     0  __rtentry4.o(.ARM.Collect$$rtentry$$00000004)
    __rt_entry_li                            0x0800029f   Thumb Code     0  __rtentry2.o(.ARM.Collect$$rtentry$$0000000A)
    __rt_entry_postsh_1                      0x0800029f   Thumb Code     0  __rtentry2.o(.ARM.Collect$$rtentry$$00000009)
    __rt_entry_main                          0x080002a3   Thumb Code     0  __rtentry2.o(.ARM.Collect$$rtentry$$0000000D)
    __rt_entry_postli_1                      0x080002a3   Thumb Code     0  __rtentry2.o(.ARM.Collect$$rtentry$$0000000C)
    __rt_exit                                0x080002ab   Thumb Code     0  rtexit.o(.ARM.Collect$$rtexit$$00000000)
    __rt_exit_ls                             0x080002ad   Thumb Code     0  rtexit2.o(.ARM.Collect$$rtexit$$00000003)
    __rt_exit_prels_1                        0x080002ad   Thumb Code     0  rtexit2.o(.ARM.Collect$$rtexit$$00000002)
    __rt_exit_exit                           0x080002b1   Thumb Code     0  rtexit2.o(.ARM.Collect$$rtexit$$00000004)
    main                                     0x080002b9   Thumb Code   432  main.o(.text)
    delay_init                               0x080004f1   Thumb Code    50  delay.o(.text)
    delay_us                                 0x08000523   Thumb Code    72  delay.o(.text)
    delay_ms                                 0x0800056b   Thumb Code    72  delay.o(.text)
    GPIO_Configuration                       0x080005c5   Thumb Code    64  motor.o(.text)
    PWM_Configuration                        0x08000605   Thumb Code   168  motor.o(.text)
    Pulse                                    0x080006ad   Thumb Code   138  motor.o(.text)
    go                                       0x08000737   Thumb Code    52  motor.o(.text)
    _sys_exit                                0x08000781   Thumb Code     6  usart.o(.text)
    fputc                                    0x08000787   Thumb Code    24  usart.o(.text)
    uart_init                                0x0800079f   Thumb Code   152  usart.o(.text)
    change_fifo                              0x08000837   Thumb Code   174  usart.o(.text)
    USART1_IRQHandler                        0x080008e5   Thumb Code   120  usart.o(.text)
    NMI_Handler                              0x08000981   Thumb Code     2  stm32f10x_it.o(.text)
    HardFault_Handler                        0x08000983   Thumb Code     4  stm32f10x_it.o(.text)
    MemManage_Handler                        0x08000987   Thumb Code     4  stm32f10x_it.o(.text)
    BusFault_Handler                         0x0800098b   Thumb Code     4  stm32f10x_it.o(.text)
    UsageFault_Handler                       0x0800098f   Thumb Code     4  stm32f10x_it.o(.text)
    SVC_Handler                              0x08000993   Thumb Code     2  stm32f10x_it.o(.text)
    DebugMon_Handler                         0x08000995   Thumb Code     2  stm32f10x_it.o(.text)
    PendSV_Handler                           0x08000997   Thumb Code     2  stm32f10x_it.o(.text)
    SysTick_Handler                          0x08000999   Thumb Code     2  stm32f10x_it.o(.text)
    NVIC_PriorityGroupConfig                 0x0800099d   Thumb Code    10  misc.o(.text)
    NVIC_Init                                0x080009a7   Thumb Code   100  misc.o(.text)
    NVIC_SetVectorTable                      0x08000a0b   Thumb Code    14  misc.o(.text)
    NVIC_SystemLPConfig                      0x08000a19   Thumb Code    34  misc.o(.text)
    SysTick_CLKSourceConfig                  0x08000a3b   Thumb Code    40  misc.o(.text)
    SystemInit                               0x08000b57   Thumb Code    78  system_stm32f10x.o(.text)
    SystemCoreClockUpdate                    0x08000ba5   Thumb Code   142  system_stm32f10x.o(.text)
    RCC_DeInit                               0x08000c59   Thumb Code    64  stm32f10x_rcc.o(.text)
    RCC_HSEConfig                            0x08000c99   Thumb Code    70  stm32f10x_rcc.o(.text)
    RCC_GetFlagStatus                        0x08000cdf   Thumb Code    56  stm32f10x_rcc.o(.text)
    RCC_WaitForHSEStartUp                    0x08000d17   Thumb Code    56  stm32f10x_rcc.o(.text)
    RCC_AdjustHSICalibrationValue            0x08000d4f   Thumb Code    20  stm32f10x_rcc.o(.text)
    RCC_HSICmd                               0x08000d63   Thumb Code     6  stm32f10x_rcc.o(.text)
    RCC_PLLConfig                            0x08000d69   Thumb Code    24  stm32f10x_rcc.o(.text)
    RCC_PLLCmd                               0x08000d81   Thumb Code     6  stm32f10x_rcc.o(.text)
    RCC_SYSCLKConfig                         0x08000d87   Thumb Code    18  stm32f10x_rcc.o(.text)
    RCC_GetSYSCLKSource                      0x08000d99   Thumb Code    10  stm32f10x_rcc.o(.text)
    RCC_HCLKConfig                           0x08000da3   Thumb Code    18  stm32f10x_rcc.o(.text)
    RCC_PCLK1Config                          0x08000db5   Thumb Code    18  stm32f10x_rcc.o(.text)
    RCC_PCLK2Config                          0x08000dc7   Thumb Code    20  stm32f10x_rcc.o(.text)
    RCC_ITConfig                             0x08000ddb   Thumb Code    26  stm32f10x_rcc.o(.text)
    RCC_USBCLKConfig                         0x08000df5   Thumb Code     8  stm32f10x_rcc.o(.text)
    RCC_ADCCLKConfig                         0x08000dfd   Thumb Code    18  stm32f10x_rcc.o(.text)
    RCC_LSEConfig                            0x08000e0f   Thumb Code    50  stm32f10x_rcc.o(.text)
    RCC_LSICmd                               0x08000e41   Thumb Code     6  stm32f10x_rcc.o(.text)
    RCC_RTCCLKConfig                         0x08000e47   Thumb Code    12  stm32f10x_rcc.o(.text)
    RCC_RTCCLKCmd                            0x08000e53   Thumb Code     8  stm32f10x_rcc.o(.text)
    RCC_GetClocksFreq                        0x08000e5b   Thumb Code   192  stm32f10x_rcc.o(.text)
    RCC_AHBPeriphClockCmd                    0x08000f1b   Thumb Code    26  stm32f10x_rcc.o(.text)
    RCC_APB2PeriphClockCmd                   0x08000f35   Thumb Code    26  stm32f10x_rcc.o(.text)
    RCC_APB1PeriphClockCmd                   0x08000f4f   Thumb Code    26  stm32f10x_rcc.o(.text)
    RCC_APB2PeriphResetCmd                   0x08000f69   Thumb Code    26  stm32f10x_rcc.o(.text)
    RCC_APB1PeriphResetCmd                   0x08000f83   Thumb Code    26  stm32f10x_rcc.o(.text)
    RCC_BackupResetCmd                       0x08000f9d   Thumb Code     8  stm32f10x_rcc.o(.text)
    RCC_ClockSecuritySystemCmd               0x08000fa5   Thumb Code     6  stm32f10x_rcc.o(.text)
    RCC_MCOConfig                            0x08000fab   Thumb Code     6  stm32f10x_rcc.o(.text)
    RCC_ClearFlag                            0x08000fb1   Thumb Code    14  stm32f10x_rcc.o(.text)
    RCC_GetITStatus                          0x08000fbf   Thumb Code    20  stm32f10x_rcc.o(.text)
    RCC_ClearITPendingBit                    0x08000fd3   Thumb Code     6  stm32f10x_rcc.o(.text)
    GPIO_DeInit                              0x08000ffd   Thumb Code   172  stm32f10x_gpio.o(.text)
    GPIO_AFIODeInit                          0x080010a9   Thumb Code    20  stm32f10x_gpio.o(.text)
    GPIO_Init                                0x080010bd   Thumb Code   278  stm32f10x_gpio.o(.text)
    GPIO_StructInit                          0x080011d3   Thumb Code    16  stm32f10x_gpio.o(.text)
    GPIO_ReadInputDataBit                    0x080011e3   Thumb Code    18  stm32f10x_gpio.o(.text)
    GPIO_ReadInputData                       0x080011f5   Thumb Code     8  stm32f10x_gpio.o(.text)
    GPIO_ReadOutputDataBit                   0x080011fd   Thumb Code    18  stm32f10x_gpio.o(.text)
    GPIO_ReadOutputData                      0x0800120f   Thumb Code     8  stm32f10x_gpio.o(.text)
    GPIO_SetBits                             0x08001217   Thumb Code     4  stm32f10x_gpio.o(.text)
    GPIO_ResetBits                           0x0800121b   Thumb Code     4  stm32f10x_gpio.o(.text)
    GPIO_WriteBit                            0x0800121f   Thumb Code    10  stm32f10x_gpio.o(.text)
    GPIO_Write                               0x08001229   Thumb Code     4  stm32f10x_gpio.o(.text)
    GPIO_PinLockConfig                       0x0800122d   Thumb Code    18  stm32f10x_gpio.o(.text)
    GPIO_EventOutputConfig                   0x0800123f   Thumb Code    26  stm32f10x_gpio.o(.text)
    GPIO_EventOutputCmd                      0x08001259   Thumb Code     6  stm32f10x_gpio.o(.text)
    GPIO_PinRemapConfig                      0x0800125f   Thumb Code   138  stm32f10x_gpio.o(.text)
    GPIO_EXTILineConfig                      0x080012e9   Thumb Code    66  stm32f10x_gpio.o(.text)
    GPIO_ETH_MediaInterfaceConfig            0x0800132b   Thumb Code     8  stm32f10x_gpio.o(.text)
    I2C_DeInit                               0x08001359   Thumb Code    50  stm32f10x_i2c.o(.text)
    I2C_Init                                 0x0800138b   Thumb Code   222  stm32f10x_i2c.o(.text)
    I2C_StructInit                           0x08001469   Thumb Code    30  stm32f10x_i2c.o(.text)
    I2C_Cmd                                  0x08001487   Thumb Code    24  stm32f10x_i2c.o(.text)
    I2C_DMACmd                               0x0800149f   Thumb Code    24  stm32f10x_i2c.o(.text)
    I2C_DMALastTransferCmd                   0x080014b7   Thumb Code    24  stm32f10x_i2c.o(.text)
    I2C_GenerateSTART                        0x080014cf   Thumb Code    24  stm32f10x_i2c.o(.text)
    I2C_GenerateSTOP                         0x080014e7   Thumb Code    24  stm32f10x_i2c.o(.text)
    I2C_AcknowledgeConfig                    0x080014ff   Thumb Code    24  stm32f10x_i2c.o(.text)
    I2C_OwnAddress2Config                    0x08001517   Thumb Code    22  stm32f10x_i2c.o(.text)
    I2C_DualAddressCmd                       0x0800152d   Thumb Code    24  stm32f10x_i2c.o(.text)
    I2C_GeneralCallCmd                       0x08001545   Thumb Code    24  stm32f10x_i2c.o(.text)
    I2C_ITConfig                             0x0800155d   Thumb Code    18  stm32f10x_i2c.o(.text)
    I2C_SendData                             0x0800156f   Thumb Code     4  stm32f10x_i2c.o(.text)
    I2C_ReceiveData                          0x08001573   Thumb Code     8  stm32f10x_i2c.o(.text)
    I2C_Send7bitAddress                      0x0800157b   Thumb Code    18  stm32f10x_i2c.o(.text)
    I2C_ReadRegister                         0x0800158d   Thumb Code    22  stm32f10x_i2c.o(.text)
    I2C_SoftwareResetCmd                     0x080015a3   Thumb Code    22  stm32f10x_i2c.o(.text)
    I2C_NACKPositionConfig                   0x080015b9   Thumb Code    28  stm32f10x_i2c.o(.text)
    I2C_SMBusAlertConfig                     0x080015d5   Thumb Code    28  stm32f10x_i2c.o(.text)
    I2C_TransmitPEC                          0x080015f1   Thumb Code    24  stm32f10x_i2c.o(.text)
    I2C_PECPositionConfig                    0x08001609   Thumb Code    28  stm32f10x_i2c.o(.text)
    I2C_CalculatePEC                         0x08001625   Thumb Code    24  stm32f10x_i2c.o(.text)
    I2C_GetPEC                               0x0800163d   Thumb Code     8  stm32f10x_i2c.o(.text)
    I2C_ARPCmd                               0x08001645   Thumb Code    24  stm32f10x_i2c.o(.text)
    I2C_StretchClockCmd                      0x0800165d   Thumb Code    24  stm32f10x_i2c.o(.text)
    I2C_FastModeDutyCycleConfig              0x08001675   Thumb Code    28  stm32f10x_i2c.o(.text)
    I2C_CheckEvent                           0x08001691   Thumb Code    42  stm32f10x_i2c.o(.text)
    I2C_GetLastEvent                         0x080016bb   Thumb Code    26  stm32f10x_i2c.o(.text)
    I2C_GetFlagStatus                        0x080016d5   Thumb Code    58  stm32f10x_i2c.o(.text)
    I2C_ClearFlag                            0x0800170f   Thumb Code    12  stm32f10x_i2c.o(.text)
    I2C_GetITStatus                          0x0800171b   Thumb Code    54  stm32f10x_i2c.o(.text)
    I2C_ClearITPendingBit                    0x08001751   Thumb Code    12  stm32f10x_i2c.o(.text)
    TIM_DeInit                               0x0800175d   Thumb Code   424  stm32f10x_tim.o(.text)
    TIM_TimeBaseInit                         0x08001905   Thumb Code   122  stm32f10x_tim.o(.text)
    TIM_OC1Init                              0x0800197f   Thumb Code   132  stm32f10x_tim.o(.text)
    TIM_OC2Init                              0x08001a03   Thumb Code   154  stm32f10x_tim.o(.text)
    TIM_OC3Init                              0x08001a9d   Thumb Code   150  stm32f10x_tim.o(.text)
    TIM_OC4Init                              0x08001b33   Thumb Code   182  stm32f10x_tim.o(.text)
    TIM_SetIC4Prescaler                      0x08001be9   Thumb Code    26  stm32f10x_tim.o(.text)
    TIM_SetIC3Prescaler                      0x08001c85   Thumb Code    18  stm32f10x_tim.o(.text)
    TIM_SetIC2Prescaler                      0x08001d11   Thumb Code    26  stm32f10x_tim.o(.text)
    TIM_SetIC1Prescaler                      0x08001dad   Thumb Code    18  stm32f10x_tim.o(.text)
    TIM_ICInit                               0x08001e2b   Thumb Code   150  stm32f10x_tim.o(.text)
    TIM_PWMIConfig                           0x08001ec1   Thumb Code   124  stm32f10x_tim.o(.text)
    TIM_BDTRConfig                           0x08001f3d   Thumb Code    32  stm32f10x_tim.o(.text)
    TIM_TimeBaseStructInit                   0x08001f5d   Thumb Code    18  stm32f10x_tim.o(.text)
    TIM_OCStructInit                         0x08001f6f   Thumb Code    20  stm32f10x_tim.o(.text)
    TIM_ICStructInit                         0x08001f83   Thumb Code    18  stm32f10x_tim.o(.text)
    TIM_BDTRStructInit                       0x08001f95   Thumb Code    40  stm32f10x_tim.o(.text)
    TIM_Cmd                                  0x08001fbd   Thumb Code    24  stm32f10x_tim.o(.text)
    TIM_CtrlPWMOutputs                       0x08001fd5   Thumb Code    30  stm32f10x_tim.o(.text)
    TIM_ITConfig                             0x08001ff3   Thumb Code    18  stm32f10x_tim.o(.text)
    TIM_GenerateEvent                        0x08002005   Thumb Code     4  stm32f10x_tim.o(.text)
    TIM_DMAConfig                            0x08002009   Thumb Code    10  stm32f10x_tim.o(.text)
    TIM_DMACmd                               0x08002013   Thumb Code    18  stm32f10x_tim.o(.text)
    TIM_InternalClockConfig                  0x08002025   Thumb Code    12  stm32f10x_tim.o(.text)
    TIM_SelectInputTrigger                   0x08002031   Thumb Code    18  stm32f10x_tim.o(.text)
    TIM_ITRxExternalClockConfig              0x08002043   Thumb Code    24  stm32f10x_tim.o(.text)
    TIM_TIxExternalClockConfig               0x0800205b   Thumb Code    62  stm32f10x_tim.o(.text)
    TIM_ETRConfig                            0x08002099   Thumb Code    28  stm32f10x_tim.o(.text)
    TIM_ETRClockMode1Config                  0x080020b5   Thumb Code    54  stm32f10x_tim.o(.text)
    TIM_ETRClockMode2Config                  0x080020eb   Thumb Code    32  stm32f10x_tim.o(.text)
    TIM_PrescalerConfig                      0x0800210b   Thumb Code     6  stm32f10x_tim.o(.text)
    TIM_CounterModeConfig                    0x08002111   Thumb Code    18  stm32f10x_tim.o(.text)
    TIM_EncoderInterfaceConfig               0x08002123   Thumb Code    66  stm32f10x_tim.o(.text)
    TIM_ForcedOC1Config                      0x08002165   Thumb Code    18  stm32f10x_tim.o(.text)
    TIM_ForcedOC2Config                      0x08002177   Thumb Code    26  stm32f10x_tim.o(.text)
    TIM_ForcedOC3Config                      0x08002191   Thumb Code    18  stm32f10x_tim.o(.text)
    TIM_ForcedOC4Config                      0x080021a3   Thumb Code    26  stm32f10x_tim.o(.text)
    TIM_ARRPreloadConfig                     0x080021bd   Thumb Code    24  stm32f10x_tim.o(.text)
    TIM_SelectCOM                            0x080021d5   Thumb Code    24  stm32f10x_tim.o(.text)
    TIM_SelectCCDMA                          0x080021ed   Thumb Code    24  stm32f10x_tim.o(.text)
    TIM_CCPreloadControl                     0x08002205   Thumb Code    24  stm32f10x_tim.o(.text)
    TIM_OC1PreloadConfig                     0x0800221d   Thumb Code    18  stm32f10x_tim.o(.text)
    TIM_OC2PreloadConfig                     0x0800222f   Thumb Code    26  stm32f10x_tim.o(.text)
    TIM_OC3PreloadConfig                     0x08002249   Thumb Code    18  stm32f10x_tim.o(.text)
    TIM_OC4PreloadConfig                     0x0800225b   Thumb Code    26  stm32f10x_tim.o(.text)
    TIM_OC1FastConfig                        0x08002275   Thumb Code    18  stm32f10x_tim.o(.text)
    TIM_OC2FastConfig                        0x08002287   Thumb Code    26  stm32f10x_tim.o(.text)
    TIM_OC3FastConfig                        0x080022a1   Thumb Code    18  stm32f10x_tim.o(.text)
    TIM_OC4FastConfig                        0x080022b3   Thumb Code    26  stm32f10x_tim.o(.text)
    TIM_ClearOC1Ref                          0x080022cd   Thumb Code    18  stm32f10x_tim.o(.text)
    TIM_ClearOC2Ref                          0x080022df   Thumb Code    24  stm32f10x_tim.o(.text)
    TIM_ClearOC3Ref                          0x080022f7   Thumb Code    18  stm32f10x_tim.o(.text)
    TIM_ClearOC4Ref                          0x08002309   Thumb Code    24  stm32f10x_tim.o(.text)
    TIM_OC1PolarityConfig                    0x08002321   Thumb Code    18  stm32f10x_tim.o(.text)
    TIM_OC1NPolarityConfig                   0x08002333   Thumb Code    18  stm32f10x_tim.o(.text)
    TIM_OC2PolarityConfig                    0x08002345   Thumb Code    26  stm32f10x_tim.o(.text)
    TIM_OC2NPolarityConfig                   0x0800235f   Thumb Code    26  stm32f10x_tim.o(.text)
    TIM_OC3PolarityConfig                    0x08002379   Thumb Code    26  stm32f10x_tim.o(.text)
    TIM_OC3NPolarityConfig                   0x08002393   Thumb Code    26  stm32f10x_tim.o(.text)
    TIM_OC4PolarityConfig                    0x080023ad   Thumb Code    26  stm32f10x_tim.o(.text)
    TIM_CCxCmd                               0x080023c7   Thumb Code    30  stm32f10x_tim.o(.text)
    TIM_CCxNCmd                              0x080023e5   Thumb Code    30  stm32f10x_tim.o(.text)
    TIM_SelectOCxM                           0x08002403   Thumb Code    82  stm32f10x_tim.o(.text)
    TIM_UpdateDisableConfig                  0x08002455   Thumb Code    24  stm32f10x_tim.o(.text)
    TIM_UpdateRequestConfig                  0x0800246d   Thumb Code    24  stm32f10x_tim.o(.text)
    TIM_SelectHallSensor                     0x08002485   Thumb Code    24  stm32f10x_tim.o(.text)
    TIM_SelectOnePulseMode                   0x0800249d   Thumb Code    18  stm32f10x_tim.o(.text)
    TIM_SelectOutputTrigger                  0x080024af   Thumb Code    18  stm32f10x_tim.o(.text)
    TIM_SelectSlaveMode                      0x080024c1   Thumb Code    18  stm32f10x_tim.o(.text)
    TIM_SelectMasterSlaveMode                0x080024d3   Thumb Code    18  stm32f10x_tim.o(.text)
    TIM_SetCounter                           0x080024e5   Thumb Code     4  stm32f10x_tim.o(.text)
    TIM_SetAutoreload                        0x080024e9   Thumb Code     4  stm32f10x_tim.o(.text)
    TIM_SetCompare1                          0x080024ed   Thumb Code     4  stm32f10x_tim.o(.text)
    TIM_SetCompare2                          0x080024f1   Thumb Code     4  stm32f10x_tim.o(.text)
    TIM_SetCompare3                          0x080024f5   Thumb Code     4  stm32f10x_tim.o(.text)
    TIM_SetCompare4                          0x080024f9   Thumb Code     6  stm32f10x_tim.o(.text)
    TIM_SetClockDivision                     0x080024ff   Thumb Code    18  stm32f10x_tim.o(.text)
    TIM_GetCapture1                          0x08002511   Thumb Code     6  stm32f10x_tim.o(.text)
    TIM_GetCapture2                          0x08002517   Thumb Code     6  stm32f10x_tim.o(.text)
    TIM_GetCapture3                          0x0800251d   Thumb Code     6  stm32f10x_tim.o(.text)
    TIM_GetCapture4                          0x08002523   Thumb Code     8  stm32f10x_tim.o(.text)
    TIM_GetCounter                           0x0800252b   Thumb Code     6  stm32f10x_tim.o(.text)
    TIM_GetPrescaler                         0x08002531   Thumb Code     6  stm32f10x_tim.o(.text)
    TIM_GetFlagStatus                        0x08002537   Thumb Code    18  stm32f10x_tim.o(.text)
    TIM_ClearFlag                            0x08002549   Thumb Code     6  stm32f10x_tim.o(.text)
    TIM_GetITStatus                          0x0800254f   Thumb Code    34  stm32f10x_tim.o(.text)
    TIM_ClearITPendingBit                    0x08002571   Thumb Code     6  stm32f10x_tim.o(.text)
    USART_DeInit                             0x08002579   Thumb Code   134  stm32f10x_usart.o(.text)
    USART_Init                               0x080025ff   Thumb Code   210  stm32f10x_usart.o(.text)
    USART_StructInit                         0x080026d1   Thumb Code    24  stm32f10x_usart.o(.text)
    USART_ClockInit                          0x080026e9   Thumb Code    34  stm32f10x_usart.o(.text)
    USART_ClockStructInit                    0x0800270b   Thumb Code    12  stm32f10x_usart.o(.text)
    USART_Cmd                                0x08002717   Thumb Code    24  stm32f10x_usart.o(.text)
    USART_ITConfig                           0x0800272f   Thumb Code    74  stm32f10x_usart.o(.text)
    USART_DMACmd                             0x08002779   Thumb Code    18  stm32f10x_usart.o(.text)
    USART_SetAddress                         0x0800278b   Thumb Code    18  stm32f10x_usart.o(.text)
    USART_WakeUpConfig                       0x0800279d   Thumb Code    18  stm32f10x_usart.o(.text)
    USART_ReceiverWakeUpCmd                  0x080027af   Thumb Code    24  stm32f10x_usart.o(.text)
    USART_LINBreakDetectLengthConfig         0x080027c7   Thumb Code    18  stm32f10x_usart.o(.text)
    USART_LINCmd                             0x080027d9   Thumb Code    24  stm32f10x_usart.o(.text)
    USART_SendData                           0x080027f1   Thumb Code     8  stm32f10x_usart.o(.text)
    USART_ReceiveData                        0x080027f9   Thumb Code    10  stm32f10x_usart.o(.text)
    USART_SendBreak                          0x08002803   Thumb Code    10  stm32f10x_usart.o(.text)
    USART_SetGuardTime                       0x0800280d   Thumb Code    16  stm32f10x_usart.o(.text)
    USART_SetPrescaler                       0x0800281d   Thumb Code    16  stm32f10x_usart.o(.text)
    USART_SmartCardCmd                       0x0800282d   Thumb Code    24  stm32f10x_usart.o(.text)
    USART_SmartCardNACKCmd                   0x08002845   Thumb Code    24  stm32f10x_usart.o(.text)
    USART_HalfDuplexCmd                      0x0800285d   Thumb Code    24  stm32f10x_usart.o(.text)
    USART_OverSampling8Cmd                   0x08002875   Thumb Code    22  stm32f10x_usart.o(.text)
    USART_OneBitMethodCmd                    0x0800288b   Thumb Code    24  stm32f10x_usart.o(.text)
    USART_IrDAConfig                         0x080028a3   Thumb Code    18  stm32f10x_usart.o(.text)
    USART_IrDACmd                            0x080028b5   Thumb Code    24  stm32f10x_usart.o(.text)
    USART_GetFlagStatus                      0x080028cd   Thumb Code    26  stm32f10x_usart.o(.text)
    USART_ClearFlag                          0x080028e7   Thumb Code    18  stm32f10x_usart.o(.text)
    USART_GetITStatus                        0x080028f9   Thumb Code    84  stm32f10x_usart.o(.text)
    USART_ClearITPendingBit                  0x0800294d   Thumb Code    52  stm32f10x_usart.o(.text)
    ADC_DeInit                               0x08002981   Thumb Code    78  stm32f10x_adc.o(.text)
    ADC_Init                                 0x080029cf   Thumb Code    70  stm32f10x_adc.o(.text)
    ADC_StructInit                           0x08002a15   Thumb Code    18  stm32f10x_adc.o(.text)
    ADC_Cmd                                  0x08002a27   Thumb Code    22  stm32f10x_adc.o(.text)
    ADC_DMACmd                               0x08002a3d   Thumb Code    22  stm32f10x_adc.o(.text)
    ADC_ITConfig                             0x08002a53   Thumb Code    24  stm32f10x_adc.o(.text)
    ADC_ResetCalibration                     0x08002a6b   Thumb Code    10  stm32f10x_adc.o(.text)
    ADC_GetResetCalibrationStatus            0x08002a75   Thumb Code    20  stm32f10x_adc.o(.text)
    ADC_StartCalibration                     0x08002a89   Thumb Code    10  stm32f10x_adc.o(.text)
    ADC_GetCalibrationStatus                 0x08002a93   Thumb Code    20  stm32f10x_adc.o(.text)
    ADC_SoftwareStartConvCmd                 0x08002aa7   Thumb Code    22  stm32f10x_adc.o(.text)
    ADC_GetSoftwareStartConvStatus           0x08002abd   Thumb Code    20  stm32f10x_adc.o(.text)
    ADC_DiscModeChannelCountConfig           0x08002ad1   Thumb Code    24  stm32f10x_adc.o(.text)
    ADC_DiscModeCmd                          0x08002ae9   Thumb Code    22  stm32f10x_adc.o(.text)
    ADC_RegularChannelConfig                 0x08002aff   Thumb Code   184  stm32f10x_adc.o(.text)
    ADC_ExternalTrigConvCmd                  0x08002bb7   Thumb Code    22  stm32f10x_adc.o(.text)
    ADC_GetConversionValue                   0x08002bcd   Thumb Code     8  stm32f10x_adc.o(.text)
    ADC_GetDualModeConversionValue           0x08002bd5   Thumb Code     8  stm32f10x_adc.o(.text)
    ADC_AutoInjectedConvCmd                  0x08002bdd   Thumb Code    22  stm32f10x_adc.o(.text)
    ADC_InjectedDiscModeCmd                  0x08002bf3   Thumb Code    22  stm32f10x_adc.o(.text)
    ADC_ExternalTrigInjectedConvConfig       0x08002c09   Thumb Code    16  stm32f10x_adc.o(.text)
    ADC_ExternalTrigInjectedConvCmd          0x08002c19   Thumb Code    22  stm32f10x_adc.o(.text)
    ADC_SoftwareStartInjectedConvCmd         0x08002c2f   Thumb Code    22  stm32f10x_adc.o(.text)
    ADC_GetSoftwareStartInjectedConvCmdStatus 0x08002c45   Thumb Code    20  stm32f10x_adc.o(.text)
    ADC_InjectedChannelConfig                0x08002c59   Thumb Code   130  stm32f10x_adc.o(.text)
    ADC_InjectedSequencerLengthConfig        0x08002cdb   Thumb Code    24  stm32f10x_adc.o(.text)
    ADC_SetInjectedOffset                    0x08002cf3   Thumb Code    20  stm32f10x_adc.o(.text)
    ADC_GetInjectedConversionValue           0x08002d07   Thumb Code    28  stm32f10x_adc.o(.text)
    ADC_AnalogWatchdogCmd                    0x08002d23   Thumb Code    16  stm32f10x_adc.o(.text)
    ADC_AnalogWatchdogThresholdsConfig       0x08002d33   Thumb Code     6  stm32f10x_adc.o(.text)
    ADC_AnalogWatchdogSingleChannelConfig    0x08002d39   Thumb Code    16  stm32f10x_adc.o(.text)
    ADC_TempSensorVrefintCmd                 0x08002d49   Thumb Code    64  stm32f10x_adc.o(.text)
    ADC_GetFlagStatus                        0x08002d89   Thumb Code    18  stm32f10x_adc.o(.text)
    ADC_ClearFlag                            0x08002d9b   Thumb Code     6  stm32f10x_adc.o(.text)
    ADC_GetITStatus                          0x08002da1   Thumb Code    36  stm32f10x_adc.o(.text)
    ADC_ClearITPendingBit                    0x08002dc5   Thumb Code    10  stm32f10x_adc.o(.text)
    DMA_DeInit                               0x08002dd1   Thumb Code   324  stm32f10x_dma.o(.text)
    DMA_Init                                 0x08002f15   Thumb Code    60  stm32f10x_dma.o(.text)
    DMA_StructInit                           0x08002f51   Thumb Code    26  stm32f10x_dma.o(.text)
    DMA_Cmd                                  0x08002f6b   Thumb Code    24  stm32f10x_dma.o(.text)
    DMA_ITConfig                             0x08002f83   Thumb Code    18  stm32f10x_dma.o(.text)
    DMA_SetCurrDataCounter                   0x08002f95   Thumb Code     4  stm32f10x_dma.o(.text)
    DMA_GetCurrDataCounter                   0x08002f99   Thumb Code     8  stm32f10x_dma.o(.text)
    DMA_GetFlagStatus                        0x08002fa1   Thumb Code    40  stm32f10x_dma.o(.text)
    DMA_ClearFlag                            0x08002fc9   Thumb Code    22  stm32f10x_dma.o(.text)
    DMA_GetITStatus                          0x08002fdf   Thumb Code    40  stm32f10x_dma.o(.text)
    DMA_ClearITPendingBit                    0x08003007   Thumb Code    22  stm32f10x_dma.o(.text)
    Reset_Handler                            0x08003025   Thumb Code     8  startup_stm32f10x_hd.o(.text)
    ADC1_2_IRQHandler                        0x0800303f   Thumb Code     0  startup_stm32f10x_hd.o(.text)
    ADC3_IRQHandler                          0x0800303f   Thumb Code     0  startup_stm32f10x_hd.o(.text)
    CAN1_RX1_IRQHandler                      0x0800303f   Thumb Code     0  startup_stm32f10x_hd.o(.text)
    CAN1_SCE_IRQHandler                      0x0800303f   Thumb Code     0  startup_stm32f10x_hd.o(.text)
    DMA1_Channel1_IRQHandler                 0x0800303f   Thumb Code     0  startup_stm32f10x_hd.o(.text)
    DMA1_Channel2_IRQHandler                 0x0800303f   Thumb Code     0  startup_stm32f10x_hd.o(.text)
    DMA1_Channel3_IRQHandler                 0x0800303f   Thumb Code     0  startup_stm32f10x_hd.o(.text)
    DMA1_Channel4_IRQHandler                 0x0800303f   Thumb Code     0  startup_stm32f10x_hd.o(.text)
    DMA1_Channel5_IRQHandler                 0x0800303f   Thumb Code     0  startup_stm32f10x_hd.o(.text)
    DMA1_Channel6_IRQHandler                 0x0800303f   Thumb Code     0  startup_stm32f10x_hd.o(.text)
    DMA1_Channel7_IRQHandler                 0x0800303f   Thumb Code     0  startup_stm32f10x_hd.o(.text)
    DMA2_Channel1_IRQHandler                 0x0800303f   Thumb Code     0  startup_stm32f10x_hd.o(.text)
    DMA2_Channel2_IRQHandler                 0x0800303f   Thumb Code     0  startup_stm32f10x_hd.o(.text)
    DMA2_Channel3_IRQHandler                 0x0800303f   Thumb Code     0  startup_stm32f10x_hd.o(.text)
    DMA2_Channel4_5_IRQHandler               0x0800303f   Thumb Code     0  startup_stm32f10x_hd.o(.text)
    EXTI0_IRQHandler                         0x0800303f   Thumb Code     0  startup_stm32f10x_hd.o(.text)
    EXTI15_10_IRQHandler                     0x0800303f   Thumb Code     0  startup_stm32f10x_hd.o(.text)
    EXTI1_IRQHandler                         0x0800303f   Thumb Code     0  startup_stm32f10x_hd.o(.text)
    EXTI2_IRQHandler                         0x0800303f   Thumb Code     0  startup_stm32f10x_hd.o(.text)
    EXTI3_IRQHandler                         0x0800303f   Thumb Code     0  startup_stm32f10x_hd.o(.text)
    EXTI4_IRQHandler                         0x0800303f   Thumb Code     0  startup_stm32f10x_hd.o(.text)
    EXTI9_5_IRQHandler                       0x0800303f   Thumb Code     0  startup_stm32f10x_hd.o(.text)
    FLASH_IRQHandler                         0x0800303f   Thumb Code     0  startup_stm32f10x_hd.o(.text)
    FSMC_IRQHandler                          0x0800303f   Thumb Code     0  startup_stm32f10x_hd.o(.text)
    I2C1_ER_IRQHandler                       0x0800303f   Thumb Code     0  startup_stm32f10x_hd.o(.text)
    I2C1_EV_IRQHandler                       0x0800303f   Thumb Code     0  startup_stm32f10x_hd.o(.text)
    I2C2_ER_IRQHandler                       0x0800303f   Thumb Code     0  startup_stm32f10x_hd.o(.text)
    I2C2_EV_IRQHandler                       0x0800303f   Thumb Code     0  startup_stm32f10x_hd.o(.text)
    PVD_IRQHandler                           0x0800303f   Thumb Code     0  startup_stm32f10x_hd.o(.text)
    RCC_IRQHandler                           0x0800303f   Thumb Code     0  startup_stm32f10x_hd.o(.text)
    RTCAlarm_IRQHandler                      0x0800303f   Thumb Code     0  startup_stm32f10x_hd.o(.text)
    RTC_IRQHandler                           0x0800303f   Thumb Code     0  startup_stm32f10x_hd.o(.text)
    SDIO_IRQHandler                          0x0800303f   Thumb Code     0  startup_stm32f10x_hd.o(.text)
    SPI1_IRQHandler                          0x0800303f   Thumb Code     0  startup_stm32f10x_hd.o(.text)
    SPI2_IRQHandler                          0x0800303f   Thumb Code     0  startup_stm32f10x_hd.o(.text)
    SPI3_IRQHandler                          0x0800303f   Thumb Code     0  startup_stm32f10x_hd.o(.text)
    TAMPER_IRQHandler                        0x0800303f   Thumb Code     0  startup_stm32f10x_hd.o(.text)
    TIM1_BRK_IRQHandler                      0x0800303f   Thumb Code     0  startup_stm32f10x_hd.o(.text)
    TIM1_CC_IRQHandler                       0x0800303f   Thumb Code     0  startup_stm32f10x_hd.o(.text)
    TIM1_TRG_COM_IRQHandler                  0x0800303f   Thumb Code     0  startup_stm32f10x_hd.o(.text)
    TIM1_UP_IRQHandler                       0x0800303f   Thumb Code     0  startup_stm32f10x_hd.o(.text)
    TIM3_IRQHandler                          0x0800303f   Thumb Code     0  startup_stm32f10x_hd.o(.text)
    TIM5_IRQHandler                          0x0800303f   Thumb Code     0  startup_stm32f10x_hd.o(.text)
    TIM6_IRQHandler                          0x0800303f   Thumb Code     0  startup_stm32f10x_hd.o(.text)
    TIM7_IRQHandler                          0x0800303f   Thumb Code     0  startup_stm32f10x_hd.o(.text)
    TIM8_BRK_IRQHandler                      0x0800303f   Thumb Code     0  startup_stm32f10x_hd.o(.text)
    TIM8_CC_IRQHandler                       0x0800303f   Thumb Code     0  startup_stm32f10x_hd.o(.text)
    TIM8_TRG_COM_IRQHandler                  0x0800303f   Thumb Code     0  startup_stm32f10x_hd.o(.text)
    TIM8_UP_IRQHandler                       0x0800303f   Thumb Code     0  startup_stm32f10x_hd.o(.text)
    UART4_IRQHandler                         0x0800303f   Thumb Code     0  startup_stm32f10x_hd.o(.text)
    UART5_IRQHandler                         0x0800303f   Thumb Code     0  startup_stm32f10x_hd.o(.text)
    USART3_IRQHandler                        0x0800303f   Thumb Code     0  startup_stm32f10x_hd.o(.text)
    USBWakeUp_IRQHandler                     0x0800303f   Thumb Code     0  startup_stm32f10x_hd.o(.text)
    USB_HP_CAN1_TX_IRQHandler                0x0800303f   Thumb Code     0  startup_stm32f10x_hd.o(.text)
    USB_LP_CAN1_RX0_IRQHandler               0x0800303f   Thumb Code     0  startup_stm32f10x_hd.o(.text)
    WWDG_IRQHandler                          0x0800303f   Thumb Code     0  startup_stm32f10x_hd.o(.text)
    __user_initial_stackheap                 0x08003041   Thumb Code     0  startup_stm32f10x_hd.o(.text)
    TIM2_Int_Init                            0x08003065   Thumb Code    92  timer.o(.text)
    TIM2_IRQHandler                          0x080030c1   Thumb Code    32  timer.o(.text)
    PID_calculate                            0x080030e5   Thumb Code   204  pid.o(.text)
    dev                                      0x080031b9   Thumb Code    92  inf.o(.text)
    I2C_Configuration                        0x0800321d   Thumb Code   110  oled_i2c.o(.text)
    I2C_WriteByte                            0x0800328b   Thumb Code   126  oled_i2c.o(.text)
    WriteCmd                                 0x08003309   Thumb Code    14  oled_i2c.o(.text)
    WriteDat                                 0x08003317   Thumb Code    14  oled_i2c.o(.text)
    OLED_Init                                0x08003325   Thumb Code   178  oled_i2c.o(.text)
    OLED_SetPos                              0x080033d7   Thumb Code    40  oled_i2c.o(.text)
    OLED_Fill                                0x080033ff   Thumb Code    58  oled_i2c.o(.text)
    OLED_CLS                                 0x08003439   Thumb Code    10  oled_i2c.o(.text)
    OLED_ON                                  0x08003443   Thumb Code    22  oled_i2c.o(.text)
    OLED_OFF                                 0x08003459   Thumb Code    22  oled_i2c.o(.text)
    OLED_ShowStr                             0x0800346f   Thumb Code   228  oled_i2c.o(.text)
    OLED_ShowCN                              0x08003553   Thumb Code    80  oled_i2c.o(.text)
    OLED_DrawBMP                             0x080035a3   Thumb Code   116  oled_i2c.o(.text)
    Adc_Init                                 0x08003639   Thumb Code   132  adc.o(.text)
    Get_Adc                                  0x080036bd   Thumb Code    46  adc.o(.text)
    Get_Adc_Average                          0x080036eb   Thumb Code    46  adc.o(.text)
    TIM4_Set                                 0x08003721   Thumb Code    34  usart2.o(.text)
    USART2_IRQHandler                        0x08003743   Thumb Code    82  usart2.o(.text)
    TIM4_Init                                0x08003795   Thumb Code    82  usart2.o(.text)
    UART_DMA_Config                          0x080037e7   Thumb Code    72  usart2.o(.text)
    USART2_Init                              0x0800382f   Thumb Code   204  usart2.o(.text)
    UART_DMA_Enable                          0x080038fb   Thumb Code    32  usart2.o(.text)
    u2_printf                                0x0800391b   Thumb Code    56  usart2.o(.text)
    TIM4_IRQHandler                          0x08003953   Thumb Code    40  usart2.o(.text)
    HC05_Init                                0x08003999   Thumb Code   180  hc05.o(.text)
    HC05_Get_Role                            0x08003a4d   Thumb Code   124  hc05.o(.text)
    HC05_Set_Cmd                             0x08003ac9   Thumb Code   128  hc05.o(.text)
    HC05_CFG_CMD                             0x08003b49   Thumb Code    94  hc05.o(.text)
    conversion                               0x08003be1   Thumb Code   128  hmc5883l.o(.text)
    I2C_GPIO_Config                          0x08003c61   Thumb Code    60  hmc5883l.o(.text)
    I2C_delay                                0x08003c9d   Thumb Code    14  hmc5883l.o(.text)
    delay5ms                                 0x08003cab   Thumb Code    14  hmc5883l.o(.text)
    I2C_Start                                0x08003cb9   Thumb Code    92  hmc5883l.o(.text)
    I2C_Stop                                 0x08003d15   Thumb Code    60  hmc5883l.o(.text)
    I2C_Ack                                  0x08003d51   Thumb Code    60  hmc5883l.o(.text)
    I2C_NoAck                                0x08003d8d   Thumb Code    60  hmc5883l.o(.text)
    I2C_WaitAck                              0x08003dc9   Thumb Code    92  hmc5883l.o(.text)
    I2C_SendByte                             0x08003e25   Thumb Code    94  hmc5883l.o(.text)
    I2C_RadeByte                             0x08003e83   Thumb Code    88  hmc5883l.o(.text)
    Single_Write                             0x08003edb   Thumb Code    70  hmc5883l.o(.text)
    Single_Read                              0x08003f21   Thumb Code    86  hmc5883l.o(.text)
    Delay                                    0x08003f77   Thumb Code    18  hmc5883l.o(.text)
    Delayms                                  0x08003f89   Thumb Code    32  hmc5883l.o(.text)
    read_hmc5883l                            0x08003fa9   Thumb Code   262  hmc5883l.o(.text)
    Send_HMC5883L                            0x080040af   Thumb Code    18  hmc5883l.o(.text)
    Init_HMC5883L                            0x080040c1   Thumb Code    34  hmc5883l.o(.text)
    __use_no_semihosting                     0x080040fd   Thumb Code     2  use_no_semi_2.o(.text)
    __c89vsprintf                            0x08004101   Thumb Code    32  c89vsprintf.o(.text)
    __2printf                                0x08004125   Thumb Code    20  __2printf.o(.text)
    __2sprintf                               0x0800413d   Thumb Code    38  __2sprintf.o(.text)
    _printf_pre_padding                      0x08004169   Thumb Code    44  _printf_pad.o(.text)
    _printf_post_padding                     0x08004195   Thumb Code    34  _printf_pad.o(.text)
    _printf_str                              0x080041b7   Thumb Code    82  _printf_str.o(.text)
    _printf_int_dec                          0x08004209   Thumb Code   104  _printf_dec.o(.text)
    __printf                                 0x08004281   Thumb Code   388  __printf_flags_ss_wp.o(.text)
    strlen                                   0x08004409   Thumb Code    62  strlen.o(.text)
    __use_two_region_memory                  0x08004447   Thumb Code     2  heapauxi.o(.text)
    __rt_heap_escrow$2region                 0x08004449   Thumb Code     2  heapauxi.o(.text)
    __rt_heap_expand$2region                 0x0800444b   Thumb Code     2  heapauxi.o(.text)
    __I$use$semihosting                      0x0800444d   Thumb Code     0  use_no_semi.o(.text)
    __use_no_semihosting_swi                 0x0800444d   Thumb Code     2  use_no_semi.o(.text)
    _printf_truncate_signed                  0x0800444f   Thumb Code    18  _printf_truncate.o(.text)
    _printf_truncate_unsigned                0x08004461   Thumb Code    18  _printf_truncate.o(.text)
    _printf_int_common                       0x08004473   Thumb Code   178  _printf_intcommon.o(.text)
    _printf_charcount                        0x08004525   Thumb Code    40  _printf_charcount.o(.text)
    __lib_sel_fp_printf                      0x0800454d   Thumb Code     2  _printf_fp_dec.o(.text)
    _printf_fp_dec_real                      0x080046fb   Thumb Code   620  _printf_fp_dec.o(.text)
    _printf_char_common                      0x08004973   Thumb Code    32  _printf_char_common.o(.text)
    _sputc                                   0x08004999   Thumb Code    10  _sputc.o(.text)
    _printf_cs_common                        0x080049a3   Thumb Code    20  _printf_char.o(.text)
    _printf_char                             0x080049b7   Thumb Code    16  _printf_char.o(.text)
    _printf_string                           0x080049c7   Thumb Code     8  _printf_char.o(.text)
    _printf_char_file                        0x080049d1   Thumb Code    32  _printf_char_file.o(.text)
    _printf_wctomb                           0x080049f5   Thumb Code   182  _printf_wctomb.o(.text)
    _printf_longlong_dec                     0x08004ab1   Thumb Code   108  _printf_longlong_dec.o(.text)
    _printf_longlong_oct                     0x08004b2d   Thumb Code    68  _printf_oct_int_ll.o(.text)
    _printf_int_oct                          0x08004b71   Thumb Code    24  _printf_oct_int_ll.o(.text)
    _printf_ll_oct                           0x08004b89   Thumb Code    12  _printf_oct_int_ll.o(.text)
    _printf_longlong_hex                     0x08004b9d   Thumb Code    86  _printf_hex_int_ll_ptr.o(.text)
    _printf_int_hex                          0x08004bf3   Thumb Code    28  _printf_hex_int_ll_ptr.o(.text)
    _printf_ll_hex                           0x08004c0f   Thumb Code    12  _printf_hex_int_ll_ptr.o(.text)
    _printf_hex_ptr                          0x08004c1b   Thumb Code    18  _printf_hex_int_ll_ptr.o(.text)
    __rt_locale                              0x08004c31   Thumb Code     8  rt_locale_intlibspace.o(.text)
    _ll_udiv10                               0x08004c39   Thumb Code   138  lludiv10.o(.text)
    _printf_fp_infnan                        0x08004cc5   Thumb Code   112  _printf_fp_infnan.o(.text)
    _printf_lcs_common                       0x08004d45   Thumb Code    20  _printf_wchar.o(.text)
    _printf_wchar                            0x08004d59   Thumb Code    16  _printf_wchar.o(.text)
    _printf_wstring                          0x08004d69   Thumb Code     8  _printf_wchar.o(.text)
    _btod_etento                             0x08004d71   Thumb Code   216  bigflt0.o(.text)
    ferror                                   0x08004e4d   Thumb Code     8  ferror.o(.text)
    _wcrtomb                                 0x08004e55   Thumb Code    64  _wcrtomb.o(.text)
    __user_libspace                          0x08004e95   Thumb Code     8  libspace.o(.text)
    __user_perproc_libspace                  0x08004e95   Thumb Code     0  libspace.o(.text)
    __user_perthread_libspace                0x08004e95   Thumb Code     0  libspace.o(.text)
    __user_setup_stackheap                   0x08004e9d   Thumb Code    74  sys_stackheap_outer.o(.text)
    __rt_ctype_table                         0x08004ee9   Thumb Code    16  rt_ctype_table.o(.text)
    exit                                     0x08004ef9   Thumb Code    12  exit.o(.text)
    strcmp                                   0x08004f05   Thumb Code   128  strcmpv7m.o(.text)
    _btod_d2e                                0x08004f85   Thumb Code    62  btod.o(CL$$btod_d2e)
    _d2e_denorm_low                          0x08004fc3   Thumb Code    70  btod.o(CL$$btod_d2e_denorm_low)
    _d2e_norm_op1                            0x08005009   Thumb Code    96  btod.o(CL$$btod_d2e_norm_op1)
    __btod_div_common                        0x08005069   Thumb Code   696  btod.o(CL$$btod_div_common)
    _e2e                                     0x080053a1   Thumb Code   198  btod.o(CL$$btod_e2e)
    _btod_ediv                               0x08005467   Thumb Code    40  btod.o(CL$$btod_ediv)
    _btod_emul                               0x0800548f   Thumb Code    40  btod.o(CL$$btod_emul)
    __btod_mult_common                       0x080054b7   Thumb Code   580  btod.o(CL$$btod_mult_common)
    __ARM_fpclassify                         0x080056fb   Thumb Code    40  fpclassify.o(i.__ARM_fpclassify)
    __kernel_poly                            0x08005723   Thumb Code   170  poly.o(i.__kernel_poly)
    __mathlib_dbl_infnan                     0x080057cd   Thumb Code     6  dunder.o(i.__mathlib_dbl_infnan)
    __mathlib_dbl_infnan2                    0x080057d3   Thumb Code     4  dunder.o(i.__mathlib_dbl_infnan2)
    __mathlib_dbl_underflow                  0x080057d9   Thumb Code    10  dunder.o(i.__mathlib_dbl_underflow)
    _is_digit                                0x080057e9   Thumb Code    14  __printf_wp.o(i._is_digit)
    atan                                     0x080057f9   Thumb Code   474  atan.o(i.atan)
    atan2                                    0x08005a19   Thumb Code   346  atan2.o(i.atan2)
    _get_lc_numeric                          0x08005b99   Thumb Code    44  lc_numeric_c.o(locale$$code)
    _get_lc_ctype                            0x08005bc5   Thumb Code    44  lc_ctype_c.o(locale$$code)
    __aeabi_d2f                              0x08005bf1   Thumb Code     0  d2f.o(x$fpl$d2f)
    _d2f                                     0x08005bf1   Thumb Code    98  d2f.o(x$fpl$d2f)
    __aeabi_dadd                             0x08005c55   Thumb Code     0  daddsub_clz.o(x$fpl$dadd)
    _dadd                                    0x08005c55   Thumb Code   332  daddsub_clz.o(x$fpl$dadd)
    __fpl_dcheck_NaN1                        0x08005da5   Thumb Code    10  dcheck1.o(x$fpl$dcheck1)
    __aeabi_ddiv                             0x08005db5   Thumb Code     0  ddiv.o(x$fpl$ddiv)
    _ddiv                                    0x08005db5   Thumb Code   552  ddiv.o(x$fpl$ddiv)
    __aeabi_i2d                              0x08006065   Thumb Code     0  dflt_clz.o(x$fpl$dflt)
    _dflt                                    0x08006065   Thumb Code    46  dflt_clz.o(x$fpl$dflt)
    __aeabi_dmul                             0x08006095   Thumb Code     0  dmul.o(x$fpl$dmul)
    _dmul                                    0x08006095   Thumb Code   332  dmul.o(x$fpl$dmul)
    __fpl_dnaninf                            0x080061e9   Thumb Code   156  dnaninf.o(x$fpl$dnaninf)
    __fpl_dretinf                            0x08006285   Thumb Code    12  dretinf.o(x$fpl$dretinf)
    __aeabi_drsub                            0x08006291   Thumb Code     0  daddsub_clz.o(x$fpl$drsb)
    _drsb                                    0x08006291   Thumb Code    22  daddsub_clz.o(x$fpl$drsb)
    __aeabi_dsub                             0x080062a9   Thumb Code     0  daddsub_clz.o(x$fpl$dsub)
    _dsub                                    0x080062a9   Thumb Code   464  daddsub_clz.o(x$fpl$dsub)
    __aeabi_f2d                              0x0800647d   Thumb Code     0  f2d.o(x$fpl$f2d)
    _f2d                                     0x0800647d   Thumb Code    86  f2d.o(x$fpl$f2d)
    __aeabi_fadd                             0x080064d5   Thumb Code     0  faddsub_clz.o(x$fpl$fadd)
    _fadd                                    0x080064d5   Thumb Code   196  faddsub_clz.o(x$fpl$fadd)
    __fpl_fcmp_Inf                           0x08006599   Thumb Code    24  fcmpi.o(x$fpl$fcmpinf)
    __aeabi_fdiv                             0x080065b1   Thumb Code     0  fdiv.o(x$fpl$fdiv)
    _fdiv                                    0x080065b1   Thumb Code   384  fdiv.o(x$fpl$fdiv)
    __aeabi_f2iz                             0x08006735   Thumb Code     0  ffix.o(x$fpl$ffix)
    _ffix                                    0x08006735   Thumb Code    54  ffix.o(x$fpl$ffix)
    __aeabi_f2uiz                            0x0800676d   Thumb Code     0  ffixu.o(x$fpl$ffixu)
    _ffixu                                   0x0800676d   Thumb Code    62  ffixu.o(x$fpl$ffixu)
    __aeabi_i2f                              0x080067ad   Thumb Code     0  fflt_clz.o(x$fpl$fflt)
    _fflt                                    0x080067ad   Thumb Code    48  fflt_clz.o(x$fpl$fflt)
    __aeabi_ui2f                             0x080067dd   Thumb Code     0  fflt_clz.o(x$fpl$ffltu)
    _ffltu                                   0x080067dd   Thumb Code    38  fflt_clz.o(x$fpl$ffltu)
    __aeabi_cfcmple                          0x08006805   Thumb Code     0  fleqf.o(x$fpl$fleqf)
    _fcmple                                  0x08006805   Thumb Code   104  fleqf.o(x$fpl$fleqf)
    __fpl_fcmple_InfNaN                      0x08006857   Thumb Code     0  fleqf.o(x$fpl$fleqf)
    __aeabi_fmul                             0x0800686d   Thumb Code     0  fmul.o(x$fpl$fmul)
    _fmul                                    0x0800686d   Thumb Code   258  fmul.o(x$fpl$fmul)
    __fpl_fnaninf                            0x0800696f   Thumb Code   140  fnaninf.o(x$fpl$fnaninf)
    __fpl_fretinf                            0x080069fb   Thumb Code    10  fretinf.o(x$fpl$fretinf)
    __aeabi_cfrcmple                         0x08006a05   Thumb Code     0  frleqf.o(x$fpl$frleqf)
    _frcmple                                 0x08006a05   Thumb Code    98  frleqf.o(x$fpl$frleqf)
    __aeabi_frsub                            0x08006a67   Thumb Code     0  faddsub_clz.o(x$fpl$frsb)
    _frsb                                    0x08006a67   Thumb Code    20  faddsub_clz.o(x$fpl$frsb)
    __aeabi_fsub                             0x08006a7d   Thumb Code     0  faddsub_clz.o(x$fpl$fsub)
    _fsub                                    0x08006a7d   Thumb Code   234  faddsub_clz.o(x$fpl$fsub)
    _printf_fp_dec                           0x08006b67   Thumb Code     4  printf1.o(x$fpl$printf1)
    __fpl_return_NaN                         0x08006b6b   Thumb Code   100  retnan.o(x$fpl$retnan)
    __ARM_scalbn                             0x08006bcf   Thumb Code    92  scalbn.o(x$fpl$scalbn)
    __fpl_cmpreturn                          0x08006c2b   Thumb Code    48  trapv.o(x$fpl$trapveneer)
    F6x8                                     0x08006c5a   Data         552  oled_i2c.o(.constdata)
    __I$use$fp                               0x08006c5a   Number         0  usenofp.o(x$fpl$usenofp)
    F8X16                                    0x08006e82   Data        1520  oled_i2c.o(.constdata)
    __mathlib_zero                           0x08007550   Data           8  qnan.o(.constdata)
    Region$$Table$$Base                      0x080075ec   Number         0  anon$$obj.o(Region$$Table)
    Region$$Table$$Limit                     0x0800760c   Number         0  anon$$obj.o(Region$$Table)
    __ctype                                  0x08007635   Data           0  lc_ctype_c.o(locale$$data)
    Control                                  0x20000000   Data          36  main.o(.data)
    times1                                   0x20000024   Data           4  main.o(.data)
    times2                                   0x20000028   Data           4  main.o(.data)
    time_now                                 0x2000002c   Data           4  main.o(.data)
    k1                                       0x20000030   Data           4  main.o(.data)
    k2                                       0x20000034   Data           4  main.o(.data)
    t1                                       0x2000003c   Data           1  motor.o(.data)
    t2                                       0x2000003d   Data           1  motor.o(.data)
    xx                                       0x20000040   Data           8  usart.o(.data)
    yy                                       0x20000048   Data           8  usart.o(.data)
    __stdout                                 0x20000050   Data           4  usart.o(.data)
    USART_RX_STA                             0x20000054   Data           2  usart.o(.data)
    SystemCoreClock                          0x20000060   Data           4  system_stm32f10x.o(.data)
    AHBPrescTable                            0x20000064   Data          16  system_stm32f10x.o(.data)
    way                                      0x20000088   Data           4  timer.o(.data)
    times                                    0x2000008c   Data           4  timer.o(.data)
    MaxValue                                 0x20000090   Data           4  pid.o(.data)
    MinValue                                 0x20000094   Data           4  pid.o(.data)
    CurrentValue_left                        0x20000098   Data           4  pid.o(.data)
    CurrentValue_right                       0x2000009c   Data           4  pid.o(.data)
    F16x16                                   0x200000a0   Data         160  oled_i2c.o(.data)
    BMP1                                     0x20000140   Data        1024  oled_i2c.o(.data)
    USART2_RX_STA                            0x20000540   Data           2  usart2.o(.data)
    BUF                                      0x20000544   Data           8  hmc5883l.o(.data)
    test                                     0x2000054c   Data           1  hmc5883l.o(.data)
    x                                        0x20000550   Data           4  hmc5883l.o(.data)
    y                                        0x20000554   Data           4  hmc5883l.o(.data)
    angle                                    0x20000558   Data           4  hmc5883l.o(.data)
    ge                                       0x2000055c   Data           1  hmc5883l.o(.data)
    shi                                      0x2000055d   Data           1  hmc5883l.o(.data)
    bai                                      0x2000055e   Data           1  hmc5883l.o(.data)
    qian                                     0x2000055f   Data           1  hmc5883l.o(.data)
    wan                                      0x20000560   Data           1  hmc5883l.o(.data)
    shiwan                                   0x20000561   Data           1  hmc5883l.o(.data)
    A_X                                      0x20000564   Data           4  hmc5883l.o(.data)
    A_Y                                      0x20000568   Data           4  hmc5883l.o(.data)
    A_Z                                      0x2000056c   Data           4  hmc5883l.o(.data)
    ac1                                      0x20000570   Data           2  hmc5883l.o(.data)
    ac2                                      0x20000572   Data           2  hmc5883l.o(.data)
    ac3                                      0x20000574   Data           2  hmc5883l.o(.data)
    ac4                                      0x20000576   Data           2  hmc5883l.o(.data)
    ac5                                      0x20000578   Data           2  hmc5883l.o(.data)
    ac6                                      0x2000057a   Data           2  hmc5883l.o(.data)
    b1                                       0x2000057c   Data           2  hmc5883l.o(.data)
    b2                                       0x2000057e   Data           2  hmc5883l.o(.data)
    mb                                       0x20000580   Data           2  hmc5883l.o(.data)
    mc                                       0x20000582   Data           2  hmc5883l.o(.data)
    md                                       0x20000584   Data           2  hmc5883l.o(.data)
    temperature                              0x20000588   Data           4  hmc5883l.o(.data)
    pressure                                 0x2000058c   Data           4  hmc5883l.o(.data)
    USART2_TX_BUF                            0x20000590   Data         200  usart2.o(.bss)
    USART2_RX_BUF                            0x20000658   Data         200  usart2.o(.bss)
    __libspace_start                         0x20000720   Data          96  libspace.o(.bss)
    __temporary_stack_top$libspace           0x20000780   Data           0  libspace.o(.bss)



==============================================================================

Memory Map of the image

  Image Entry point : 0x08000131

  Load Region LR_IROM1 (Base: 0x08000000, Size: 0x00007cc8, Max: 0x00010000, ABSOLUTE, COMPRESSED[0x00007924])

    Execution Region ER_IROM1 (Base: 0x08000000, Size: 0x00007738, Max: 0x00010000, ABSOLUTE)

    Base Addr    Size         Type   Attr      Idx    E Section Name        Object

    0x08000000   0x00000130   Data   RO          383    RESET               startup_stm32f10x_hd.o
    0x08000130   0x00000008   Code   RO          637  * !!!main             c_w.l(__main.o)
    0x08000138   0x00000034   Code   RO         1034    !!!scatter          c_w.l(__scatter.o)
    0x0800016c   0x0000005a   Code   RO         1032    !!dczerorl2         c_w.l(__dczerorl2.o)
    0x080001c6   0x00000002   PAD
    0x080001c8   0x0000001c   Code   RO         1036    !!handler_zi        c_w.l(__scatter_zi.o)
    0x080001e4   0x00000000   Code   RO          632    .ARM.Collect$$_printf_percent$$00000000  c_w.l(_printf_percent.o)
    0x080001e4   0x00000006   Code   RO          751    .ARM.Collect$$_printf_percent$$00000001  c_w.l(_printf_n.o)
    0x080001ea   0x00000006   Code   RO          753    .ARM.Collect$$_printf_percent$$00000002  c_w.l(_printf_p.o)
    0x080001f0   0x00000006   Code   RO          631    .ARM.Collect$$_printf_percent$$00000003  c_w.l(_printf_f.o)
    0x080001f6   0x00000006   Code   RO          757    .ARM.Collect$$_printf_percent$$00000004  c_w.l(_printf_e.o)
    0x080001fc   0x00000006   Code   RO          758    .ARM.Collect$$_printf_percent$$00000005  c_w.l(_printf_g.o)
    0x08000202   0x00000006   Code   RO          759    .ARM.Collect$$_printf_percent$$00000006  c_w.l(_printf_a.o)
    0x08000208   0x0000000a   Code   RO          764    .ARM.Collect$$_printf_percent$$00000007  c_w.l(_printf_ll.o)
    0x08000212   0x00000006   Code   RO          755    .ARM.Collect$$_printf_percent$$00000008  c_w.l(_printf_i.o)
    0x08000218   0x00000006   Code   RO          630    .ARM.Collect$$_printf_percent$$00000009  c_w.l(_printf_d.o)
    0x0800021e   0x00000006   Code   RO          756    .ARM.Collect$$_printf_percent$$0000000A  c_w.l(_printf_u.o)
    0x08000224   0x00000006   Code   RO          754    .ARM.Collect$$_printf_percent$$0000000B  c_w.l(_printf_o.o)
    0x0800022a   0x00000006   Code   RO          752    .ARM.Collect$$_printf_percent$$0000000C  c_w.l(_printf_x.o)
    0x08000230   0x00000006   Code   RO          761    .ARM.Collect$$_printf_percent$$0000000D  c_w.l(_printf_lli.o)
    0x08000236   0x00000006   Code   RO          762    .ARM.Collect$$_printf_percent$$0000000E  c_w.l(_printf_lld.o)
    0x0800023c   0x00000006   Code   RO          763    .ARM.Collect$$_printf_percent$$0000000F  c_w.l(_printf_llu.o)
    0x08000242   0x00000006   Code   RO          768    .ARM.Collect$$_printf_percent$$00000010  c_w.l(_printf_llo.o)
    0x08000248   0x00000006   Code   RO          769    .ARM.Collect$$_printf_percent$$00000011  c_w.l(_printf_llx.o)
    0x0800024e   0x0000000a   Code   RO          765    .ARM.Collect$$_printf_percent$$00000012  c_w.l(_printf_l.o)
    0x08000258   0x00000006   Code   RO          750    .ARM.Collect$$_printf_percent$$00000013  c_w.l(_printf_c.o)
    0x0800025e   0x00000006   Code   RO          629    .ARM.Collect$$_printf_percent$$00000014  c_w.l(_printf_s.o)
    0x08000264   0x00000006   Code   RO          766    .ARM.Collect$$_printf_percent$$00000015  c_w.l(_printf_lc.o)
    0x0800026a   0x00000006   Code   RO          767    .ARM.Collect$$_printf_percent$$00000016  c_w.l(_printf_ls.o)
    0x08000270   0x00000004   Code   RO          760    .ARM.Collect$$_printf_percent$$00000017  c_w.l(_printf_percent_end.o)
    0x08000274   0x00000002   Code   RO          901    .ARM.Collect$$libinit$$00000000  c_w.l(libinit.o)
    0x08000276   0x00000000   Code   RO          903    .ARM.Collect$$libinit$$00000002  c_w.l(libinit2.o)
    0x08000276   0x00000000   Code   RO          905    .ARM.Collect$$libinit$$00000004  c_w.l(libinit2.o)
    0x08000276   0x00000000   Code   RO          908    .ARM.Collect$$libinit$$0000000A  c_w.l(libinit2.o)
    0x08000276   0x00000000   Code   RO          910    .ARM.Collect$$libinit$$0000000C  c_w.l(libinit2.o)
    0x08000276   0x00000000   Code   RO          912    .ARM.Collect$$libinit$$0000000E  c_w.l(libinit2.o)
    0x08000276   0x00000006   Code   RO          913    .ARM.Collect$$libinit$$0000000F  c_w.l(libinit2.o)
    0x0800027c   0x00000000   Code   RO          915    .ARM.Collect$$libinit$$00000011  c_w.l(libinit2.o)
    0x0800027c   0x0000000c   Code   RO          916    .ARM.Collect$$libinit$$00000012  c_w.l(libinit2.o)
    0x08000288   0x00000000   Code   RO          917    .ARM.Collect$$libinit$$00000013  c_w.l(libinit2.o)
    0x08000288   0x00000000   Code   RO          919    .ARM.Collect$$libinit$$00000015  c_w.l(libinit2.o)
    0x08000288   0x0000000a   Code   RO          920    .ARM.Collect$$libinit$$00000016  c_w.l(libinit2.o)
    0x08000292   0x00000000   Code   RO          921    .ARM.Collect$$libinit$$00000017  c_w.l(libinit2.o)
    0x08000292   0x00000000   Code   RO          923    .ARM.Collect$$libinit$$00000019  c_w.l(libinit2.o)
    0x08000292   0x00000000   Code   RO          925    .ARM.Collect$$libinit$$0000001B  c_w.l(libinit2.o)
    0x08000292   0x00000000   Code   RO          927    .ARM.Collect$$libinit$$0000001D  c_w.l(libinit2.o)
    0x08000292   0x00000000   Code   RO          929    .ARM.Collect$$libinit$$0000001F  c_w.l(libinit2.o)
    0x08000292   0x00000000   Code   RO          931    .ARM.Collect$$libinit$$00000021  c_w.l(libinit2.o)
    0x08000292   0x00000000   Code   RO          933    .ARM.Collect$$libinit$$00000023  c_w.l(libinit2.o)
    0x08000292   0x00000000   Code   RO          935    .ARM.Collect$$libinit$$00000025  c_w.l(libinit2.o)
    0x08000292   0x00000000   Code   RO          939    .ARM.Collect$$libinit$$0000002C  c_w.l(libinit2.o)
    0x08000292   0x00000000   Code   RO          941    .ARM.Collect$$libinit$$0000002E  c_w.l(libinit2.o)
    0x08000292   0x00000000   Code   RO          943    .ARM.Collect$$libinit$$00000030  c_w.l(libinit2.o)
    0x08000292   0x00000000   Code   RO          945    .ARM.Collect$$libinit$$00000032  c_w.l(libinit2.o)
    0x08000292   0x00000002   Code   RO          946    .ARM.Collect$$libinit$$00000033  c_w.l(libinit2.o)
    0x08000294   0x00000002   Code   RO          983    .ARM.Collect$$libshutdown$$00000000  c_w.l(libshutdown.o)
    0x08000296   0x00000000   Code   RO          993    .ARM.Collect$$libshutdown$$00000003  c_w.l(libshutdown2.o)
    0x08000296   0x00000000   Code   RO          996    .ARM.Collect$$libshutdown$$00000006  c_w.l(libshutdown2.o)
    0x08000296   0x00000000   Code   RO          999    .ARM.Collect$$libshutdown$$00000009  c_w.l(libshutdown2.o)
    0x08000296   0x00000000   Code   RO         1001    .ARM.Collect$$libshutdown$$0000000B  c_w.l(libshutdown2.o)
    0x08000296   0x00000000   Code   RO         1004    .ARM.Collect$$libshutdown$$0000000E  c_w.l(libshutdown2.o)
    0x08000296   0x00000002   Code   RO         1005    .ARM.Collect$$libshutdown$$0000000F  c_w.l(libshutdown2.o)
    0x08000298   0x00000000   Code   RO          699    .ARM.Collect$$rtentry$$00000000  c_w.l(__rtentry.o)
    0x08000298   0x00000000   Code   RO          811    .ARM.Collect$$rtentry$$00000002  c_w.l(__rtentry2.o)
    0x08000298   0x00000006   Code   RO          823    .ARM.Collect$$rtentry$$00000004  c_w.l(__rtentry4.o)
    0x0800029e   0x00000000   Code   RO          813    .ARM.Collect$$rtentry$$00000009  c_w.l(__rtentry2.o)
    0x0800029e   0x00000004   Code   RO          814    .ARM.Collect$$rtentry$$0000000A  c_w.l(__rtentry2.o)
    0x080002a2   0x00000000   Code   RO          816    .ARM.Collect$$rtentry$$0000000C  c_w.l(__rtentry2.o)
    0x080002a2   0x00000008   Code   RO          817    .ARM.Collect$$rtentry$$0000000D  c_w.l(__rtentry2.o)
    0x080002aa   0x00000002   Code   RO          949    .ARM.Collect$$rtexit$$00000000  c_w.l(rtexit.o)
    0x080002ac   0x00000000   Code   RO          961    .ARM.Collect$$rtexit$$00000002  c_w.l(rtexit2.o)
    0x080002ac   0x00000004   Code   RO          962    .ARM.Collect$$rtexit$$00000003  c_w.l(rtexit2.o)
    0x080002b0   0x00000006   Code   RO          963    .ARM.Collect$$rtexit$$00000004  c_w.l(rtexit2.o)
    0x080002b6   0x00000002   PAD
    0x080002b8   0x00000238   Code   RO            1    .text               main.o
    0x080004f0   0x000000d4   Code   RO          159    .text               delay.o
    0x080005c4   0x000001bc   Code   RO          173    .text               motor.o
    0x08000780   0x00000200   Code   RO          192    .text               usart.o
    0x08000980   0x0000001a   Code   RO          215    .text               stm32f10x_it.o
    0x0800099a   0x00000002   PAD
    0x0800099c   0x000000dc   Code   RO          230    .text               misc.o
    0x08000a78   0x000001e0   Code   RO          242    .text               system_stm32f10x.o
    0x08000c58   0x000003a4   Code   RO          260    .text               stm32f10x_rcc.o
    0x08000ffc   0x0000035c   Code   RO          274    .text               stm32f10x_gpio.o
    0x08001358   0x00000404   Code   RO          286    .text               stm32f10x_i2c.o
    0x0800175c   0x00000e1a   Code   RO          298    .text               stm32f10x_tim.o
    0x08002576   0x00000002   PAD
    0x08002578   0x00000408   Code   RO          310    .text               stm32f10x_usart.o
    0x08002980   0x0000044e   Code   RO          322    .text               stm32f10x_adc.o
    0x08002dce   0x00000002   PAD
    0x08002dd0   0x00000254   Code   RO          358    .text               stm32f10x_dma.o
    0x08003024   0x00000040   Code   RO          384    .text               startup_stm32f10x_hd.o
    0x08003064   0x00000080   Code   RO          388    .text               timer.o
    0x080030e4   0x000000d4   Code   RO          403    .text               pid.o
    0x080031b8   0x00000064   Code   RO          419    .text               inf.o
    0x0800321c   0x0000041c   Code   RO          454    .text               oled_i2c.o
    0x08003638   0x000000e8   Code   RO          498    .text               adc.o
    0x08003720   0x00000278   Code   RO          510    .text               usart2.o
    0x08003998   0x00000248   Code   RO          552    .text               hc05.o
    0x08003be0   0x0000051c   Code   RO          568    .text               hmc5883l.o
    0x080040fc   0x00000002   Code   RO          589    .text               c_w.l(use_no_semi_2.o)
    0x080040fe   0x00000002   PAD
    0x08004100   0x00000024   Code   RO          591    .text               c_w.l(c89vsprintf.o)
    0x08004124   0x00000018   Code   RO          593    .text               c_w.l(__2printf.o)
    0x0800413c   0x0000002c   Code   RO          595    .text               c_w.l(__2sprintf.o)
    0x08004168   0x0000004e   Code   RO          603    .text               c_w.l(_printf_pad.o)
    0x080041b6   0x00000052   Code   RO          605    .text               c_w.l(_printf_str.o)
    0x08004208   0x00000078   Code   RO          607    .text               c_w.l(_printf_dec.o)
    0x08004280   0x00000188   Code   RO          626    .text               c_w.l(__printf_flags_ss_wp.o)
    0x08004408   0x0000003e   Code   RO          633    .text               c_w.l(strlen.o)
    0x08004446   0x00000006   Code   RO          635    .text               c_w.l(heapauxi.o)
    0x0800444c   0x00000002   Code   RO          697    .text               c_w.l(use_no_semi.o)
    0x0800444e   0x00000024   Code   RO          702    .text               c_w.l(_printf_truncate.o)
    0x08004472   0x000000b2   Code   RO          704    .text               c_w.l(_printf_intcommon.o)
    0x08004524   0x00000028   Code   RO          706    .text               c_w.l(_printf_charcount.o)
    0x0800454c   0x0000041a   Code   RO          708    .text               c_w.l(_printf_fp_dec.o)
    0x08004966   0x00000002   PAD
    0x08004968   0x00000030   Code   RO          710    .text               c_w.l(_printf_char_common.o)
    0x08004998   0x0000000a   Code   RO          712    .text               c_w.l(_sputc.o)
    0x080049a2   0x0000002c   Code   RO          714    .text               c_w.l(_printf_char.o)
    0x080049ce   0x00000002   PAD
    0x080049d0   0x00000024   Code   RO          716    .text               c_w.l(_printf_char_file.o)
    0x080049f4   0x000000bc   Code   RO          718    .text               c_w.l(_printf_wctomb.o)
    0x08004ab0   0x0000007c   Code   RO          721    .text               c_w.l(_printf_longlong_dec.o)
    0x08004b2c   0x00000070   Code   RO          727    .text               c_w.l(_printf_oct_int_ll.o)
    0x08004b9c   0x00000094   Code   RO          747    .text               c_w.l(_printf_hex_int_ll_ptr.o)
    0x08004c30   0x00000008   Code   RO          828    .text               c_w.l(rt_locale_intlibspace.o)
    0x08004c38   0x0000008a   Code   RO          835    .text               c_w.l(lludiv10.o)
    0x08004cc2   0x00000002   PAD
    0x08004cc4   0x00000080   Code   RO          837    .text               c_w.l(_printf_fp_infnan.o)
    0x08004d44   0x0000002c   Code   RO          841    .text               c_w.l(_printf_wchar.o)
    0x08004d70   0x000000dc   Code   RO          843    .text               c_w.l(bigflt0.o)
    0x08004e4c   0x00000008   Code   RO          868    .text               c_w.l(ferror.o)
    0x08004e54   0x00000040   Code   RO          872    .text               c_w.l(_wcrtomb.o)
    0x08004e94   0x00000008   Code   RO          885    .text               c_w.l(libspace.o)
    0x08004e9c   0x0000004a   Code   RO          888    .text               c_w.l(sys_stackheap_outer.o)
    0x08004ee6   0x00000002   PAD
    0x08004ee8   0x00000010   Code   RO          890    .text               c_w.l(rt_ctype_table.o)
    0x08004ef8   0x0000000c   Code   RO          892    .text               c_w.l(exit.o)
    0x08004f04   0x00000080   Code   RO          894    .text               c_w.l(strcmpv7m.o)
    0x08004f84   0x0000003e   Code   RO          846    CL$$btod_d2e        c_w.l(btod.o)
    0x08004fc2   0x00000046   Code   RO          848    CL$$btod_d2e_denorm_low  c_w.l(btod.o)
    0x08005008   0x00000060   Code   RO          847    CL$$btod_d2e_norm_op1  c_w.l(btod.o)
    0x08005068   0x00000338   Code   RO          856    CL$$btod_div_common  c_w.l(btod.o)
    0x080053a0   0x000000c6   Code   RO          853    CL$$btod_e2e        c_w.l(btod.o)
    0x08005466   0x00000028   Code   RO          850    CL$$btod_ediv       c_w.l(btod.o)
    0x0800548e   0x00000028   Code   RO          849    CL$$btod_emul       c_w.l(btod.o)
    0x080054b6   0x00000244   Code   RO          855    CL$$btod_mult_common  c_w.l(btod.o)
    0x080056fa   0x00000028   Code   RO          881    i.__ARM_fpclassify  m_ws.l(fpclassify.o)
    0x08005722   0x000000aa   Code   RO          883    i.__kernel_poly     m_ws.l(poly.o)
    0x080057cc   0x00000006   Code   RO          796    i.__mathlib_dbl_infnan  m_ws.l(dunder.o)
    0x080057d2   0x00000004   Code   RO          797    i.__mathlib_dbl_infnan2  m_ws.l(dunder.o)
    0x080057d6   0x00000002   PAD
    0x080057d8   0x00000010   Code   RO          801    i.__mathlib_dbl_underflow  m_ws.l(dunder.o)
    0x080057e8   0x0000000e   Code   RO          619    i._is_digit         c_w.l(__printf_wp.o)
    0x080057f6   0x00000002   PAD
    0x080057f8   0x00000220   Code   RO          786    i.atan              m_ws.l(atan.o)
    0x08005a18   0x00000180   Code   RO          690    i.atan2             m_ws.l(atan2.o)
    0x08005b98   0x0000002c   Code   RO          875    locale$$code        c_w.l(lc_numeric_c.o)
    0x08005bc4   0x0000002c   Code   RO          952    locale$$code        c_w.l(lc_ctype_c.o)
    0x08005bf0   0x00000062   Code   RO          639    x$fpl$d2f           fz_ws.l(d2f.o)
    0x08005c52   0x00000002   PAD
    0x08005c54   0x00000150   Code   RO          641    x$fpl$dadd          fz_ws.l(daddsub_clz.o)
    0x08005da4   0x00000010   Code   RO          947    x$fpl$dcheck1       fz_ws.l(dcheck1.o)
    0x08005db4   0x000002b0   Code   RO          771    x$fpl$ddiv          fz_ws.l(ddiv.o)
    0x08006064   0x0000002e   Code   RO          648    x$fpl$dflt          fz_ws.l(dflt_clz.o)
    0x08006092   0x00000002   PAD
    0x08006094   0x00000154   Code   RO          653    x$fpl$dmul          fz_ws.l(dmul.o)
    0x080061e8   0x0000009c   Code   RO          774    x$fpl$dnaninf       fz_ws.l(dnaninf.o)
    0x08006284   0x0000000c   Code   RO          776    x$fpl$dretinf       fz_ws.l(dretinf.o)
    0x08006290   0x00000016   Code   RO          642    x$fpl$drsb          fz_ws.l(daddsub_clz.o)
    0x080062a6   0x00000002   PAD
    0x080062a8   0x000001d4   Code   RO          643    x$fpl$dsub          fz_ws.l(daddsub_clz.o)
    0x0800647c   0x00000056   Code   RO          655    x$fpl$f2d           fz_ws.l(f2d.o)
    0x080064d2   0x00000002   PAD
    0x080064d4   0x000000c4   Code   RO          657    x$fpl$fadd          fz_ws.l(faddsub_clz.o)
    0x08006598   0x00000018   Code   RO          778    x$fpl$fcmpinf       fz_ws.l(fcmpi.o)
    0x080065b0   0x00000184   Code   RO          664    x$fpl$fdiv          fz_ws.l(fdiv.o)
    0x08006734   0x00000036   Code   RO          667    x$fpl$ffix          fz_ws.l(ffix.o)
    0x0800676a   0x00000002   PAD
    0x0800676c   0x0000003e   Code   RO          671    x$fpl$ffixu         fz_ws.l(ffixu.o)
    0x080067aa   0x00000002   PAD
    0x080067ac   0x00000030   Code   RO          676    x$fpl$fflt          fz_ws.l(fflt_clz.o)
    0x080067dc   0x00000026   Code   RO          675    x$fpl$ffltu         fz_ws.l(fflt_clz.o)
    0x08006802   0x00000002   PAD
    0x08006804   0x00000068   Code   RO          681    x$fpl$fleqf         fz_ws.l(fleqf.o)
    0x0800686c   0x00000102   Code   RO          683    x$fpl$fmul          fz_ws.l(fmul.o)
    0x0800696e   0x0000008c   Code   RO          780    x$fpl$fnaninf       fz_ws.l(fnaninf.o)
    0x080069fa   0x0000000a   Code   RO          782    x$fpl$fretinf       fz_ws.l(fretinf.o)
    0x08006a04   0x00000062   Code   RO          685    x$fpl$frleqf        fz_ws.l(frleqf.o)
    0x08006a66   0x00000014   Code   RO          658    x$fpl$frsb          fz_ws.l(faddsub_clz.o)
    0x08006a7a   0x00000002   PAD
    0x08006a7c   0x000000ea   Code   RO          659    x$fpl$fsub          fz_ws.l(faddsub_clz.o)
    0x08006b66   0x00000004   Code   RO          687    x$fpl$printf1       fz_ws.l(printf1.o)
    0x08006b6a   0x00000064   Code   RO          958    x$fpl$retnan        fz_ws.l(retnan.o)
    0x08006bce   0x0000005c   Code   RO          879    x$fpl$scalbn        fz_ws.l(scalbn.o)
    0x08006c2a   0x00000030   Code   RO          971    x$fpl$trapveneer    fz_ws.l(trapv.o)
    0x08006c5a   0x00000000   Code   RO          784    x$fpl$usenofp       fz_ws.l(usenofp.o)
    0x08006c5a   0x00000818   Data   RO          455    .constdata          oled_i2c.o
    0x08007472   0x00000011   Data   RO          627    .constdata          c_w.l(__printf_flags_ss_wp.o)
    0x08007483   0x00000001   PAD
    0x08007484   0x00000008   Data   RO          719    .constdata          c_w.l(_printf_wctomb.o)
    0x0800748c   0x00000028   Data   RO          748    .constdata          c_w.l(_printf_hex_int_ll_ptr.o)
    0x080074b4   0x00000004   PAD
    0x080074b8   0x00000098   Data   RO          787    .constdata          m_ws.l(atan.o)
    0x08007550   0x00000008   Data   RO          809    .constdata          m_ws.l(qnan.o)
    0x08007558   0x00000094   Data   RO          844    .constdata          c_w.l(bigflt0.o)
    0x080075ec   0x00000020   Data   RO         1030    Region$$Table       anon$$obj.o
    0x0800760c   0x0000001c   Data   RO          874    locale$$data        c_w.l(lc_numeric_c.o)
    0x08007628   0x00000110   Data   RO          951    locale$$data        c_w.l(lc_ctype_c.o)


    Execution Region RW_IRAM1 (Base: 0x20000000, Size: 0x00000d80, Max: 0x00005000, ABSOLUTE, COMPRESSED[0x000001ec])

    Base Addr    Size         Type   Attr      Idx    E Section Name        Object

    0x20000000   0x00000038   Data   RW            2    .data               main.o
    0x20000038   0x00000004   Data   RW          160    .data               delay.o
    0x2000003c   0x00000002   Data   RW          174    .data               motor.o
    0x2000003e   0x00000002   PAD
    0x20000040   0x0000001d   Data   RW          194    .data               usart.o
    0x2000005d   0x00000003   PAD
    0x20000060   0x00000014   Data   RW          243    .data               system_stm32f10x.o
    0x20000074   0x00000014   Data   RW          261    .data               stm32f10x_rcc.o
    0x20000088   0x00000008   Data   RW          389    .data               timer.o
    0x20000090   0x00000010   Data   RW          405    .data               pid.o
    0x200000a0   0x000004a0   Data   RW          456    .data               oled_i2c.o
    0x20000540   0x00000002   Data   RW          512    .data               usart2.o
    0x20000542   0x00000002   PAD
    0x20000544   0x0000004c   Data   RW          569    .data               hmc5883l.o
    0x20000590   0x00000190   Zero   RW          511    .bss                usart2.o
    0x20000720   0x00000060   Zero   RW          886    .bss                c_w.l(libspace.o)
    0x20000780   0x00000200   Zero   RW          382    HEAP                startup_stm32f10x_hd.o
    0x20000980   0x00000400   Zero   RW          381    STACK               startup_stm32f10x_hd.o


==============================================================================

Image component sizes


      Code (inc. data)   RO Data    RW Data    ZI Data      Debug   Object Name

       232          8          0          0          0       1059   adc.o
         0          0          0          0          0         32   core_cm3.o
       212         18          0          4          0        979   delay.o
       584         58          0          0          0       2056   hc05.o
      1308         66          0         76          0       5548   hmc5883l.o
       100          8          0          0          0        578   inf.o
       568        136          0         56          0     280322   main.o
       220         22          0          0          0       1837   misc.o
       444         22          0          2          0       1504   motor.o
      1052         34       2072       1184          0       3881   oled_i2c.o
       212          8          0         16          0       1479   pid.o
        64         26        304          0       1536        880   startup_stm32f10x_hd.o
      1102         26          0          0          0      10865   stm32f10x_adc.o
       596          8          0          0          0       4366   stm32f10x_dma.o
       860         38          0          0          0       5677   stm32f10x_gpio.o
      1028         16          0          0          0       9143   stm32f10x_i2c.o
        26          0          0          0          0       1194   stm32f10x_it.o
       932         36          0         20          0       8848   stm32f10x_rcc.o
      3610         88          0          0          0      22164   stm32f10x_tim.o
      1032         22          0          0          0       8408   stm32f10x_usart.o
       480         38          0         20          0       1787   system_stm32f10x.o
       128          4          0          8          0       1012   timer.o
       512         36          0         29          0       3520   usart.o
       632         30          0          2        400       3581   usart2.o

    ----------------------------------------------------------------------
     15940        748       2408       1424       1936     380720   Object Totals
         0          0         32          0          0          0   (incl. Generated)
         6          0          0          7          0          0   (incl. Padding)

    ----------------------------------------------------------------------

      Code (inc. data)   RO Data    RW Data    ZI Data      Debug   Library Member Name

        24          4          0          0          0         84   __2printf.o
        44          6          0          0          0         84   __2sprintf.o
        90          0          0          0          0          0   __dczerorl2.o
         8          0          0          0          0         68   __main.o
       392          4         17          0          0         92   __printf_flags_ss_wp.o
        14          0          0          0          0         68   __printf_wp.o
         0          0          0          0          0          0   __rtentry.o
        12          0          0          0          0          0   __rtentry2.o
         6          0          0          0          0          0   __rtentry4.o
        52          8          0          0          0          0   __scatter.o
        28          0          0          0          0          0   __scatter_zi.o
         6          0          0          0          0          0   _printf_a.o
         6          0          0          0          0          0   _printf_c.o
        44          0          0          0          0        108   _printf_char.o
        48          6          0          0          0         96   _printf_char_common.o
        36          4          0          0          0         80   _printf_char_file.o
        40          0          0          0          0         68   _printf_charcount.o
         6          0          0          0          0          0   _printf_d.o
       120         16          0          0          0         92   _printf_dec.o
         6          0          0          0          0          0   _printf_e.o
         6          0          0          0          0          0   _printf_f.o
      1050          0          0          0          0        216   _printf_fp_dec.o
       128         16          0          0          0         84   _printf_fp_infnan.o
         6          0          0          0          0          0   _printf_g.o
       148          4         40          0          0        160   _printf_hex_int_ll_ptr.o
         6          0          0          0          0          0   _printf_i.o
       178          0          0          0          0         88   _printf_intcommon.o
        10          0          0          0          0          0   _printf_l.o
         6          0          0          0          0          0   _printf_lc.o
        10          0          0          0          0          0   _printf_ll.o
         6          0          0          0          0          0   _printf_lld.o
         6          0          0          0          0          0   _printf_lli.o
         6          0          0          0          0          0   _printf_llo.o
         6          0          0          0          0          0   _printf_llu.o
         6          0          0          0          0          0   _printf_llx.o
       124         16          0          0          0         92   _printf_longlong_dec.o
         6          0          0          0          0          0   _printf_ls.o
         6          0          0          0          0          0   _printf_n.o
         6          0          0          0          0          0   _printf_o.o
       112          8          0          0          0        124   _printf_oct_int_ll.o
         6          0          0          0          0          0   _printf_p.o
        78          0          0          0          0        108   _printf_pad.o
         0          0          0          0          0          0   _printf_percent.o
         4          0          0          0          0          0   _printf_percent_end.o
         6          0          0          0          0          0   _printf_s.o
        82          0          0          0          0         80   _printf_str.o
        36          0          0          0          0         84   _printf_truncate.o
         6          0          0          0          0          0   _printf_u.o
        44          0          0          0          0        108   _printf_wchar.o
       188          6          8          0          0         92   _printf_wctomb.o
         6          0          0          0          0          0   _printf_x.o
        10          0          0          0          0         68   _sputc.o
        64          0          0          0          0         92   _wcrtomb.o
       220          4        148          0          0         96   bigflt0.o
      1910        128          0          0          0        672   btod.o
        36          4          0          0          0         76   c89vsprintf.o
        12          0          0          0          0         72   exit.o
         8          0          0          0          0         68   ferror.o
         6          0          0          0          0        152   heapauxi.o
        44         10        272          0          0         76   lc_ctype_c.o
        44         10         28          0          0         76   lc_numeric_c.o
         2          0          0          0          0          0   libinit.o
        30          0          0          0          0          0   libinit2.o
         2          0          0          0          0          0   libshutdown.o
         2          0          0          0          0          0   libshutdown2.o
         8          4          0          0         96         68   libspace.o
       138          0          0          0          0         80   lludiv10.o
        16          4          0          0          0         76   rt_ctype_table.o
         8          4          0          0          0         68   rt_locale_intlibspace.o
         2          0          0          0          0          0   rtexit.o
        10          0          0          0          0          0   rtexit2.o
       128          0          0          0          0         68   strcmpv7m.o
        62          0          0          0          0         76   strlen.o
        74          0          0          0          0         80   sys_stackheap_outer.o
         2          0          0          0          0         68   use_no_semi.o
         2          0          0          0          0         68   use_no_semi_2.o
        98          4          0          0          0         92   d2f.o
       826         16          0          0          0        348   daddsub_clz.o
        16          4          0          0          0         68   dcheck1.o
       688        140          0          0          0        208   ddiv.o
        46          0          0          0          0         68   dflt_clz.o
       340         12          0          0          0        104   dmul.o
       156          4          0          0          0         92   dnaninf.o
        12          0          0          0          0         68   dretinf.o
        86          4          0          0          0         84   f2d.o
       450          8          0          0          0        236   faddsub_clz.o
        24          0          0          0          0         68   fcmpi.o
       388         76          0          0          0         96   fdiv.o
        54          4          0          0          0         84   ffix.o
        62          4          0          0          0         84   ffixu.o
        86          0          0          0          0        136   fflt_clz.o
       104          4          0          0          0         84   fleqf.o
       258          4          0          0          0         84   fmul.o
       140          4          0          0          0         84   fnaninf.o
        10          0          0          0          0         68   fretinf.o
        98          0          0          0          0         68   frleqf.o
         4          0          0          0          0         68   printf1.o
       100          0          0          0          0         68   retnan.o
        92          0          0          0          0         68   scalbn.o
        48          0          0          0          0         68   trapv.o
         0          0          0          0          0          0   usenofp.o
       544         70        152          0          0        124   atan.o
       384         38          0          0          0        144   atan2.o
        26          6          0          0          0        204   dunder.o
        40          0          0          0          0         68   fpclassify.o
       170          0          0          0          0         96   poly.o
         0          0          8          0          0          0   qnan.o

    ----------------------------------------------------------------------
     11494        668        678          0         96       7308   Library Totals
        34          0          5          0          0          0   (incl. Padding)

    ----------------------------------------------------------------------

      Code (inc. data)   RO Data    RW Data    ZI Data      Debug   Library Name

      6110        266        513          0         96       4176   c_w.l
      4186        288          0          0          0       2496   fz_ws.l
      1164        114        160          0          0        636   m_ws.l

    ----------------------------------------------------------------------
     11494        668        678          0         96       7308   Library Totals

    ----------------------------------------------------------------------

==============================================================================


      Code (inc. data)   RO Data    RW Data    ZI Data      Debug   

     27434       1416       3086       1424       2032     381940   Grand Totals
     27434       1416       3086        492       2032     381940   ELF Image Totals (compressed)
     27434       1416       3086        492          0          0   ROM Totals

==============================================================================

    Total RO  Size (Code + RO Data)                30520 (  29.80kB)
    Total RW  Size (RW Data + ZI Data)              3456 (   3.38kB)
    Total ROM Size (Code + RO Data + RW Data)      31012 (  30.29kB)

==============================================================================

