Component: ARM Compiler 5.05 update 1 (build 106) Tool: armlink [4d0efa]

==============================================================================

Section Cross References

    main.o(.text) refers to _printf_pad.o(.text) for _printf_pre_padding
    main.o(.text) refers to _printf_percent.o(.ARM.Collect$$_printf_percent$$00000000) for _printf_percent
    main.o(.text) refers to _printf_d.o(.ARM.Collect$$_printf_percent$$00000009) for _printf_d
    main.o(.text) refers to _printf_dec.o(.text) for _printf_int_dec
    main.o(.text) refers to delay.o(.text) for delay_init
    main.o(.text) refers to motor.o(.text) for GPIO_Configuration
    main.o(.text) refers to usart.o(.text) for uart_init
    main.o(.text) refers to adc.o(.text) for Adc_Init
    main.o(.text) refers to oled_i2c.o(.text) for I2C_Configuration
    main.o(.text) refers to __2sprintf.o(.text) for __2sprintf
    main.o(.text) refers to hc05.o(.text) for HC05_Init
    main.o(.text) refers to timer.o(.text) for TIM2_Int_Init
    main.o(.text) refers to fflt_clz.o(x$fpl$ffltu) for __aeabi_ui2f
    main.o(.text) refers to f2d.o(x$fpl$f2d) for __aeabi_f2d
    main.o(.text) refers to dmul.o(x$fpl$dmul) for __aeabi_dmul
    main.o(.text) refers to d2f.o(x$fpl$d2f) for __aeabi_d2f
    main.o(.text) refers to ffixu.o(x$fpl$ffixu) for __aeabi_f2uiz
    main.o(.text) refers to faddsub_clz.o(x$fpl$frsb) for __aeabi_frsub
    main.o(.text) refers to fmul.o(x$fpl$fmul) for __aeabi_fmul
    main.o(.text) refers to ffix.o(x$fpl$ffix) for __aeabi_f2iz
    main.o(.text) refers to timer.o(.data) for times
    main.o(.text) refers to main.o(.data) for times1
    main.o(.text) refers to usart2.o(.data) for USART2_RX_STA
    main.o(.text) refers to usart2.o(.bss) for USART2_RX_BUF
    delay.o(.text) refers to misc.o(.text) for SysTick_CLKSourceConfig
    delay.o(.text) refers to system_stm32f10x.o(.data) for SystemCoreClock
    delay.o(.text) refers to delay.o(.data) for fac_us
    motor.o(.text) refers to stm32f10x_rcc.o(.text) for RCC_APB2PeriphClockCmd
    motor.o(.text) refers to stm32f10x_gpio.o(.text) for GPIO_Init
    motor.o(.text) refers to stm32f10x_tim.o(.text) for TIM_TimeBaseInit
    motor.o(.text) refers to motor.o(.data) for t1
    usart.o(.text) refers (Special) to use_no_semi_2.o(.text) for __use_no_semihosting
    usart.o(.text) refers to stm32f10x_rcc.o(.text) for RCC_APB2PeriphClockCmd
    usart.o(.text) refers to stm32f10x_gpio.o(.text) for GPIO_Init
    usart.o(.text) refers to misc.o(.text) for NVIC_Init
    usart.o(.text) refers to stm32f10x_usart.o(.text) for USART_Init
    usart.o(.text) refers to dflt_clz.o(x$fpl$dflt) for __aeabi_i2d
    usart.o(.text) refers to dmul.o(x$fpl$dmul) for __aeabi_dmul
    usart.o(.text) refers to daddsub_clz.o(x$fpl$dadd) for __aeabi_dadd
    usart.o(.text) refers to usart.o(.data) for oycq_fifo
    usart.o(.bss) refers (Special) to use_no_semi_2.o(.text) for __use_no_semihosting
    usart.o(.data) refers (Special) to use_no_semi_2.o(.text) for __use_no_semihosting
    system_stm32f10x.o(.text) refers to system_stm32f10x.o(.data) for SystemCoreClock
    stm32f10x_rcc.o(.text) refers to stm32f10x_rcc.o(.data) for APBAHBPrescTable
    stm32f10x_gpio.o(.text) refers to stm32f10x_rcc.o(.text) for RCC_APB2PeriphResetCmd
    stm32f10x_i2c.o(.text) refers to stm32f10x_rcc.o(.text) for RCC_APB1PeriphResetCmd
    stm32f10x_tim.o(.text) refers to stm32f10x_rcc.o(.text) for RCC_APB2PeriphResetCmd
    stm32f10x_usart.o(.text) refers to stm32f10x_rcc.o(.text) for RCC_APB2PeriphResetCmd
    stm32f10x_adc.o(.text) refers to stm32f10x_rcc.o(.text) for RCC_APB2PeriphResetCmd
    startup_stm32f10x_hd.o(STACK) refers (Special) to heapauxi.o(.text) for __use_two_region_memory
    startup_stm32f10x_hd.o(HEAP) refers (Special) to heapauxi.o(.text) for __use_two_region_memory
    startup_stm32f10x_hd.o(RESET) refers (Special) to heapauxi.o(.text) for __use_two_region_memory
    startup_stm32f10x_hd.o(RESET) refers to startup_stm32f10x_hd.o(STACK) for __initial_sp
    startup_stm32f10x_hd.o(RESET) refers to startup_stm32f10x_hd.o(.text) for Reset_Handler
    startup_stm32f10x_hd.o(RESET) refers to stm32f10x_it.o(.text) for NMI_Handler
    startup_stm32f10x_hd.o(RESET) refers to timer.o(.text) for TIM2_IRQHandler
    startup_stm32f10x_hd.o(RESET) refers to usart2.o(.text) for TIM4_IRQHandler
    startup_stm32f10x_hd.o(RESET) refers to usart.o(.text) for USART1_IRQHandler
    startup_stm32f10x_hd.o(.text) refers (Special) to heapauxi.o(.text) for __use_two_region_memory
    startup_stm32f10x_hd.o(.text) refers to system_stm32f10x.o(.text) for SystemInit
    startup_stm32f10x_hd.o(.text) refers to __main.o(!!!main) for __main
    startup_stm32f10x_hd.o(.text) refers to startup_stm32f10x_hd.o(HEAP) for Heap_Mem
    startup_stm32f10x_hd.o(.text) refers to startup_stm32f10x_hd.o(STACK) for Stack_Mem
    timer.o(.text) refers to stm32f10x_rcc.o(.text) for RCC_APB1PeriphClockCmd
[...]
    tenpwrs_i                                0x08006344   Data          64  bigflt0.o(.constdata)
    locale$$data                             0x080063bc   Section       28  lc_numeric_c.o(locale$$data)
    __lcnum_c_name                           0x080063c0   Data           2  lc_numeric_c.o(locale$$data)
    __lcnum_c_start                          0x080063c8   Data           0  lc_numeric_c.o(locale$$data)
    __lcnum_c_point                          0x080063d4   Data           0  lc_numeric_c.o(locale$$data)
    __lcnum_c_thousands                      0x080063d6   Data           0  lc_numeric_c.o(locale$$data)
    __lcnum_c_grouping                       0x080063d7   Data           0  lc_numeric_c.o(locale$$data)
    locale$$data                             0x080063d8   Section      272  lc_ctype_c.o(locale$$data)
    __lcnum_c_end                            0x080063d8   Data           0  lc_numeric_c.o(locale$$data)
    __lcctype_c_name                         0x080063dc   Data           2  lc_ctype_c.o(locale$$data)
    __lcctype_c_start                        0x080063e4   Data           0  lc_ctype_c.o(locale$$data)
    __lcctype_c_end                          0x080064e8   Data           0  lc_ctype_c.o(locale$$data)
    .data                                    0x20000000   Section       57  main.o(.data)
    .data                                    0x2000003a   Section        4  delay.o(.data)
    fac_us                                   0x2000003a   Data           1  delay.o(.data)
    fac_ms                                   0x2000003c   Data           2  delay.o(.data)
    .data                                    0x2000003e   Section        2  motor.o(.data)
    .data                                    0x20000040   Section       29  usart.o(.data)
    oycq_fifo                                0x20000056   Data           7  usart.o(.data)
    .data                                    0x20000060   Section       20  system_stm32f10x.o(.data)
    .data                                    0x20000074   Section       20  stm32f10x_rcc.o(.data)
    APBAHBPrescTable                         0x20000074   Data          16  stm32f10x_rcc.o(.data)
    ADCPrescTable                            0x20000084   Data           4  stm32f10x_rcc.o(.data)
    .data                                    0x20000088   Section        8  timer.o(.data)
    .data                                    0x20000090   Section     1184  oled_i2c.o(.data)
    .data                                    0x20000530   Section        2  usart2.o(.data)
    .bss                                     0x20000538   Section      400  usart2.o(.bss)
    .bss                                     0x200006c8   Section       96  libspace.o(.bss)
    HEAP                                     0x20000728   Section      512  startup_stm32f10x_hd.o(HEAP)
    Heap_Mem                                 0x20000728   Data         512  startup_stm32f10x_hd.o(HEAP)
    STACK                                    0x20000928   Section     1024  startup_stm32f10x_hd.o(STACK)
    Stack_Mem                                0x20000928   Data        1024  startup_stm32f10x_hd.o(STACK)
    __initial_sp                             0x20000d28   Data           0  startup_stm32f10x_hd.o(STACK)

    Global Symbols

    Symbol Name                              Value     Ov Type        Size  Object(Section)

    BuildAttributes$$THM_ISAv4$P$D$K$B$S$PE$A:L22UL41UL21$X:L11$S22US41US21$IEEE1$IW$USESV6$~STKCKD$USESV7$~SHL$OTIME$ROPI$IEEEJ$EBA8$UX$STANDARDLIB$REQ8$PRES8$EABIv2 0x00000000   Number         0  anon$$obj.o ABSOLUTE
    __ARM_use_no_argv                        0x00000000   Number         0  main.o ABSOLUTE
    _printf_flags                            0x00000000   Number         0  printf_stubs.o ABSOLUTE
    _printf_return_value                     0x00000000   Number         0  printf_stubs.o ABSOLUTE
    _printf_sizespec                         0x00000000   Number         0  printf_stubs.o ABSOLUTE
    _printf_widthprec                        0x00000000   Number         0  printf_stubs.o ABSOLUTE
    __ARM_exceptions_init                     - Undefined Weak Reference
    __alloca_initialize                       - Undefined Weak Reference
    __arm_preinit_                            - Undefined Weak Reference
    __cpp_initialize__aeabi_                  - Undefined Weak Reference
    __cxa_finalize                            - Undefined Weak Reference
    __sigvec_lookup                           - Undefined Weak Reference
    _atexit_init                              - Undefined Weak Reference
    _call_atexit_fns                          - Undefined Weak Reference
    _clock_init                               - Undefined Weak Reference
    _fp_trap_init                             - Undefined Weak Reference
    _fp_trap_shutdown                         - Undefined Weak Reference
    _get_lc_collate                           - Undefined Weak Reference
    _get_lc_monetary                          - Undefined Weak Reference
    _get_lc_time                              - Undefined Weak Reference
    _getenv_init                              - Undefined Weak Reference
    _handle_redirection                       - Undefined Weak Reference
    _init_alloc                               - Undefined Weak Reference
    _init_user_alloc                          - Undefined Weak Reference
    _initio                                   - Undefined Weak Reference
    _mutex_acquire                            - Undefined Weak Reference
    _mutex_release                            - Undefined Weak Reference
    _printf_fp_hex                            - Undefined Weak Reference
    _printf_mbtowc                            - Undefined Weak Reference
    _printf_wc                                - Undefined Weak Reference
    _rand_init                                - Undefined Weak Reference
    _signal_finish                            - Undefined Weak Reference
    _signal_init                              - Undefined Weak Reference
    _terminate_alloc                          - Undefined Weak Reference
    _terminate_user_alloc                     - Undefined Weak Reference
    _terminateio                              - Undefined Weak Reference
    __Vectors_Size                           0x00000130   Number         0  startup_stm32f10x_hd.o ABSOLUTE
    __Vectors                                0x08000000   Data           4  startup_stm32f10x_hd.o(RESET)
    __Vectors_End                            0x08000130   Data           0  startup_stm32f10x_hd.o(RESET)
    __main                                   0x08000131   Thumb Code     8  __main.o(!!!main)
    __scatterload                            0x08000139   Thumb Code     0  __scatter.o(!!!scatter)
    __scatterload_rt2                        0x08000139   Thumb Code    44  __scatter.o(!!!scatter)
    __scatterload_rt2_thumb_only             0x08000139   Thumb Code     0  __scatter.o(!!!scatter)
    __scatterload_null                       0x08000147   Thumb Code     0  __scatter.o(!!!scatter)
    __decompress                             0x0800016d   Thumb Code    90  __dczerorl2.o(!!dczerorl2)
    __decompress1                            0x0800016d   Thumb Code     0  __dczerorl2.o(!!dczerorl2)
    __scatterload_zeroinit                   0x080001c9   Thumb Code    28  __scatter_zi.o(!!handler_zi)
    _printf_n                                0x080001e5   Thumb Code     0  _printf_n.o(.ARM.Collect$$_printf_percent$$00000001)
    _printf_percent                          0x080001e5   Thumb Code     0  _printf_percent.o(.ARM.Collect$$_printf_percent$$00000000)
    _printf_p                                0x080001eb   Thumb Code     0  _printf_p.o(.ARM.Collect$$_printf_percent$$00000002)
    _printf_f                                0x080001f1   Thumb Code     0  _printf_f.o(.ARM.Collect$$_printf_percent$$00000003)
    _printf_e                                0x080001f7   Thumb Code     0  _printf_e.o(.ARM.Collect$$_printf_percent$$00000004)
    _printf_g                                0x080001fd   Thumb Code     0  _printf_g.o(.ARM.Collect$$_printf_percent$$00000005)
    _printf_a                                0x08000203   Thumb Code     0  _printf_a.o(.ARM.Collect$$_printf_percent$$00000006)
    _printf_ll                               0x08000209   Thumb Code     0  _printf_ll.o(.ARM.Collect$$_printf_percent$$00000007)
    _printf_i                                0x08000213   Thumb Code     0  _printf_i.o(.ARM.Collect$$_printf_percent$$00000008)
    _printf_d                                0x08000219   Thumb Code     0  _printf_d.o(.ARM.Collect$$_printf_percent$$00000009)
    _printf_u                                0x0800021f   Thumb Code     0  _printf_u.o(.ARM.Collect$$_printf_percent$$0000000A)
    _printf_o                                0x08000225   Thumb Code     0  _printf_o.o(.ARM.Collect$$_printf_percent$$0000000B)
    _printf_x                                0x0800022b   Thumb Code     0  _printf_x.o(.ARM.Collect$$_printf_percent$$0000000C)
    _printf_lli                              0x08000231   Thumb Code     0  _printf_lli.o(.ARM.Collect$$_printf_percent$$0000000D)
    _printf_lld                              0x08000237   Thumb Code     0  _printf_lld.o(.ARM.Collect$$_printf_percent$$0000000E)
    _printf_llu                              0x0800023d   Thumb Code     0  _printf_llu.o(.ARM.Collect$$_printf_percent$$0000000F)
    _printf_llo                              0x08000243   Thumb Code     0  _printf_llo.o(.ARM.Collect$$_printf_percent$$00000010)
    _printf_llx                              0x08000249   Thumb Code     0  _printf_llx.o(.ARM.Collect$$_printf_percent$$00000011)
    _printf_l                                0x0800024f   Thumb Code     0  _printf_l.o(.ARM.Collect$$_printf_percent$$00000012)
    _printf_c                                0x08000259   Thumb Code     0  _printf_c.o(.ARM.Collect$$_printf_percent$$00000013)
    _printf_s                                0x0800025f   Thumb Code     0  _printf_s.o(.ARM.Collect$$_printf_percent$$00000014)
    _printf_lc                               0x08000265   Thumb Code     0  _printf_lc.o(.ARM.Collect$$_printf_percent$$00000015)
    _printf_ls                               0x0800026b   Thumb Code     0  _printf_ls.o(.ARM.Collect$$_printf_percent$$00000016)
    _printf_percent_end                      0x08000271   Thumb Code     0  _printf_percent_end.o(.ARM.Collect$$_printf_percent$$00000017)
    __rt_lib_init                            0x08000275   Thumb Code     0  libinit.o(.ARM.Collect$$libinit$$00000000)
    __rt_lib_init_fp_1                       0x08000277   Thumb Code     0  libinit2.o(.ARM.Collect$$libinit$$00000002)
    __rt_lib_init_heap_1                     0x08000277   Thumb Code     0  libinit2.o(.ARM.Collect$$libinit$$0000000A)
    __rt_lib_init_lc_common                  0x08000277   Thumb Code     0  libinit2.o(.ARM.Collect$$libinit$$0000000F)
    __rt_lib_init_preinit_1                  0x08000277   Thumb Code     0  libinit2.o(.ARM.Collect$$libinit$$00000004)
    __rt_lib_init_rand_1                     0x08000277   Thumb Code     0  libinit2.o(.ARM.Collect$$libinit$$0000000E)
    __rt_lib_init_user_alloc_1               0x08000277   Thumb Code     0  libinit2.o(.ARM.Collect$$libinit$$0000000C)
    __rt_lib_init_lc_collate_1               0x0800027d   Thumb Code     0  libinit2.o(.ARM.Collect$$libinit$$00000011)
    __rt_lib_init_lc_ctype_2                 0x0800027d   Thumb Code     0  libinit2.o(.ARM.Collect$$libinit$$00000012)
    __rt_lib_init_lc_ctype_1                 0x08000289   Thumb Code     0  libinit2.o(.ARM.Collect$$libinit$$00000013)
    __rt_lib_init_lc_monetary_1              0x08000289   Thumb Code     0  libinit2.o(.ARM.Collect$$libinit$$00000015)
    __rt_lib_init_lc_numeric_2               0x08000289   Thumb Code     0  libinit2.o(.ARM.Collect$$libinit$$00000016)
    __rt_lib_init_alloca_1                   0x08000293   Thumb Code     0  libinit2.o(.ARM.Collect$$libinit$$0000002E)
    __rt_lib_init_argv_1                     0x08000293   Thumb Code     0  libinit2.o(.ARM.Collect$$libinit$$0000002C)
    __rt_lib_init_atexit_1                   0x08000293   Thumb Code     0  libinit2.o(.ARM.Collect$$libinit$$0000001B)
    __rt_lib_init_clock_1                    0x08000293   Thumb Code     0  libinit2.o(.ARM.Collect$$libinit$$00000021)
    __rt_lib_init_cpp_1                      0x08000293   Thumb Code     0  libinit2.o(.ARM.Collect$$libinit$$00000032)
    __rt_lib_init_exceptions_1               0x08000293   Thumb Code     0  libinit2.o(.ARM.Collect$$libinit$$00000030)
    __rt_lib_init_fp_trap_1                  0x08000293   Thumb Code     0  libinit2.o(.ARM.Collect$$libinit$$0000001F)
    __rt_lib_init_getenv_1                   0x08000293   Thumb Code     0  libinit2.o(.ARM.Collect$$libinit$$00000023)
    __rt_lib_init_lc_numeric_1               0x08000293   Thumb Code     0  libinit2.o(.ARM.Collect$$libinit$$00000017)
    __rt_lib_init_lc_time_1                  0x08000293   Thumb Code     0  libinit2.o(.ARM.Collect$$libinit$$00000019)
    __rt_lib_init_return                     0x08000293   Thumb Code     0  libinit2.o(.ARM.Collect$$libinit$$00000033)
    __rt_lib_init_signal_1                   0x08000293   Thumb Code     0  libinit2.o(.ARM.Collect$$libinit$$0000001D)
    __rt_lib_init_stdio_1                    0x08000293   Thumb Code     0  libinit2.o(.ARM.Collect$$libinit$$00000025)
    __rt_lib_shutdown                        0x08000295   Thumb Code     0  libshutdown.o(.ARM.Collect$$libshutdown$$00000000)
    __rt_lib_shutdown_fp_trap_1              0x08000297   Thumb Code     0  libshutdown2.o(.ARM.Collect$$libshutdown$$00000006)
    __rt_lib_shutdown_heap_1                 0x08000297   Thumb Code     0  libshutdown2.o(.ARM.Collect$$libshutdown$$0000000E)
    __rt_lib_shutdown_return                 0x08000297   Thumb Code     0  libshutdown2.o(.ARM.Collect$$libshutdown$$0000000F)
    __rt_lib_shutdown_signal_1               0x08000297   Thumb Code     0  libshutdown2.o(.ARM.Collect$$libshutdown$$00000009)
    __rt_lib_shutdown_stdio_1                0x08000297   Thumb Code     0  libshutdown2.o(.ARM.Collect$$libshutdown$$00000003)
    __rt_lib_shutdown_user_alloc_1           0x08000297   Thumb Code     0  libshutdown2.o(.ARM.Collect$$libshutdown$$0000000B)
    __rt_entry                               0x08000299   Thumb Code     0  __rtentry.o(.ARM.Collect$$rtentry$$00000000)
    __rt_entry_presh_1                       0x08000299   Thumb Code     0  __rtentry2.o(.ARM.Collect$$rtentry$$00000002)
    __rt_entry_sh                            0x08000299   Thumb Code     0  __rtentry4.o(.ARM.Collect$$rtentry$$00000004)
    __rt_entry_li                            0x0800029f   Thumb Code     0  __rtentry2.o(.ARM.Collect$$rtentry$$0000000A)
    __rt_entry_postsh_1                      0x0800029f   Thumb Code     0  __rtentry2.o(.ARM.Collect$$rtentry$$00000009)
    __rt_entry_main                          0x080002a3   Thumb Code     0  __rtentry2.o(.ARM.Collect$$rtentry$$0000000D)
    __rt_entry_postli_1                      0x080002a3   Thumb Code     0  __rtentry2.o(.ARM.Collect$$rtentry$$0000000C)
    __rt_exit                                0x080002ab   Thumb Code     0  rtexit.o(.ARM.Collect$$rtexit$$00000000)
    __rt_exit_ls                             0x080002ad   Thumb Code     0  rtexit2.o(.ARM.Collect$$rtexit$$00000003)
    __rt_exit_prels_1                        0x080002ad   Thumb Code     0  rtexit2.o(.ARM.Collect$$rtexit$$00000002)
    __rt_exit_exit                           0x080002b1   Thumb Code     0  rtexit2.o(.ARM.Collect$$rtexit$$00000004)
    main                                     0x080002b9   Thumb Code   316  main.o(.text)
    delay_init                               0x08000465   Thumb Code    50  delay.o(.text)
    delay_us                                 0x08000497   Thumb Code    72  delay.o(.text)
    delay_ms                                 0x080004df   Thumb Code    72  delay.o(.text)
    GPIO_Configuration                       0x08000539   Thumb Code    64  motor.o(.text)
    PWM_Configuration                        0x08000579   Thumb Code   168  motor.o(.text)
    Pulse                                    0x08000621   Thumb Code   138  motor.o(.text)
    go                                       0x080006ab   Thumb Code    52  motor.o(.text)
    _sys_exit                                0x080006f5   Thumb Code     6  usart.o(.text)
    fputc                                    0x080006fb   Thumb Code    24  usart.o(.text)
    uart_init                                0x08000713   Thumb Code   152  usart.o(.text)
    change_fifo                              0x080007ab   Thumb Code   174  usart.o(.text)
    USART1_IRQHandler                        0x08000859   Thumb Code   120  usart.o(.text)
    NMI_Handler                              0x080008f5   Thumb Code     2  stm32f10x_it.o(.text)
    HardFault_Handler                        0x080008f7   Thumb Code     4  stm32f10x_it.o(.text)
    MemManage_Handler                        0x080008fb   Thumb Code     4  stm32f10x_it.o(.text)
    BusFault_Handler                         0x080008ff   Thumb Code     4  stm32f10x_it.o(.text)
    UsageFault_Handler                       0x08000903   Thumb Code     4  stm32f10x_it.o(.text)
    SVC_Handler                              0x08000907   Thumb Code     2  stm32f10x_it.o(.text)
    DebugMon_Handler                         0x08000909   Thumb Code     2  stm32f10x_it.o(.text)
    PendSV_Handler                           0x0800090b   Thumb Code     2  stm32f10x_it.o(.text)
    SysTick_Handler                          0x0800090d   Thumb Code     2  stm32f10x_it.o(.text)
    NVIC_PriorityGroupConfig                 0x08000911   Thumb Code    10  misc.o(.text)
    NVIC_Init                                0x0800091b   Thumb Code   100  misc.o(.text)
    NVIC_SetVectorTable                      0x0800097f   Thumb Code    14  misc.o(.text)
    NVIC_SystemLPConfig                      0x0800098d   Thumb Code    34  misc.o(.text)
    SysTick_CLKSourceConfig                  0x080009af   Thumb Code    40  misc.o(.text)
    SystemInit                               0x08000acb   Thumb Code    78  system_stm32f10x.o(.text)
    SystemCoreClockUpdate                    0x08000b19   Thumb Code   142  system_stm32f10x.o(.text)
    RCC_DeInit                               0x08000bcd   Thumb Code    64  stm32f10x_rcc.o(.text)
    RCC_HSEConfig                            0x08000c0d   Thumb Code    70  stm32f10x_rcc.o(.text)
    RCC_GetFlagStatus                        0x08000c53   Thumb Code    56  stm32f10x_rcc.o(.text)
    RCC_WaitForHSEStartUp                    0x08000c8b   Thumb Code    56  stm32f10x_rcc.o(.text)
    RCC_AdjustHSICalibrationValue            0x08000cc3   Thumb Code    20  stm32f10x_rcc.o(.text)
    RCC_HSICmd                               0x08000cd7   Thumb Code     6  stm32f10x_rcc.o(.text)
    RCC_PLLConfig                            0x08000cdd   Thumb Code    24  stm32f10x_rcc.o(.text)
    RCC_PLLCmd                               0x08000cf5   Thumb Code     6  stm32f10x_rcc.o(.text)
    RCC_SYSCLKConfig                         0x08000cfb   Thumb Code    18  stm32f10x_rcc.o(.text)
    RCC_GetSYSCLKSource                      0x08000d0d   Thumb Code    10  stm32f10x_rcc.o(.text)
    RCC_HCLKConfig                           0x08000d17   Thumb Code    18  stm32f10x_rcc.o(.text)
    RCC_PCLK1Config                          0x08000d29   Thumb Code    18  stm32f10x_rcc.o(.text)
    RCC_PCLK2Config                          0x08000d3b   Thumb Code    20  stm32f10x_rcc.o(.text)
    RCC_ITConfig                             0x08000d4f   Thumb Code    26  stm32f10x_rcc.o(.text)
    RCC_USBCLKConfig                         0x08000d69   Thumb Code     8  stm32f10x_rcc.o(.text)
    RCC_ADCCLKConfig                         0x08000d71   Thumb Code    18  stm32f10x_rcc.o(.text)
    RCC_LSEConfig                            0x08000d83   Thumb Code    50  stm32f10x_rcc.o(.text)
    RCC_LSICmd                               0x08000db5   Thumb Code     6  stm32f10x_rcc.o(.text)
    RCC_RTCCLKConfig                         0x08000dbb   Thumb Code    12  stm32f10x_rcc.o(.text)
    RCC_RTCCLKCmd                            0x08000dc7   Thumb Code     8  stm32f10x_rcc.o(.text)
    RCC_GetClocksFreq                        0x08000dcf   Thumb Code   192  stm32f10x_rcc.o(.text)
    RCC_AHBPeriphClockCmd                    0x08000e8f   Thumb Code    26  stm32f10x_rcc.o(.text)
    RCC_APB2PeriphClockCmd                   0x08000ea9   Thumb Code    26  stm32f10x_rcc.o(.text)
    RCC_APB1PeriphClockCmd                   0x08000ec3   Thumb Code    26  stm32f10x_rcc.o(.text)
    RCC_APB2PeriphResetCmd                   0x08000edd   Thumb Code    26  stm32f10x_rcc.o(.text)
    RCC_APB1PeriphResetCmd                   0x08000ef7   Thumb Code    26  stm32f10x_rcc.o(.text)
    RCC_BackupResetCmd                       0x08000f11   Thumb Code     8  stm32f10x_rcc.o(.text)
    RCC_ClockSecuritySystemCmd               0x08000f19   Thumb Code     6  stm32f10x_rcc.o(.text)
    RCC_MCOConfig                            0x08000f1f   Thumb Code     6  stm32f10x_rcc.o(.text)
    RCC_ClearFlag                            0x08000f25   Thumb Code    14  stm32f10x_rcc.o(.text)
    RCC_GetITStatus                          0x08000f33   Thumb Code    20  stm32f10x_rcc.o(.text)
    RCC_ClearITPendingBit                    0x08000f47   Thumb Code     6  stm32f10x_rcc.o(.text)
    GPIO_DeInit                              0x08000f71   Thumb Code   172  stm32f10x_gpio.o(.text)
    GPIO_AFIODeInit                          0x0800101d   Thumb Code    20  stm32f10x_gpio.o(.text)
    GPIO_Init                                0x08001031   Thumb Code   278  stm32f10x_gpio.o(.text)
    GPIO_StructInit                          0x08001147   Thumb Code    16  stm32f10x_gpio.o(.text)
    GPIO_ReadInputDataBit                    0x08001157   Thumb Code    18  stm32f10x_gpio.o(.text)
    GPIO_ReadInputData                       0x08001169   Thumb Code     8  stm32f10x_gpio.o(.text)
    GPIO_ReadOutputDataBit                   0x08001171   Thumb Code    18  stm32f10x_gpio.o(.text)
    GPIO_ReadOutputData                      0x08001183   Thumb Code     8  stm32f10x_gpio.o(.text)
    GPIO_SetBits                             0x0800118b   Thumb Code     4  stm32f10x_gpio.o(.text)
    GPIO_ResetBits                           0x0800118f   Thumb Code     4  stm32f10x_gpio.o(.text)
    GPIO_WriteBit                            0x08001193   Thumb Code    10  stm32f10x_gpio.o(.text)
    GPIO_Write                               0x0800119d   Thumb Code     4  stm32f10x_gpio.o(.text)
    GPIO_PinLockConfig                       0x080011a1   Thumb Code    18  stm32f10x_gpio.o(.text)
    GPIO_EventOutputConfig                   0x080011b3   Thumb Code    26  stm32f10x_gpio.o(.text)
    GPIO_EventOutputCmd                      0x080011cd   Thumb Code     6  stm32f10x_gpio.o(.text)
    GPIO_PinRemapConfig                      0x080011d3   Thumb Code   138  stm32f10x_gpio.o(.text)
    GPIO_EXTILineConfig                      0x0800125d   Thumb Code    66  stm32f10x_gpio.o(.text)
    GPIO_ETH_MediaInterfaceConfig            0x0800129f   Thumb Code     8  stm32f10x_gpio.o(.text)
    I2C_DeInit                               0x080012cd   Thumb Code    50  stm32f10x_i2c.o(.text)
    I2C_Init                                 0x080012ff   Thumb Code   222  stm32f10x_i2c.o(.text)
    I2C_StructInit                           0x080013dd   Thumb Code    30  stm32f10x_i2c.o(.text)
    I2C_Cmd                                  0x080013fb   Thumb Code    24  stm32f10x_i2c.o(.text)
    I2C_DMACmd                               0x08001413   Thumb Code    24  stm32f10x_i2c.o(.text)
    I2C_DMALastTransferCmd                   0x0800142b   Thumb Code    24  stm32f10x_i2c.o(.text)
    I2C_GenerateSTART                        0x08001443   Thumb Code    24  stm32f10x_i2c.o(.text)
    I2C_GenerateSTOP                         0x0800145b   Thumb Code    24  stm32f10x_i2c.o(.text)
    I2C_AcknowledgeConfig                    0x08001473   Thumb Code    24  stm32f10x_i2c.o(.text)
    I2C_OwnAddress2Config                    0x0800148b   Thumb Code    22  stm32f10x_i2c.o(.text)
    I2C_DualAddressCmd                       0x080014a1   Thumb Code    24  stm32f10x_i2c.o(.text)
    I2C_GeneralCallCmd                       0x080014b9   Thumb Code    24  stm32f10x_i2c.o(.text)
    I2C_ITConfig                             0x080014d1   Thumb Code    18  stm32f10x_i2c.o(.text)
    I2C_SendData                             0x080014e3   Thumb Code     4  stm32f10x_i2c.o(.text)
    I2C_ReceiveData                          0x080014e7   Thumb Code     8  stm32f10x_i2c.o(.text)
    I2C_Send7bitAddress                      0x080014ef   Thumb Code    18  stm32f10x_i2c.o(.text)
    I2C_ReadRegister                         0x08001501   Thumb Code    22  stm32f10x_i2c.o(.text)
    I2C_SoftwareResetCmd                     0x08001517   Thumb Code    22  stm32f10x_i2c.o(.text)
    I2C_NACKPositionConfig                   0x0800152d   Thumb Code    28  stm32f10x_i2c.o(.text)
    I2C_SMBusAlertConfig                     0x08001549   Thumb Code    28  stm32f10x_i2c.o(.text)
    I2C_TransmitPEC                          0x08001565   Thumb Code    24  stm32f10x_i2c.o(.text)
    I2C_PECPositionConfig                    0x0800157d   Thumb Code    28  stm32f10x_i2c.o(.text)
    I2C_CalculatePEC                         0x08001599   Thumb Code    24  stm32f10x_i2c.o(.text)
    I2C_GetPEC                               0x080015b1   Thumb Code     8  stm32f10x_i2c.o(.text)
    I2C_ARPCmd                               0x080015b9   Thumb Code    24  stm32f10x_i2c.o(.text)
    I2C_StretchClockCmd                      0x080015d1   Thumb Code    24  stm32f10x_i2c.o(.text)
    I2C_FastModeDutyCycleConfig              0x080015e9   Thumb Code    28  stm32f10x_i2c.o(.text)
    I2C_CheckEvent                           0x08001605   Thumb Code    42  stm32f10x_i2c.o(.text)
    I2C_GetLastEvent                         0x0800162f   Thumb Code    26  stm32f10x_i2c.o(.text)
    I2C_GetFlagStatus                        0x08001649   Thumb Code    58  stm32f10x_i2c.o(.text)
    I2C_ClearFlag                            0x08001683   Thumb Code    12  stm32f10x_i2c.o(.text)
    I2C_GetITStatus                          0x0800168f   Thumb Code    54  stm32f10x_i2c.o(.text)
    I2C_ClearITPendingBit                    0x080016c5   Thumb Code    12  stm32f10x_i2c.o(.text)
    TIM_DeInit                               0x080016d1   Thumb Code   424  stm32f10x_tim.o(.text)
    TIM_TimeBaseInit                         0x08001879   Thumb Code   122  stm32f10x_tim.o(.text)
    TIM_OC1Init                              0x080018f3   Thumb Code   132  stm32f10x_tim.o(.text)
    TIM_OC2Init                              0x08001977   Thumb Code   154  stm32f10x_tim.o(.text)
    TIM_OC3Init                              0x08001a11   Thumb Code   150  stm32f10x_tim.o(.text)
    TIM_OC4Init                              0x08001aa7   Thumb Code   182  stm32f10x_tim.o(.text)
    TIM_SetIC4Prescaler                      0x08001b5d   Thumb Code    26  stm32f10x_tim.o(.text)
    TIM_SetIC3Prescaler                      0x08001bf9   Thumb Code    18  stm32f10x_tim.o(.text)
    TIM_SetIC2Prescaler                      0x08001c85   Thumb Code    26  stm32f10x_tim.o(.text)
    TIM_SetIC1Prescaler                      0x08001d21   Thumb Code    18  stm32f10x_tim.o(.text)
    TIM_ICInit                               0x08001d9f   Thumb Code   150  stm32f10x_tim.o(.text)
    TIM_PWMIConfig                           0x08001e35   Thumb Code   124  stm32f10x_tim.o(.text)
    TIM_BDTRConfig                           0x08001eb1   Thumb Code    32  stm32f10x_tim.o(.text)
    TIM_TimeBaseStructInit                   0x08001ed1   Thumb Code    18  stm32f10x_tim.o(.text)
    TIM_OCStructInit                         0x08001ee3   Thumb Code    20  stm32f10x_tim.o(.text)
    TIM_ICStructInit                         0x08001ef7   Thumb Code    18  stm32f10x_tim.o(.text)
    TIM_BDTRStructInit                       0x08001f09   Thumb Code    40  stm32f10x_tim.o(.text)
    TIM_Cmd                                  0x08001f31   Thumb Code    24  stm32f10x_tim.o(.text)
    TIM_CtrlPWMOutputs                       0x08001f49   Thumb Code    30  stm32f10x_tim.o(.text)
    TIM_ITConfig                             0x08001f67   Thumb Code    18  stm32f10x_tim.o(.text)
    TIM_GenerateEvent                        0x08001f79   Thumb Code     4  stm32f10x_tim.o(.text)
    TIM_DMAConfig                            0x08001f7d   Thumb Code    10  stm32f10x_tim.o(.text)
    TIM_DMACmd                               0x08001f87   Thumb Code    18  stm32f10x_tim.o(.text)
    TIM_InternalClockConfig                  0x08001f99   Thumb Code    12  stm32f10x_tim.o(.text)
    TIM_SelectInputTrigger                   0x08001fa5   Thumb Code    18  stm32f10x_tim.o(.text)
    TIM_ITRxExternalClockConfig              0x08001fb7   Thumb Code    24  stm32f10x_tim.o(.text)
    TIM_TIxExternalClockConfig               0x08001fcf   Thumb Code    62  stm32f10x_tim.o(.text)
    TIM_ETRConfig                            0x0800200d   Thumb Code    28  stm32f10x_tim.o(.text)
    TIM_ETRClockMode1Config                  0x08002029   Thumb Code    54  stm32f10x_tim.o(.text)
    TIM_ETRClockMode2Config                  0x0800205f   Thumb Code    32  stm32f10x_tim.o(.text)
    TIM_PrescalerConfig                      0x0800207f   Thumb Code     6  stm32f10x_tim.o(.text)
    TIM_CounterModeConfig                    0x08002085   Thumb Code    18  stm32f10x_tim.o(.text)
    TIM_EncoderInterfaceConfig               0x08002097   Thumb Code    66  stm32f10x_tim.o(.text)
    TIM_ForcedOC1Config                      0x080020d9   Thumb Code    18  stm32f10x_tim.o(.text)
    TIM_ForcedOC2Config                      0x080020eb   Thumb Code    26  stm32f10x_tim.o(.text)
    TIM_ForcedOC3Config                      0x08002105   Thumb Code    18  stm32f10x_tim.o(.text)
    TIM_ForcedOC4Config                      0x08002117   Thumb Code    26  stm32f10x_tim.o(.text)
    TIM_ARRPreloadConfig                     0x08002131   Thumb Code    24  stm32f10x_tim.o(.text)
    TIM_SelectCOM                            0x08002149   Thumb Code    24  stm32f10x_tim.o(.text)
    TIM_SelectCCDMA                          0x08002161   Thumb Code    24  stm32f10x_tim.o(.text)
    TIM_CCPreloadControl                     0x08002179   Thumb Code    24  stm32f10x_tim.o(.text)
    TIM_OC1PreloadConfig                     0x08002191   Thumb Code    18  stm32f10x_tim.o(.text)
    TIM_OC2PreloadConfig                     0x080021a3   Thumb Code    26  stm32f10x_tim.o(.text)
    TIM_OC3PreloadConfig                     0x080021bd   Thumb Code    18  stm32f10x_tim.o(.text)
    TIM_OC4PreloadConfig                     0x080021cf   Thumb Code    26  stm32f10x_tim.o(.text)
    TIM_OC1FastConfig                        0x080021e9   Thumb Code    18  stm32f10x_tim.o(.text)
    TIM_OC2FastConfig                        0x080021fb   Thumb Code    26  stm32f10x_tim.o(.text)
    TIM_OC3FastConfig                        0x08002215   Thumb Code    18  stm32f10x_tim.o(.text)
    TIM_OC4FastConfig                        0x08002227   Thumb Code    26  stm32f10x_tim.o(.text)
    TIM_ClearOC1Ref                          0x08002241   Thumb Code    18  stm32f10x_tim.o(.text)
    TIM_ClearOC2Ref                          0x08002253   Thumb Code    24  stm32f10x_tim.o(.text)
    TIM_ClearOC3Ref                          0x0800226b   Thumb Code    18  stm32f10x_tim.o(.text)
    TIM_ClearOC4Ref                          0x0800227d   Thumb Code    24  stm32f10x_tim.o(.text)
    TIM_OC1PolarityConfig                    0x08002295   Thumb Code    18  stm32f10x_tim.o(.text)
    TIM_OC1NPolarityConfig                   0x080022a7   Thumb Code    18  stm32f10x_tim.o(.text)
    TIM_OC2PolarityConfig                    0x080022b9   Thumb Code    26  stm32f10x_tim.o(.text)
    TIM_OC2NPolarityConfig                   0x080022d3   Thumb Code    26  stm32f10x_tim.o(.text)
    TIM_OC3PolarityConfig                    0x080022ed   Thumb Code    26  stm32f10x_tim.o(.text)
    TIM_OC3NPolarityConfig                   0x08002307   Thumb Code    26  stm32f10x_tim.o(.text)
    TIM_OC4PolarityConfig                    0x08002321   Thumb Code    26  stm32f10x_tim.o(.text)
    TIM_CCxCmd                               0x0800233b   Thumb Code    30  stm32f10x_tim.o(.text)
    TIM_CCxNCmd                              0x08002359   Thumb Code    30  stm32f10x_tim.o(.text)
    TIM_SelectOCxM                           0x08002377   Thumb Code    82  stm32f10x_tim.o(.text)
    TIM_UpdateDisableConfig                  0x080023c9   Thumb Code    24  stm32f10x_tim.o(.text)
    TIM_UpdateRequestConfig                  0x080023e1   Thumb Code    24  stm32f10x_tim.o(.text)
    TIM_SelectHallSensor                     0x080023f9   Thumb Code    24  stm32f10x_tim.o(.text)
    TIM_SelectOnePulseMode                   0x08002411   Thumb Code    18  stm32f10x_tim.o(.text)
    TIM_SelectOutputTrigger                  0x08002423   Thumb Code    18  stm32f10x_tim.o(.text)
    TIM_SelectSlaveMode                      0x08002435   Thumb Code    18  stm32f10x_tim.o(.text)
    TIM_SelectMasterSlaveMode                0x08002447   Thumb Code    18  stm32f10x_tim.o(.text)
    TIM_SetCounter                           0x08002459   Thumb Code     4  stm32f10x_tim.o(.text)
    TIM_SetAutoreload                        0x0800245d   Thumb Code     4  stm32f10x_tim.o(.text)
    TIM_SetCompare1                          0x08002461   Thumb Code     4  stm32f10x_tim.o(.text)
    TIM_SetCompare2                          0x08002465   Thumb Code     4  stm32f10x_tim.o(.text)
    TIM_SetCompare3                          0x08002469   Thumb Code     4  stm32f10x_tim.o(.text)
    TIM_SetCompare4                          0x0800246d   Thumb Code     6  stm32f10x_tim.o(.text)
    TIM_SetClockDivision                     0x08002473   Thumb Code    18  stm32f10x_tim.o(.text)
    TIM_GetCapture1                          0x08002485   Thumb Code     6  stm32f10x_tim.o(.text)
    TIM_GetCapture2                          0x0800248b   Thumb Code     6  stm32f10x_tim.o(.text)
    TIM_GetCapture3                          0x08002491   Thumb Code     6  stm32f10x_tim.o(.text)
    TIM_GetCapture4                          0x08002497   Thumb Code     8  stm32f10x_tim.o(.text)
    TIM_GetCounter                           0x0800249f   Thumb Code     6  stm32f10x_tim.o(.text)
    TIM_GetPrescaler                         0x080024a5   Thumb Code     6  stm32f10x_tim.o(.text)
    TIM_GetFlagStatus                        0x080024ab   Thumb Code    18  stm32f10x_tim.o(.text)
    TIM_ClearFlag                            0x080024bd   Thumb Code     6  stm32f10x_tim.o(.text)
    TIM_GetITStatus                          0x080024c3   Thumb Code    34  stm32f10x_tim.o(.text)
    TIM_ClearITPendingBit                    0x080024e5   Thumb Code     6  stm32f10x_tim.o(.text)
    USART_DeInit                             0x080024ed   Thumb Code   134  stm32f10x_usart.o(.text)
    USART_Init                               0x08002573   Thumb Code   210  stm32f10x_usart.o(.text)
    USART_StructInit                         0x08002645   Thumb Code    24  stm32f10x_usart.o(.text)
    USART_ClockInit                          0x0800265d   Thumb Code    34  stm32f10x_usart.o(.text)
    USART_ClockStructInit                    0x0800267f   Thumb Code    12  stm32f10x_usart.o(.text)
    USART_Cmd                                0x0800268b   Thumb Code    24  stm32f10x_usart.o(.text)
    USART_ITConfig                           0x080026a3   Thumb Code    74  stm32f10x_usart.o(.text)
    USART_DMACmd                             0x080026ed   Thumb Code    18  stm32f10x_usart.o(.text)
    USART_SetAddress                         0x080026ff   Thumb Code    18  stm32f10x_usart.o(.text)
    USART_WakeUpConfig                       0x08002711   Thumb Code    18  stm32f10x_usart.o(.text)
    USART_ReceiverWakeUpCmd                  0x08002723   Thumb Code    24  stm32f10x_usart.o(.text)
    USART_LINBreakDetectLengthConfig         0x0800273b   Thumb Code    18  stm32f10x_usart.o(.text)
    USART_LINCmd                             0x0800274d   Thumb Code    24  stm32f10x_usart.o(.text)
    USART_SendData                           0x08002765   Thumb Code     8  stm32f10x_usart.o(.text)
    USART_ReceiveData                        0x0800276d   Thumb Code    10  stm32f10x_usart.o(.text)
    USART_SendBreak                          0x08002777   Thumb Code    10  stm32f10x_usart.o(.text)
    USART_SetGuardTime                       0x08002781   Thumb Code    16  stm32f10x_usart.o(.text)
    USART_SetPrescaler                       0x08002791   Thumb Code    16  stm32f10x_usart.o(.text)
    USART_SmartCardCmd                       0x080027a1   Thumb Code    24  stm32f10x_usart.o(.text)
    USART_SmartCardNACKCmd                   0x080027b9   Thumb Code    24  stm32f10x_usart.o(.text)
    USART_HalfDuplexCmd                      0x080027d1   Thumb Code    24  stm32f10x_usart.o(.text)
    USART_OverSampling8Cmd                   0x080027e9   Thumb Code    22  stm32f10x_usart.o(.text)
    USART_OneBitMethodCmd                    0x080027ff   Thumb Code    24  stm32f10x_usart.o(.text)
    USART_IrDAConfig                         0x08002817   Thumb Code    18  stm32f10x_usart.o(.text)
    USART_IrDACmd                            0x08002829   Thumb Code    24  stm32f10x_usart.o(.text)
    USART_GetFlagStatus                      0x08002841   Thumb Code    26  stm32f10x_usart.o(.text)
    USART_ClearFlag                          0x0800285b   Thumb Code    18  stm32f10x_usart.o(.text)
    USART_GetITStatus                        0x0800286d   Thumb Code    84  stm32f10x_usart.o(.text)
    USART_ClearITPendingBit                  0x080028c1   Thumb Code    52  stm32f10x_usart.o(.text)
    ADC_DeInit                               0x080028f5   Thumb Code    78  stm32f10x_adc.o(.text)
    ADC_Init                                 0x08002943   Thumb Code    70  stm32f10x_adc.o(.text)
    ADC_StructInit                           0x08002989   Thumb Code    18  stm32f10x_adc.o(.text)
    ADC_Cmd                                  0x0800299b   Thumb Code    22  stm32f10x_adc.o(.text)
    ADC_DMACmd                               0x080029b1   Thumb Code    22  stm32f10x_adc.o(.text)
    ADC_ITConfig                             0x080029c7   Thumb Code    24  stm32f10x_adc.o(.text)
    ADC_ResetCalibration                     0x080029df   Thumb Code    10  stm32f10x_adc.o(.text)
    ADC_GetResetCalibrationStatus            0x080029e9   Thumb Code    20  stm32f10x_adc.o(.text)
    ADC_StartCalibration                     0x080029fd   Thumb Code    10  stm32f10x_adc.o(.text)
    ADC_GetCalibrationStatus                 0x08002a07   Thumb Code    20  stm32f10x_adc.o(.text)
    ADC_SoftwareStartConvCmd                 0x08002a1b   Thumb Code    22  stm32f10x_adc.o(.text)
    ADC_GetSoftwareStartConvStatus           0x08002a31   Thumb Code    20  stm32f10x_adc.o(.text)
    ADC_DiscModeChannelCountConfig           0x08002a45   Thumb Code    24  stm32f10x_adc.o(.text)
    ADC_DiscModeCmd                          0x08002a5d   Thumb Code    22  stm32f10x_adc.o(.text)
    ADC_RegularChannelConfig                 0x08002a73   Thumb Code   184  stm32f10x_adc.o(.text)
    ADC_ExternalTrigConvCmd                  0x08002b2b   Thumb Code    22  stm32f10x_adc.o(.text)
    ADC_GetConversionValue                   0x08002b41   Thumb Code     8  stm32f10x_adc.o(.text)
    ADC_GetDualModeConversionValue           0x08002b49   Thumb Code     8  stm32f10x_adc.o(.text)
    ADC_AutoInjectedConvCmd                  0x08002b51   Thumb Code    22  stm32f10x_adc.o(.text)
    ADC_InjectedDiscModeCmd                  0x08002b67   Thumb Code    22  stm32f10x_adc.o(.text)
    ADC_ExternalTrigInjectedConvConfig       0x08002b7d   Thumb Code    16  stm32f10x_adc.o(.text)
    ADC_ExternalTrigInjectedConvCmd          0x08002b8d   Thumb Code    22  stm32f10x_adc.o(.text)
    ADC_SoftwareStartInjectedConvCmd         0x08002ba3   Thumb Code    22  stm32f10x_adc.o(.text)
    ADC_GetSoftwareStartInjectedConvCmdStatus 0x08002bb9   Thumb Code    20  stm32f10x_adc.o(.text)
    ADC_InjectedChannelConfig                0x08002bcd   Thumb Code   130  stm32f10x_adc.o(.text)
    ADC_InjectedSequencerLengthConfig        0x08002c4f   Thumb Code    24  stm32f10x_adc.o(.text)
    ADC_SetInjectedOffset                    0x08002c67   Thumb Code    20  stm32f10x_adc.o(.text)
    ADC_GetInjectedConversionValue           0x08002c7b   Thumb Code    28  stm32f10x_adc.o(.text)
    ADC_AnalogWatchdogCmd                    0x08002c97   Thumb Code    16  stm32f10x_adc.o(.text)
    ADC_AnalogWatchdogThresholdsConfig       0x08002ca7   Thumb Code     6  stm32f10x_adc.o(.text)
    ADC_AnalogWatchdogSingleChannelConfig    0x08002cad   Thumb Code    16  stm32f10x_adc.o(.text)
    ADC_TempSensorVrefintCmd                 0x08002cbd   Thumb Code    64  stm32f10x_adc.o(.text)
    ADC_GetFlagStatus                        0x08002cfd   Thumb Code    18  stm32f10x_adc.o(.text)
    ADC_ClearFlag                            0x08002d0f   Thumb Code     6  stm32f10x_adc.o(.text)
    ADC_GetITStatus                          0x08002d15   Thumb Code    36  stm32f10x_adc.o(.text)
    ADC_ClearITPendingBit                    0x08002d39   Thumb Code    10  stm32f10x_adc.o(.text)
    DMA_DeInit                               0x08002d45   Thumb Code   324  stm32f10x_dma.o(.text)
    DMA_Init                                 0x08002e89   Thumb Code    60  stm32f10x_dma.o(.text)
    DMA_StructInit                           0x08002ec5   Thumb Code    26  stm32f10x_dma.o(.text)
    DMA_Cmd                                  0x08002edf   Thumb Code    24  stm32f10x_dma.o(.text)
    DMA_ITConfig                             0x08002ef7   Thumb Code    18  stm32f10x_dma.o(.text)
    DMA_SetCurrDataCounter                   0x08002f09   Thumb Code     4  stm32f10x_dma.o(.text)
    DMA_GetCurrDataCounter                   0x08002f0d   Thumb Code     8  stm32f10x_dma.o(.text)
    DMA_GetFlagStatus                        0x08002f15   Thumb Code    40  stm32f10x_dma.o(.text)
    DMA_ClearFlag                            0x08002f3d   Thumb Code    22  stm32f10x_dma.o(.text)
    DMA_GetITStatus                          0x08002f53   Thumb Code    40  stm32f10x_dma.o(.text)
    DMA_ClearITPendingBit                    0x08002f7b   Thumb Code    22  stm32f10x_dma.o(.text)
    Reset_Handler                            0x08002f99   Thumb Code     8  startup_stm32f10x_hd.o(.text)
    ADC1_2_IRQHandler                        0x08002fb3   Thumb Code     0  startup_stm32f10x_hd.o(.text)
    ADC3_IRQHandler                          0x08002fb3   Thumb Code     0  startup_stm32f10x_hd.o(.text)
    CAN1_RX1_IRQHandler                      0x08002fb3   Thumb Code     0  startup_stm32f10x_hd.o(.text)
    CAN1_SCE_IRQHandler                      0x08002fb3   Thumb Code     0  startup_stm32f10x_hd.o(.text)
    DMA1_Channel1_IRQHandler                 0x08002fb3   Thumb Code     0  startup_stm32f10x_hd.o(.text)
    DMA1_Channel2_IRQHandler                 0x08002fb3   Thumb Code     0  startup_stm32f10x_hd.o(.text)
    DMA1_Channel3_IRQHandler                 0x08002fb3   Thumb Code     0  startup_stm32f10x_hd.o(.text)
    DMA1_Channel4_IRQHandler                 0x08002fb3   Thumb Code     0  startup_stm32f10x_hd.o(.text)
    DMA1_Channel5_IRQHandler                 0x08002fb3   Thumb Code     0  startup_stm32f10x_hd.o(.text)
    DMA1_Channel6_IRQHandler                 0x08002fb3   Thumb Code     0  startup_stm32f10x_hd.o(.text)
    DMA1_Channel7_IRQHandler                 0x08002fb3   Thumb Code     0  startup_stm32f10x_hd.o(.text)
    DMA2_Channel1_IRQHandler                 0x08002fb3   Thumb Code     0  startup_stm32f10x_hd.o(.text)
    DMA2_Channel2_IRQHandler                 0x08002fb3   Thumb Code     0  startup_stm32f10x_hd.o(.text)
    DMA2_Channel3_IRQHandler                 0x08002fb3   Thumb Code     0  startup_stm32f10x_hd.o(.text)
    DMA2_Channel4_5_IRQHandler               0x08002fb3   Thumb Code     0  startup_stm32f10x_hd.o(.text)
    EXTI0_IRQHandler                         0x08002fb3   Thumb Code     0  startup_stm32f10x_hd.o(.text)
    EXTI15_10_IRQHandler                     0x08002fb3   Thumb Code     0  startup_stm32f10x_hd.o(.text)
    EXTI1_IRQHandler                         0x08002fb3   Thumb Code     0  startup_stm32f10x_hd.o(.text)
    EXTI2_IRQHandler                         0x08002fb3   Thumb Code     0  startup_stm32f10x_hd.o(.text)
    EXTI3_IRQHandler                         0x08002fb3   Thumb Code     0  startup_stm32f10x_hd.o(.text)
    EXTI4_IRQHandler                         0x08002fb3   Thumb Code     0  startup_stm32f10x_hd.o(.text)
    EXTI9_5_IRQHandler                       0x08002fb3   Thumb Code     0  startup_stm32f10x_hd.o(.text)
    FLASH_IRQHandler                         0x08002fb3   Thumb Code     0  startup_stm32f10x_hd.o(.text)
    FSMC_IRQHandler                          0x08002fb3   Thumb Code     0  startup_stm32f10x_hd.o(.text)
    I2C1_ER_IRQHandler                       0x08002fb3   Thumb Code     0  startup_stm32f10x_hd.o(.text)
    I2C1_EV_IRQHandler                       0x08002fb3   Thumb Code     0  startup_stm32f10x_hd.o(.text)
    I2C2_ER_IRQHandler                       0x08002fb3   Thumb Code     0  startup_stm32f10x_hd.o(.text)
    I2C2_EV_IRQHandler                       0x08002fb3   Thumb Code     0  startup_stm32f10x_hd.o(.text)
    PVD_IRQHandler                           0x08002fb3   Thumb Code     0  startup_stm32f10x_hd.o(.text)
    RCC_IRQHandler                           0x08002fb3   Thumb Code     0  startup_stm32f10x_hd.o(.text)
    RTCAlarm_IRQHandler                      0x08002fb3   Thumb Code     0  startup_stm32f10x_hd.o(.text)
    RTC_IRQHandler                           0x08002fb3   Thumb Code     0  startup_stm32f10x_hd.o(.text)
    SDIO_IRQHandler                          0x08002fb3   Thumb Code     0  startup_stm32f10x_hd.o(.text)
    SPI1_IRQHandler                          0x08002fb3   Thumb Code     0  startup_stm32f10x_hd.o(.text)
    SPI2_IRQHandler                          0x08002fb3   Thumb Code     0  startup_stm32f10x_hd.o(.text)
    SPI3_IRQHandler                          0x08002fb3   Thumb Code     0  startup_stm32f10x_hd.o(.text)
    TAMPER_IRQHandler                        0x08002fb3   Thumb Code     0  startup_stm32f10x_hd.o(.text)
    TIM1_BRK_IRQHandler                      0x08002fb3   Thumb Code     0  startup_stm32f10x_hd.o(.text)
    TIM1_CC_IRQHandler                       0x08002fb3   Thumb Code     0  startup_stm32f10x_hd.o(.text)
    TIM1_TRG_COM_IRQHandler                  0x08002fb3   Thumb Code     0  startup_stm32f10x_hd.o(.text)
    TIM1_UP_IRQHandler                       0x08002fb3   Thumb Code     0  startup_stm32f10x_hd.o(.text)
    TIM3_IRQHandler                          0x08002fb3   Thumb Code     0  startup_stm32f10x_hd.o(.text)
    TIM5_IRQHandler                          0x08002fb3   Thumb Code     0  startup_stm32f10x_hd.o(.text)
    TIM6_IRQHandler                          0x08002fb3   Thumb Code     0  startup_stm32f10x_hd.o(.text)
    TIM7_IRQHandler                          0x08002fb3   Thumb Code     0  startup_stm32f10x_hd.o(.text)
    TIM8_BRK_IRQHandler                      0x08002fb3   Thumb Code     0  startup_stm32f10x_hd.o(.text)
    TIM8_CC_IRQHandler                       0x08002fb3   Thumb Code     0  startup_stm32f10x_hd.o(.text)
    TIM8_TRG_COM_IRQHandler                  0x08002fb3   Thumb Code     0  startup_stm32f10x_hd.o(.text)
    TIM8_UP_IRQHandler                       0x08002fb3   Thumb Code     0  startup_stm32f10x_hd.o(.text)
    UART4_IRQHandler                         0x08002fb3   Thumb Code     0  startup_stm32f10x_hd.o(.text)
    UART5_IRQHandler                         0x08002fb3   Thumb Code     0  startup_stm32f10x_hd.o(.text)
    USART3_IRQHandler                        0x08002fb3   Thumb Code     0  startup_stm32f10x_hd.o(.text)
    USBWakeUp_IRQHandler                     0x08002fb3   Thumb Code     0  startup_stm32f10x_hd.o(.text)
    USB_HP_CAN1_TX_IRQHandler                0x08002fb3   Thumb Code     0  startup_stm32f10x_hd.o(.text)
    USB_LP_CAN1_RX0_IRQHandler               0x08002fb3   Thumb Code     0  startup_stm32f10x_hd.o(.text)
    WWDG_IRQHandler                          0x08002fb3   Thumb Code     0  startup_stm32f10x_hd.o(.text)
    __user_initial_stackheap                 0x08002fb5   Thumb Code     0  startup_stm32f10x_hd.o(.text)
    TIM2_Int_Init                            0x08002fd9   Thumb Code    92  timer.o(.text)
    TIM2_IRQHandler                          0x08003035   Thumb Code    32  timer.o(.text)
    I2C_Configuration                        0x08003059   Thumb Code   110  oled_i2c.o(.text)
    I2C_WriteByte                            0x080030c7   Thumb Code   126  oled_i2c.o(.text)
    WriteCmd                                 0x08003145   Thumb Code    14  oled_i2c.o(.text)
    WriteDat                                 0x08003153   Thumb Code    14  oled_i2c.o(.text)
    OLED_Init                                0x08003161   Thumb Code   178  oled_i2c.o(.text)
    OLED_SetPos                              0x08003213   Thumb Code    40  oled_i2c.o(.text)
    OLED_Fill                                0x0800323b   Thumb Code    58  oled_i2c.o(.text)
    OLED_CLS                                 0x08003275   Thumb Code    10  oled_i2c.o(.text)
    OLED_ON                                  0x0800327f   Thumb Code    22  oled_i2c.o(.text)
    OLED_OFF                                 0x08003295   Thumb Code    22  oled_i2c.o(.text)
    OLED_ShowStr                             0x080032ab   Thumb Code   228  oled_i2c.o(.text)
    OLED_ShowCN                              0x0800338f   Thumb Code    80  oled_i2c.o(.text)
    OLED_DrawBMP                             0x080033df   Thumb Code   116  oled_i2c.o(.text)
    Adc_Init                                 0x08003475   Thumb Code   132  adc.o(.text)
    Get_Adc                                  0x080034f9   Thumb Code    46  adc.o(.text)
    Get_Adc_Average                          0x08003527   Thumb Code    46  adc.o(.text)
    TIM4_Set                                 0x0800355d   Thumb Code    34  usart2.o(.text)
    USART2_IRQHandler                        0x0800357f   Thumb Code    82  usart2.o(.text)
    TIM4_Init                                0x080035d1   Thumb Code    82  usart2.o(.text)
    UART_DMA_Config                          0x08003623   Thumb Code    72  usart2.o(.text)
    USART2_Init                              0x0800366b   Thumb Code   204  usart2.o(.text)
    UART_DMA_Enable                          0x08003737   Thumb Code    32  usart2.o(.text)
    u2_printf                                0x08003757   Thumb Code    56  usart2.o(.text)
    TIM4_IRQHandler                          0x0800378f   Thumb Code    40  usart2.o(.text)
    HC05_Init                                0x080037d5   Thumb Code   180  hc05.o(.text)
    HC05_Get_Role                            0x08003889   Thumb Code   124  hc05.o(.text)
    HC05_Set_Cmd                             0x08003905   Thumb Code   128  hc05.o(.text)
    HC05_CFG_CMD                             0x08003985   Thumb Code    94  hc05.o(.text)
    __use_no_semihosting                     0x08003a1d   Thumb Code     2  use_no_semi_2.o(.text)
    __c89vsprintf                            0x08003a21   Thumb Code    32  c89vsprintf.o(.text)
    __2printf                                0x08003a45   Thumb Code    20  __2printf.o(.text)
    __2sprintf                               0x08003a5d   Thumb Code    38  __2sprintf.o(.text)
    _printf_pre_padding                      0x08003a89   Thumb Code    44  _printf_pad.o(.text)
    _printf_post_padding                     0x08003ab5   Thumb Code    34  _printf_pad.o(.text)
    _printf_str                              0x08003ad7   Thumb Code    82  _printf_str.o(.text)
    _printf_int_dec                          0x08003b29   Thumb Code   104  _printf_dec.o(.text)
    __printf                                 0x08003ba1   Thumb Code   388  __printf_flags_ss_wp.o(.text)
    strlen                                   0x08003d29   Thumb Code    62  strlen.o(.text)
    __use_two_region_memory                  0x08003d67   Thumb Code     2  heapauxi.o(.text)
    __rt_heap_escrow$2region                 0x08003d69   Thumb Code     2  heapauxi.o(.text)
    __rt_heap_expand$2region                 0x08003d6b   Thumb Code     2  heapauxi.o(.text)
    __I$use$semihosting                      0x08003d6d   Thumb Code     0  use_no_semi.o(.text)
    __use_no_semihosting_swi                 0x08003d6d   Thumb Code     2  use_no_semi.o(.text)
    _printf_truncate_signed                  0x08003d6f   Thumb Code    18  _printf_truncate.o(.text)
    _printf_truncate_unsigned                0x08003d81   Thumb Code    18  _printf_truncate.o(.text)
    _printf_int_common                       0x08003d93   Thumb Code   178  _printf_intcommon.o(.text)
    _printf_charcount                        0x08003e45   Thumb Code    40  _printf_charcount.o(.text)
    _printf_char_common                      0x08003e77   Thumb Code    32  _printf_char_common.o(.text)
    _sputc                                   0x08003e9d   Thumb Code    10  _sputc.o(.text)
    _printf_cs_common                        0x08003ea7   Thumb Code    20  _printf_char.o(.text)
    _printf_char                             0x08003ebb   Thumb Code    16  _printf_char.o(.text)
    _printf_string                           0x08003ecb   Thumb Code     8  _printf_char.o(.text)
    _printf_char_file                        0x08003ed5   Thumb Code    32  _printf_char_file.o(.text)
    _printf_wctomb                           0x08003ef9   Thumb Code   182  _printf_wctomb.o(.text)
    _printf_longlong_dec                     0x08003fb5   Thumb Code   108  _printf_longlong_dec.o(.text)
    _printf_longlong_oct                     0x08004031   Thumb Code    68  _printf_oct_int_ll.o(.text)
    _printf_int_oct                          0x08004075   Thumb Code    24  _printf_oct_int_ll.o(.text)
    _printf_ll_oct                           0x0800408d   Thumb Code    12  _printf_oct_int_ll.o(.text)
    _printf_longlong_hex                     0x080040a1   Thumb Code    86  _printf_hex_int_ll_ptr.o(.text)
    _printf_int_hex                          0x080040f7   Thumb Code    28  _printf_hex_int_ll_ptr.o(.text)
    _printf_ll_hex                           0x08004113   Thumb Code    12  _printf_hex_int_ll_ptr.o(.text)
    _printf_hex_ptr                          0x0800411f   Thumb Code    18  _printf_hex_int_ll_ptr.o(.text)
    _ll_udiv10                               0x08004135   Thumb Code   138  lludiv10.o(.text)
    __lib_sel_fp_printf                      0x080041bf   Thumb Code     2  _printf_fp_dec.o(.text)
    _printf_fp_dec_real                      0x0800436d   Thumb Code   620  _printf_fp_dec.o(.text)
    _printf_lcs_common                       0x080045d9   Thumb Code    20  _printf_wchar.o(.text)
    _printf_wchar                            0x080045ed   Thumb Code    16  _printf_wchar.o(.text)
    _printf_wstring                          0x080045fd   Thumb Code     8  _printf_wchar.o(.text)
    ferror                                   0x08004605   Thumb Code     8  ferror.o(.text)
    _wcrtomb                                 0x0800460d   Thumb Code    64  _wcrtomb.o(.text)
    __user_setup_stackheap                   0x0800464d   Thumb Code    74  sys_stackheap_outer.o(.text)
    __rt_ctype_table                         0x08004699   Thumb Code    16  rt_ctype_table.o(.text)
    __rt_locale                              0x080046a9   Thumb Code     8  rt_locale_intlibspace.o(.text)
    _printf_fp_infnan                        0x080046b1   Thumb Code   112  _printf_fp_infnan.o(.text)
    _btod_etento                             0x08004731   Thumb Code   216  bigflt0.o(.text)
    exit                                     0x0800480d   Thumb Code    12  exit.o(.text)
    __user_libspace                          0x08004819   Thumb Code     8  libspace.o(.text)
    __user_perproc_libspace                  0x08004819   Thumb Code     0  libspace.o(.text)
    __user_perthread_libspace                0x08004819   Thumb Code     0  libspace.o(.text)
    strcmp                                   0x08004821   Thumb Code   128  strcmpv7m.o(.text)
    _btod_d2e                                0x080048a1   Thumb Code    62  btod.o(CL$$btod_d2e)
    _d2e_denorm_low                          0x080048df   Thumb Code    70  btod.o(CL$$btod_d2e_denorm_low)
    _d2e_norm_op1                            0x08004925   Thumb Code    96  btod.o(CL$$btod_d2e_norm_op1)
    __btod_div_common                        0x08004985   Thumb Code   696  btod.o(CL$$btod_div_common)
    _e2e                                     0x08004cbd   Thumb Code   198  btod.o(CL$$btod_e2e)
    _btod_ediv                               0x08004d83   Thumb Code    40  btod.o(CL$$btod_ediv)
    _btod_emul                               0x08004dab   Thumb Code    40  btod.o(CL$$btod_emul)
    __btod_mult_common                       0x08004dd3   Thumb Code   580  btod.o(CL$$btod_mult_common)
    __ARM_fpclassify                         0x08005017   Thumb Code    40  fpclassify.o(i.__ARM_fpclassify)
    _is_digit                                0x0800503f   Thumb Code    14  __printf_wp.o(i._is_digit)
    _get_lc_numeric                          0x0800504d   Thumb Code    44  lc_numeric_c.o(locale$$code)
    _get_lc_ctype                            0x08005079   Thumb Code    44  lc_ctype_c.o(locale$$code)
    __aeabi_d2f                              0x080050a5   Thumb Code     0  d2f.o(x$fpl$d2f)
    _d2f                                     0x080050a5   Thumb Code    98  d2f.o(x$fpl$d2f)
    __aeabi_dadd                             0x08005109   Thumb Code     0  daddsub_clz.o(x$fpl$dadd)
    _dadd                                    0x08005109   Thumb Code   332  daddsub_clz.o(x$fpl$dadd)
    __aeabi_i2d                              0x08005259   Thumb Code     0  dflt_clz.o(x$fpl$dflt)
    _dflt                                    0x08005259   Thumb Code    46  dflt_clz.o(x$fpl$dflt)
    __aeabi_dmul                             0x08005289   Thumb Code     0  dmul.o(x$fpl$dmul)
    _dmul                                    0x08005289   Thumb Code   332  dmul.o(x$fpl$dmul)
    __fpl_dnaninf                            0x080053dd   Thumb Code   156  dnaninf.o(x$fpl$dnaninf)
    __fpl_dretinf                            0x08005479   Thumb Code    12  dretinf.o(x$fpl$dretinf)
    __aeabi_dsub                             0x08005485   Thumb Code     0  daddsub_clz.o(x$fpl$dsub)
    _dsub                                    0x08005485   Thumb Code   464  daddsub_clz.o(x$fpl$dsub)
    __aeabi_f2d                              0x08005659   Thumb Code     0  f2d.o(x$fpl$f2d)
    _f2d                                     0x08005659   Thumb Code    86  f2d.o(x$fpl$f2d)
    __aeabi_fadd                             0x080056b1   Thumb Code     0  faddsub_clz.o(x$fpl$fadd)
    _fadd                                    0x080056b1   Thumb Code   196  faddsub_clz.o(x$fpl$fadd)
    __aeabi_f2iz                             0x08005775   Thumb Code     0  ffix.o(x$fpl$ffix)
    _ffix                                    0x08005775   Thumb Code    54  ffix.o(x$fpl$ffix)
    __aeabi_f2uiz                            0x080057ad   Thumb Code     0  ffixu.o(x$fpl$ffixu)
    _ffixu                                   0x080057ad   Thumb Code    62  ffixu.o(x$fpl$ffixu)
    __aeabi_ui2f                             0x080057ed   Thumb Code     0  fflt_clz.o(x$fpl$ffltu)
    _ffltu                                   0x080057ed   Thumb Code    38  fflt_clz.o(x$fpl$ffltu)
    __aeabi_fmul                             0x08005815   Thumb Code     0  fmul.o(x$fpl$fmul)
    _fmul                                    0x08005815   Thumb Code   258  fmul.o(x$fpl$fmul)
    __fpl_fnaninf                            0x08005917   Thumb Code   140  fnaninf.o(x$fpl$fnaninf)
    __fpl_fretinf                            0x080059a3   Thumb Code    10  fretinf.o(x$fpl$fretinf)
    __aeabi_frsub                            0x080059ad   Thumb Code     0  faddsub_clz.o(x$fpl$frsb)
    _frsb                                    0x080059ad   Thumb Code    20  faddsub_clz.o(x$fpl$frsb)
    __aeabi_fsub                             0x080059c1   Thumb Code     0  faddsub_clz.o(x$fpl$fsub)
    _fsub                                    0x080059c1   Thumb Code   234  faddsub_clz.o(x$fpl$fsub)
    _printf_fp_dec                           0x08005aab   Thumb Code     4  printf1.o(x$fpl$printf1)
    F6x8                                     0x08005aae   Data         552  oled_i2c.o(.constdata)
    __I$use$fp                               0x08005aae   Number         0  usenofp.o(x$fpl$usenofp)
    F8X16                                    0x08005cd6   Data        1520  oled_i2c.o(.constdata)
    Region$$Table$$Base                      0x0800639c   Number         0  anon$$obj.o(Region$$Table)
    Region$$Table$$Limit                     0x080063bc   Number         0  anon$$obj.o(Region$$Table)
    __ctype                                  0x080063e5   Data           0  lc_ctype_c.o(locale$$data)
    Control                                  0x20000000   Data          36  main.o(.data)
    times1                                   0x20000024   Data           4  main.o(.data)
    times2                                   0x20000028   Data           4  main.o(.data)
    tempv                                    0x2000002c   Data           4  main.o(.data)
    k1                                       0x20000030   Data           4  main.o(.data)
    k2                                       0x20000034   Data           4  main.o(.data)
    Statue                                   0x20000038   Data           1  main.o(.data)
    t1                                       0x2000003e   Data           1  motor.o(.data)
    t2                                       0x2000003f   Data           1  motor.o(.data)
    xx                                       0x20000040   Data           8  usart.o(.data)
    yy                                       0x20000048   Data           8  usart.o(.data)
    __stdout                                 0x20000050   Data           4  usart.o(.data)
    USART_RX_STA                             0x20000054   Data           2  usart.o(.data)
    SystemCoreClock                          0x20000060   Data           4  system_stm32f10x.o(.data)
    AHBPrescTable                            0x20000064   Data          16  system_stm32f10x.o(.data)
    way                                      0x20000088   Data           4  timer.o(.data)
    times                                    0x2000008c   Data           4  timer.o(.data)
    F16x16                                   0x20000090   Data         160  oled_i2c.o(.data)
    BMP1                                     0x20000130   Data        1024  oled_i2c.o(.data)
    USART2_RX_STA                            0x20000530   Data           2  usart2.o(.data)
    USART2_TX_BUF                            0x20000538   Data         200  usart2.o(.bss)
    USART2_RX_BUF                            0x20000600   Data         200  usart2.o(.bss)
    __libspace_start                         0x200006c8   Data          96  libspace.o(.bss)
    __temporary_stack_top$libspace           0x20000728   Data           0  libspace.o(.bss)



==============================================================================

Memory Map of the image

  Image Entry point : 0x08000131

  Load Region LR_IROM1 (Base: 0x08000000, Size: 0x00006a1c, Max: 0x00010000, ABSOLUTE, COMPRESSED[0x000066b8])

    Execution Region ER_IROM1 (Base: 0x08000000, Size: 0x000064e8, Max: 0x00010000, ABSOLUTE)

    Base Addr    Size         Type   Attr      Idx    E Section Name        Object

    0x08000000   0x00000130   Data   RO          381    RESET               startup_stm32f10x_hd.o
    0x08000130   0x00000008   Code   RO          614  * !!!main             c_w.l(__main.o)
    0x08000138   0x00000034   Code   RO          958    !!!scatter          c_w.l(__scatter.o)
    0x0800016c   0x0000005a   Code   RO          956    !!dczerorl2         c_w.l(__dczerorl2.o)
    0x080001c6   0x00000002   PAD
    0x080001c8   0x0000001c   Code   RO          960    !!handler_zi        c_w.l(__scatter_zi.o)
    0x080001e4   0x00000000   Code   RO          609    .ARM.Collect$$_printf_percent$$00000000  c_w.l(_printf_percent.o)
    0x080001e4   0x00000006   Code   RO          714    .ARM.Collect$$_printf_percent$$00000001  c_w.l(_printf_n.o)
    0x080001ea   0x00000006   Code   RO          716    .ARM.Collect$$_printf_percent$$00000002  c_w.l(_printf_p.o)
    0x080001f0   0x00000006   Code   RO          720    .ARM.Collect$$_printf_percent$$00000003  c_w.l(_printf_f.o)
    0x080001f6   0x00000006   Code   RO          721    .ARM.Collect$$_printf_percent$$00000004  c_w.l(_printf_e.o)
    0x080001fc   0x00000006   Code   RO          722    .ARM.Collect$$_printf_percent$$00000005  c_w.l(_printf_g.o)
    0x08000202   0x00000006   Code   RO          723    .ARM.Collect$$_printf_percent$$00000006  c_w.l(_printf_a.o)
    0x08000208   0x0000000a   Code   RO          728    .ARM.Collect$$_printf_percent$$00000007  c_w.l(_printf_ll.o)
    0x08000212   0x00000006   Code   RO          718    .ARM.Collect$$_printf_percent$$00000008  c_w.l(_printf_i.o)
    0x08000218   0x00000006   Code   RO          608    .ARM.Collect$$_printf_percent$$00000009  c_w.l(_printf_d.o)
    0x0800021e   0x00000006   Code   RO          719    .ARM.Collect$$_printf_percent$$0000000A  c_w.l(_printf_u.o)
    0x08000224   0x00000006   Code   RO          717    .ARM.Collect$$_printf_percent$$0000000B  c_w.l(_printf_o.o)
    0x0800022a   0x00000006   Code   RO          715    .ARM.Collect$$_printf_percent$$0000000C  c_w.l(_printf_x.o)
    0x08000230   0x00000006   Code   RO          725    .ARM.Collect$$_printf_percent$$0000000D  c_w.l(_printf_lli.o)
    0x08000236   0x00000006   Code   RO          726    .ARM.Collect$$_printf_percent$$0000000E  c_w.l(_printf_lld.o)
    0x0800023c   0x00000006   Code   RO          727    .ARM.Collect$$_printf_percent$$0000000F  c_w.l(_printf_llu.o)
    0x08000242   0x00000006   Code   RO          732    .ARM.Collect$$_printf_percent$$00000010  c_w.l(_printf_llo.o)
    0x08000248   0x00000006   Code   RO          733    .ARM.Collect$$_printf_percent$$00000011  c_w.l(_printf_llx.o)
    0x0800024e   0x0000000a   Code   RO          729    .ARM.Collect$$_printf_percent$$00000012  c_w.l(_printf_l.o)
    0x08000258   0x00000006   Code   RO          713    .ARM.Collect$$_printf_percent$$00000013  c_w.l(_printf_c.o)
    0x0800025e   0x00000006   Code   RO          607    .ARM.Collect$$_printf_percent$$00000014  c_w.l(_printf_s.o)
    0x08000264   0x00000006   Code   RO          730    .ARM.Collect$$_printf_percent$$00000015  c_w.l(_printf_lc.o)
    0x0800026a   0x00000006   Code   RO          731    .ARM.Collect$$_printf_percent$$00000016  c_w.l(_printf_ls.o)
    0x08000270   0x00000004   Code   RO          724    .ARM.Collect$$_printf_percent$$00000017  c_w.l(_printf_percent_end.o)
    0x08000274   0x00000002   Code   RO          822    .ARM.Collect$$libinit$$00000000  c_w.l(libinit.o)
    0x08000276   0x00000000   Code   RO          838    .ARM.Collect$$libinit$$00000002  c_w.l(libinit2.o)
    0x08000276   0x00000000   Code   RO          840    .ARM.Collect$$libinit$$00000004  c_w.l(libinit2.o)
    0x08000276   0x00000000   Code   RO          843    .ARM.Collect$$libinit$$0000000A  c_w.l(libinit2.o)
    0x08000276   0x00000000   Code   RO          845    .ARM.Collect$$libinit$$0000000C  c_w.l(libinit2.o)
    0x08000276   0x00000000   Code   RO          847    .ARM.Collect$$libinit$$0000000E  c_w.l(libinit2.o)
    0x08000276   0x00000006   Code   RO          848    .ARM.Collect$$libinit$$0000000F  c_w.l(libinit2.o)
    0x0800027c   0x00000000   Code   RO          850    .ARM.Collect$$libinit$$00000011  c_w.l(libinit2.o)
    0x0800027c   0x0000000c   Code   RO          851    .ARM.Collect$$libinit$$00000012  c_w.l(libinit2.o)
    0x08000288   0x00000000   Code   RO          852    .ARM.Collect$$libinit$$00000013  c_w.l(libinit2.o)
    0x08000288   0x00000000   Code   RO          854    .ARM.Collect$$libinit$$00000015  c_w.l(libinit2.o)
    0x08000288   0x0000000a   Code   RO          855    .ARM.Collect$$libinit$$00000016  c_w.l(libinit2.o)
    0x08000292   0x00000000   Code   RO          856    .ARM.Collect$$libinit$$00000017  c_w.l(libinit2.o)
    0x08000292   0x00000000   Code   RO          858    .ARM.Collect$$libinit$$00000019  c_w.l(libinit2.o)
    0x08000292   0x00000000   Code   RO          860    .ARM.Collect$$libinit$$0000001B  c_w.l(libinit2.o)
    0x08000292   0x00000000   Code   RO          862    .ARM.Collect$$libinit$$0000001D  c_w.l(libinit2.o)
    0x08000292   0x00000000   Code   RO          864    .ARM.Collect$$libinit$$0000001F  c_w.l(libinit2.o)
    0x08000292   0x00000000   Code   RO          866    .ARM.Collect$$libinit$$00000021  c_w.l(libinit2.o)
    0x08000292   0x00000000   Code   RO          868    .ARM.Collect$$libinit$$00000023  c_w.l(libinit2.o)
    0x08000292   0x00000000   Code   RO          870    .ARM.Collect$$libinit$$00000025  c_w.l(libinit2.o)
    0x08000292   0x00000000   Code   RO          874    .ARM.Collect$$libinit$$0000002C  c_w.l(libinit2.o)
    0x08000292   0x00000000   Code   RO          876    .ARM.Collect$$libinit$$0000002E  c_w.l(libinit2.o)
    0x08000292   0x00000000   Code   RO          878    .ARM.Collect$$libinit$$00000030  c_w.l(libinit2.o)
    0x08000292   0x00000000   Code   RO          880    .ARM.Collect$$libinit$$00000032  c_w.l(libinit2.o)
    0x08000292   0x00000002   Code   RO          881    .ARM.Collect$$libinit$$00000033  c_w.l(libinit2.o)
    0x08000294   0x00000002   Code   RO          899    .ARM.Collect$$libshutdown$$00000000  c_w.l(libshutdown.o)
    0x08000296   0x00000000   Code   RO          910    .ARM.Collect$$libshutdown$$00000003  c_w.l(libshutdown2.o)
    0x08000296   0x00000000   Code   RO          913    .ARM.Collect$$libshutdown$$00000006  c_w.l(libshutdown2.o)
    0x08000296   0x00000000   Code   RO          916    .ARM.Collect$$libshutdown$$00000009  c_w.l(libshutdown2.o)
    0x08000296   0x00000000   Code   RO          918    .ARM.Collect$$libshutdown$$0000000B  c_w.l(libshutdown2.o)
    0x08000296   0x00000000   Code   RO          921    .ARM.Collect$$libshutdown$$0000000E  c_w.l(libshutdown2.o)
    0x08000296   0x00000002   Code   RO          922    .ARM.Collect$$libshutdown$$0000000F  c_w.l(libshutdown2.o)
    0x08000298   0x00000000   Code   RO          666    .ARM.Collect$$rtentry$$00000000  c_w.l(__rtentry.o)
    0x08000298   0x00000000   Code   RO          748    .ARM.Collect$$rtentry$$00000002  c_w.l(__rtentry2.o)
    0x08000298   0x00000006   Code   RO          760    .ARM.Collect$$rtentry$$00000004  c_w.l(__rtentry4.o)
    0x0800029e   0x00000000   Code   RO          750    .ARM.Collect$$rtentry$$00000009  c_w.l(__rtentry2.o)
    0x0800029e   0x00000004   Code   RO          751    .ARM.Collect$$rtentry$$0000000A  c_w.l(__rtentry2.o)
    0x080002a2   0x00000000   Code   RO          753    .ARM.Collect$$rtentry$$0000000C  c_w.l(__rtentry2.o)
    0x080002a2   0x00000008   Code   RO          754    .ARM.Collect$$rtentry$$0000000D  c_w.l(__rtentry2.o)
    0x080002aa   0x00000002   Code   RO          830    .ARM.Collect$$rtexit$$00000000  c_w.l(rtexit.o)
    0x080002ac   0x00000000   Code   RO          883    .ARM.Collect$$rtexit$$00000002  c_w.l(rtexit2.o)
    0x080002ac   0x00000004   Code   RO          884    .ARM.Collect$$rtexit$$00000003  c_w.l(rtexit2.o)
    0x080002b0   0x00000006   Code   RO          885    .ARM.Collect$$rtexit$$00000004  c_w.l(rtexit2.o)
    0x080002b6   0x00000002   PAD
    0x080002b8   0x000001ac   Code   RO            1    .text               main.o
    0x08000464   0x000000d4   Code   RO          157    .text               delay.o
    0x08000538   0x000001bc   Code   RO          171    .text               motor.o
    0x080006f4   0x00000200   Code   RO          190    .text               usart.o
    0x080008f4   0x0000001a   Code   RO          213    .text               stm32f10x_it.o
    0x0800090e   0x00000002   PAD
    0x08000910   0x000000dc   Code   RO          228    .text               misc.o
    0x080009ec   0x000001e0   Code   RO          240    .text               system_stm32f10x.o
    0x08000bcc   0x000003a4   Code   RO          258    .text               stm32f10x_rcc.o
    0x08000f70   0x0000035c   Code   RO          272    .text               stm32f10x_gpio.o
    0x080012cc   0x00000404   Code   RO          284    .text               stm32f10x_i2c.o
    0x080016d0   0x00000e1a   Code   RO          296    .text               stm32f10x_tim.o
    0x080024ea   0x00000002   PAD
    0x080024ec   0x00000408   Code   RO          308    .text               stm32f10x_usart.o
    0x080028f4   0x0000044e   Code   RO          320    .text               stm32f10x_adc.o
    0x08002d42   0x00000002   PAD
    0x08002d44   0x00000254   Code   RO          356    .text               stm32f10x_dma.o
    0x08002f98   0x00000040   Code   RO          382    .text               startup_stm32f10x_hd.o
    0x08002fd8   0x00000080   Code   RO          386    .text               timer.o
    0x08003058   0x0000041c   Code   RO          451    .text               oled_i2c.o
    0x08003474   0x000000e8   Code   RO          495    .text               adc.o
    0x0800355c   0x00000278   Code   RO          507    .text               usart2.o
    0x080037d4   0x00000248   Code   RO          549    .text               hc05.o
    0x08003a1c   0x00000002   Code   RO          567    .text               c_w.l(use_no_semi_2.o)
    0x08003a1e   0x00000002   PAD
    0x08003a20   0x00000024   Code   RO          569    .text               c_w.l(c89vsprintf.o)
    0x08003a44   0x00000018   Code   RO          571    .text               c_w.l(__2printf.o)
    0x08003a5c   0x0000002c   Code   RO          573    .text               c_w.l(__2sprintf.o)
    0x08003a88   0x0000004e   Code   RO          581    .text               c_w.l(_printf_pad.o)
    0x08003ad6   0x00000052   Code   RO          583    .text               c_w.l(_printf_str.o)
    0x08003b28   0x00000078   Code   RO          585    .text               c_w.l(_printf_dec.o)
    0x08003ba0   0x00000188   Code   RO          604    .text               c_w.l(__printf_flags_ss_wp.o)
    0x08003d28   0x0000003e   Code   RO          610    .text               c_w.l(strlen.o)
    0x08003d66   0x00000006   Code   RO          612    .text               c_w.l(heapauxi.o)
    0x08003d6c   0x00000002   Code   RO          664    .text               c_w.l(use_no_semi.o)
    0x08003d6e   0x00000024   Code   RO          667    .text               c_w.l(_printf_truncate.o)
    0x08003d92   0x000000b2   Code   RO          669    .text               c_w.l(_printf_intcommon.o)
    0x08003e44   0x00000028   Code   RO          671    .text               c_w.l(_printf_charcount.o)
    0x08003e6c   0x00000030   Code   RO          673    .text               c_w.l(_printf_char_common.o)
    0x08003e9c   0x0000000a   Code   RO          675    .text               c_w.l(_sputc.o)
    0x08003ea6   0x0000002c   Code   RO          677    .text               c_w.l(_printf_char.o)
    0x08003ed2   0x00000002   PAD
    0x08003ed4   0x00000024   Code   RO          679    .text               c_w.l(_printf_char_file.o)
    0x08003ef8   0x000000bc   Code   RO          681    .text               c_w.l(_printf_wctomb.o)
    0x08003fb4   0x0000007c   Code   RO          684    .text               c_w.l(_printf_longlong_dec.o)
    0x08004030   0x00000070   Code   RO          690    .text               c_w.l(_printf_oct_int_ll.o)
    0x080040a0   0x00000094   Code   RO          710    .text               c_w.l(_printf_hex_int_ll_ptr.o)
    0x08004134   0x0000008a   Code   RO          762    .text               c_w.l(lludiv10.o)
    0x080041be   0x0000041a   Code   RO          764    .text               c_w.l(_printf_fp_dec.o)
    0x080045d8   0x0000002c   Code   RO          768    .text               c_w.l(_printf_wchar.o)
    0x08004604   0x00000008   Code   RO          770    .text               c_w.l(ferror.o)
    0x0800460c   0x00000040   Code   RO          774    .text               c_w.l(_wcrtomb.o)
    0x0800464c   0x0000004a   Code   RO          776    .text               c_w.l(sys_stackheap_outer.o)
    0x08004696   0x00000002   PAD
    0x08004698   0x00000010   Code   RO          778    .text               c_w.l(rt_ctype_table.o)
    0x080046a8   0x00000008   Code   RO          783    .text               c_w.l(rt_locale_intlibspace.o)
    0x080046b0   0x00000080   Code   RO          785    .text               c_w.l(_printf_fp_infnan.o)
    0x08004730   0x000000dc   Code   RO          787    .text               c_w.l(bigflt0.o)
    0x0800480c   0x0000000c   Code   RO          815    .text               c_w.l(exit.o)
    0x08004818   0x00000008   Code   RO          827    .text               c_w.l(libspace.o)
    0x08004820   0x00000080   Code   RO          835    .text               c_w.l(strcmpv7m.o)
    0x080048a0   0x0000003e   Code   RO          790    CL$$btod_d2e        c_w.l(btod.o)
    0x080048de   0x00000046   Code   RO          792    CL$$btod_d2e_denorm_low  c_w.l(btod.o)
    0x08004924   0x00000060   Code   RO          791    CL$$btod_d2e_norm_op1  c_w.l(btod.o)
    0x08004984   0x00000338   Code   RO          800    CL$$btod_div_common  c_w.l(btod.o)
    0x08004cbc   0x000000c6   Code   RO          797    CL$$btod_e2e        c_w.l(btod.o)
    0x08004d82   0x00000028   Code   RO          794    CL$$btod_ediv       c_w.l(btod.o)
    0x08004daa   0x00000028   Code   RO          793    CL$$btod_emul       c_w.l(btod.o)
    0x08004dd2   0x00000244   Code   RO          799    CL$$btod_mult_common  c_w.l(btod.o)
    0x08005016   0x00000028   Code   RO          825    i.__ARM_fpclassify  m_ws.l(fpclassify.o)
    0x0800503e   0x0000000e   Code   RO          597    i._is_digit         c_w.l(__printf_wp.o)
    0x0800504c   0x0000002c   Code   RO          813    locale$$code        c_w.l(lc_numeric_c.o)
    0x08005078   0x0000002c   Code   RO          833    locale$$code        c_w.l(lc_ctype_c.o)
    0x080050a4   0x00000062   Code   RO          616    x$fpl$d2f           fz_ws.l(d2f.o)
    0x08005106   0x00000002   PAD
    0x08005108   0x00000150   Code   RO          618    x$fpl$dadd          fz_ws.l(daddsub_clz.o)
    0x08005258   0x0000002e   Code   RO          625    x$fpl$dflt          fz_ws.l(dflt_clz.o)
    0x08005286   0x00000002   PAD
    0x08005288   0x00000154   Code   RO          630    x$fpl$dmul          fz_ws.l(dmul.o)
    0x080053dc   0x0000009c   Code   RO          734    x$fpl$dnaninf       fz_ws.l(dnaninf.o)
    0x08005478   0x0000000c   Code   RO          736    x$fpl$dretinf       fz_ws.l(dretinf.o)
    0x08005484   0x000001d4   Code   RO          620    x$fpl$dsub          fz_ws.l(daddsub_clz.o)
    0x08005658   0x00000056   Code   RO          632    x$fpl$f2d           fz_ws.l(f2d.o)
    0x080056ae   0x00000002   PAD
    0x080056b0   0x000000c4   Code   RO          634    x$fpl$fadd          fz_ws.l(faddsub_clz.o)
    0x08005774   0x00000036   Code   RO          644    x$fpl$ffix          fz_ws.l(ffix.o)
    0x080057aa   0x00000002   PAD
    0x080057ac   0x0000003e   Code   RO          648    x$fpl$ffixu         fz_ws.l(ffixu.o)
    0x080057ea   0x00000002   PAD
    0x080057ec   0x00000026   Code   RO          652    x$fpl$ffltu         fz_ws.l(fflt_clz.o)
    0x08005812   0x00000002   PAD
    0x08005814   0x00000102   Code   RO          660    x$fpl$fmul          fz_ws.l(fmul.o)
    0x08005916   0x0000008c   Code   RO          740    x$fpl$fnaninf       fz_ws.l(fnaninf.o)
    0x080059a2   0x0000000a   Code   RO          742    x$fpl$fretinf       fz_ws.l(fretinf.o)
    0x080059ac   0x00000014   Code   RO          635    x$fpl$frsb          fz_ws.l(faddsub_clz.o)
    0x080059c0   0x000000ea   Code   RO          636    x$fpl$fsub          fz_ws.l(faddsub_clz.o)
    0x08005aaa   0x00000004   Code   RO          744    x$fpl$printf1       fz_ws.l(printf1.o)
    0x08005aae   0x00000000   Code   RO          746    x$fpl$usenofp       fz_ws.l(usenofp.o)
    0x08005aae   0x00000818   Data   RO          452    .constdata          oled_i2c.o
    0x080062c6   0x00000011   Data   RO          605    .constdata          c_w.l(__printf_flags_ss_wp.o)
    0x080062d7   0x00000001   PAD
    0x080062d8   0x00000008   Data   RO          682    .constdata          c_w.l(_printf_wctomb.o)
    0x080062e0   0x00000028   Data   RO          711    .constdata          c_w.l(_printf_hex_int_ll_ptr.o)
    0x08006308   0x00000094   Data   RO          788    .constdata          c_w.l(bigflt0.o)
    0x0800639c   0x00000020   Data   RO          954    Region$$Table       anon$$obj.o
    0x080063bc   0x0000001c   Data   RO          812    locale$$data        c_w.l(lc_numeric_c.o)
    0x080063d8   0x00000110   Data   RO          832    locale$$data        c_w.l(lc_ctype_c.o)


    Execution Region RW_IRAM1 (Base: 0x20000000, Size: 0x00000d28, Max: 0x00005000, ABSOLUTE, COMPRESSED[0x000001d0])

    Base Addr    Size         Type   Attr      Idx    E Section Name        Object

    0x20000000   0x00000039   Data   RW            3    .data               main.o
    0x20000039   0x00000001   PAD
    0x2000003a   0x00000004   Data   RW          158    .data               delay.o
    0x2000003e   0x00000002   Data   RW          172    .data               motor.o
    0x20000040   0x0000001d   Data   RW          192    .data               usart.o
    0x2000005d   0x00000003   PAD
    0x20000060   0x00000014   Data   RW          241    .data               system_stm32f10x.o
    0x20000074   0x00000014   Data   RW          259    .data               stm32f10x_rcc.o
    0x20000088   0x00000008   Data   RW          387    .data               timer.o
    0x20000090   0x000004a0   Data   RW          453    .data               oled_i2c.o
    0x20000530   0x00000002   Data   RW          509    .data               usart2.o
    0x20000532   0x00000006   PAD
    0x20000538   0x00000190   Zero   RW          508    .bss                usart2.o
    0x200006c8   0x00000060   Zero   RW          828    .bss                c_w.l(libspace.o)
    0x20000728   0x00000200   Zero   RW          380    HEAP                startup_stm32f10x_hd.o
    0x20000928   0x00000400   Zero   RW          379    STACK               startup_stm32f10x_hd.o


==============================================================================

Image component sizes


      Code (inc. data)   RO Data    RW Data    ZI Data      Debug   Object Name

       232          8          0          0          0       1059   adc.o
         0          0          0          0          0         32   core_cm3.o
       212         18          0          4          0        979   delay.o
       584         58          0          0          0       2056   hc05.o
       428        112          0         57          0     281162   main.o
       220         22          0          0          0       1837   misc.o
       444         22          0          2          0       1504   motor.o
      1052         34       2072       1184          0       3881   oled_i2c.o
        64         26        304          0       1536        880   startup_stm32f10x_hd.o
      1102         26          0          0          0      10865   stm32f10x_adc.o
       596          8          0          0          0       4366   stm32f10x_dma.o
       860         38          0          0          0       5677   stm32f10x_gpio.o
      1028         16          0          0          0       9143   stm32f10x_i2c.o
        26          0          0          0          0       1194   stm32f10x_it.o
       932         36          0         20          0       8848   stm32f10x_rcc.o
      3610         88          0          0          0      22164   stm32f10x_tim.o
      1032         22          0          0          0       8408   stm32f10x_usart.o
       480         38          0         20          0       1787   system_stm32f10x.o
       128          4          0          8          0       1012   timer.o
       512         36          0         29          0       3520   usart.o
       632         30          0          2        400       3581   usart2.o

    ----------------------------------------------------------------------
     14180        642       2408       1332       1940     373955   Object Totals
         0          0         32          0          0          0   (incl. Generated)
         6          0          0          6          4          0   (incl. Padding)

    ----------------------------------------------------------------------

      Code (inc. data)   RO Data    RW Data    ZI Data      Debug   Library Member Name

        24          4          0          0          0         84   __2printf.o
        44          6          0          0          0         84   __2sprintf.o
        90          0          0          0          0          0   __dczerorl2.o
         8          0          0          0          0         68   __main.o
       392          4         17          0          0         92   __printf_flags_ss_wp.o
        14          0          0          0          0         68   __printf_wp.o
         0          0          0          0          0          0   __rtentry.o
        12          0          0          0          0          0   __rtentry2.o
         6          0          0          0          0          0   __rtentry4.o
        52          8          0          0          0          0   __scatter.o
        28          0          0          0          0          0   __scatter_zi.o
         6          0          0          0          0          0   _printf_a.o
         6          0          0          0          0          0   _printf_c.o
        44          0          0          0          0        108   _printf_char.o
        48          6          0          0          0         96   _printf_char_common.o
        36          4          0          0          0         80   _printf_char_file.o
        40          0          0          0          0         68   _printf_charcount.o
         6          0          0          0          0          0   _printf_d.o
       120         16          0          0          0         92   _printf_dec.o
         6          0          0          0          0          0   _printf_e.o
         6          0          0          0          0          0   _printf_f.o
      1050          0          0          0          0        216   _printf_fp_dec.o
       128         16          0          0          0         84   _printf_fp_infnan.o
         6          0          0          0          0          0   _printf_g.o
       148          4         40          0          0        160   _printf_hex_int_ll_ptr.o
         6          0          0          0          0          0   _printf_i.o
       178          0          0          0          0         88   _printf_intcommon.o
        10          0          0          0          0          0   _printf_l.o
         6          0          0          0          0          0   _printf_lc.o
        10          0          0          0          0          0   _printf_ll.o
         6          0          0          0          0          0   _printf_lld.o
         6          0          0          0          0          0   _printf_lli.o
         6          0          0          0          0          0   _printf_llo.o
         6          0          0          0          0          0   _printf_llu.o
         6          0          0          0          0          0   _printf_llx.o
       124         16          0          0          0         92   _printf_longlong_dec.o
         6          0          0          0          0          0   _printf_ls.o
         6          0          0          0          0          0   _printf_n.o
         6          0          0          0          0          0   _printf_o.o
       112          8          0          0          0        124   _printf_oct_int_ll.o
         6          0          0          0          0          0   _printf_p.o
        78          0          0          0          0        108   _printf_pad.o
         0          0          0          0          0          0   _printf_percent.o
         4          0          0          0          0          0   _printf_percent_end.o
         6          0          0          0          0          0   _printf_s.o
        82          0          0          0          0         80   _printf_str.o
        36          0          0          0          0         84   _printf_truncate.o
         6          0          0          0          0          0   _printf_u.o
        44          0          0          0          0        108   _printf_wchar.o
       188          6          8          0          0         92   _printf_wctomb.o
         6          0          0          0          0          0   _printf_x.o
        10          0          0          0          0         68   _sputc.o
        64          0          0          0          0         92   _wcrtomb.o
       220          4        148          0          0         96   bigflt0.o
      1910        128          0          0          0        672   btod.o
        36          4          0          0          0         76   c89vsprintf.o
        12          0          0          0          0         72   exit.o
         8          0          0          0          0         68   ferror.o
         6          0          0          0          0        152   heapauxi.o
        44         10        272          0          0         76   lc_ctype_c.o
        44         10         28          0          0         76   lc_numeric_c.o
         2          0          0          0          0          0   libinit.o
        30          0          0          0          0          0   libinit2.o
         2          0          0          0          0          0   libshutdown.o
         2          0          0          0          0          0   libshutdown2.o
         8          4          0          0         96         68   libspace.o
       138          0          0          0          0         80   lludiv10.o
        16          4          0          0          0         76   rt_ctype_table.o
         8          4          0          0          0         68   rt_locale_intlibspace.o
         2          0          0          0          0          0   rtexit.o
        10          0          0          0          0          0   rtexit2.o
       128          0          0          0          0         68   strcmpv7m.o
        62          0          0          0          0         76   strlen.o
        74          0          0          0          0         80   sys_stackheap_outer.o
         2          0          0          0          0         68   use_no_semi.o
         2          0          0          0          0         68   use_no_semi_2.o
        98          4          0          0          0         92   d2f.o
       804         16          0          0          0        272   daddsub_clz.o
        46          0          0          0          0         68   dflt_clz.o
       340         12          0          0          0        104   dmul.o
       156          4          0          0          0         92   dnaninf.o
        12          0          0          0          0         68   dretinf.o
        86          4          0          0          0         84   f2d.o
       450          8          0          0          0        236   faddsub_clz.o
        54          4          0          0          0         84   ffix.o
        62          4          0          0          0         84   ffixu.o
        38          0          0          0          0         68   fflt_clz.o
       258          4          0          0          0         84   fmul.o
       140          4          0          0          0         84   fnaninf.o
        10          0          0          0          0         68   fretinf.o
         4          0          0          0          0         68   printf1.o
         0          0          0          0          0          0   usenofp.o
        40          0          0          0          0         68   fpclassify.o

    ----------------------------------------------------------------------
      8730        330        514          0         96       5800   Library Totals
        22          0          1          0          0          0   (incl. Padding)

    ----------------------------------------------------------------------

      Code (inc. data)   RO Data    RW Data    ZI Data      Debug   Library Name

      6110        266        513          0         96       4176   c_w.l
      2558         64          0          0          0       1556   fz_ws.l
        40          0          0          0          0         68   m_ws.l

    ----------------------------------------------------------------------
      8730        330        514          0         96       5800   Library Totals

    ----------------------------------------------------------------------

==============================================================================


      Code (inc. data)   RO Data    RW Data    ZI Data      Debug   

     22910        972       2922       1332       2036     374811   Grand Totals
     22910        972       2922        464       2036     374811   ELF Image Totals (compressed)
     22910        972       2922        464          0          0   ROM Totals

==============================================================================

    Total RO  Size (Code + RO Data)                25832 (  25.23kB)
    Total RW  Size (RW Data + ZI Data)              3368 (   3.29kB)
    Total ROM Size (Code + RO Data + RW Data)      26296 (  25.68kB)

==============================================================================

