<html>
<body>
<pre>
<h1>µVision Build Log</h1>
<h2>Tool Versions:</h2>
IDE-Version: ¦ÌVision V5.14.0.0
Copyright (C) 2015 ARM Ltd and ARM Germany GmbH. All rights reserved.
License Information: New Order, UESTC, LIC=GE774-FEK5W-QHF8A-1PZA7-P41UH-BQS84
 
Tool Versions:
Toolchain:       MDK-ARM Professional  Version: 5.14.0.0
Toolchain Path:  D:\Keil_v5\ARM\ARMCC\Bin
C Compiler:      Armcc.exe V5.05 update 1 (build 106)
Assembler:       Armasm.exe V5.05 update 1 (build 106)
Linker/Locator:  ArmLink.exe V5.05 update 1 (build 106)
Library Manager: ArmAr.exe V5.05 update 1 (build 106)
Hex Converter:   FromElf.exe V5.05 update 1 (build 106)
CPU DLL:         SARMCM3.DLL V5.14.0.0
Dialog DLL:      DCM.DLL V1.13.1.0
Target DLL:      Segger\JL2CM3.dll V2.99.13.0
Dialog DLL:      TCM.DLL V1.14.4.0
 
<h2>Project:</h2>
C:\Users\TF-PC\Desktop\EE&NE\EE-Project-CAR\Project\project.uvprojx
Project File Date:  10/31/2016

<h2>Output:</h2>
Build target 'GPIO'
compiling main.c...
..\HARDWARE\HMC\HMC5883L.h(9): warning:  #1-D: last line of file ends without a newline
  #endif
..\User\main.c(30): warning:  #177-D: variable "t" was declared but never referenced
        u8 t;
..\User\main.c(31): warning:  #177-D: variable "key" was declared but never referenced
        u8 key;
..\User\main.c(33): warning:  #177-D: variable "sendbuf" was declared but never referenced
        u8 sendbuf[20];   
..\User\main.c(37): warning:  #177-D: variable "i" was declared but never referenced
        unsigned char i;
..\User\main.c(42): warning:  #177-D: variable "display4" was declared but never referenced
        u8 display4[16];
..\User\main.c: 6 warnings, 0 errors
compiling motor.c...
compiling PID.C...
compiling usart2.c...
compiling HMC5883L.c...
..\HARDWARE\HMC\HMC5883L.h(9): warning:  #1-D: last line of file ends without a newline
  #endif
..\HARDWARE\HMC\HMC5883L.c(28): warning:  #68-D: integer conversion resulted in a change of sign
  short mb=32768;
..\HARDWARE\HMC\HMC5883L.c: 2 warnings, 0 errors
linking...
Program Size: Code=28070 RO-data=3082 RW-data=1440 ZI-data=2032  
FromELF: creating hex file...
".\Obj\project.axf" - 0 Error(s), 8 Warning(s).

<h2>Collection of Component include folders:</h2>
  C:\Users\TF-PC\Desktop\EE&NE\EE-Project-CAR\Project\RTE
  D:\Keil_v5\ARM\PACK\Keil\STM32F1xx_DFP\1.0.5\Device\Include

<h2>Collection of Component Files used:</h2>
</pre>
</body>
</html>
